LevelName	Status	LURD_Path	Runtime_ms	Pushes	Moves	GeneratedStates	ExpandedNodes	TotalChildren	EffectiveChildren	RepeatedNodes	Deadlocks	BranchingReal	BranchingEffective	BranchingClassic	Redundancy	ClosedListLength	PathStates	PathBoxLines	PathBoxChanges	PathBranchingRealTotalNodes	PathBranchingRealMin	PathBranchingRealMax	PathBranchingRealAvg	PathBranchingEffectiveTotalNodes	PathBranchingEffectiveMin	PathBranchingEffectiveMax	PathBranchingEffectiveAvg	PathTotalChildrenGenerated	PathRepeatedNodes	PathDeadlocks	PathRedundancy
1 - Lee J. Haywood - 1 [likes=3, dislikes=0, completion=0.847736625514403, like_ratio=1.0, like_rate=0.0123456790123457, tedium=3.2]	SOLVED	DDrdrruuLDuLdrrdLulllU	5.5378	8	22	42	42	840	257	39	82	20	6.11905	1.59553	21.5385	42	0	0	0	0	0.0	0.0	0.0	0	0.0	0.0	0.0	0	0	0	0.0
27 - Lee J. Haywood - 2 [likes=2, dislikes=0, completion=0.0580645161290323, like_ratio=1.0, like_rate=0.0064516129032258, tedium=9.33333333333333]	SOLVED	DurrrDulldlDuurrrdLullddlddrrrruUdLdllluurDuuulDrddldRuuuurrdDuLrdrddlULrU	10.6174	15	74	554	554	13296	1689	584	950	24	3.04874	1.5237	22.7671	554	0	0	0	0	0.0	0.0	0.0	0	0.0	0.0	0.0	0	0	0	0.0
4 - Lee J. Haywood - 3 [likes=3, dislikes=0, completion=0.591489361702128, like_ratio=1.0, like_rate=0.0127659574468085, tedium=7.25]	SOLVED	ruLulldRRdrruuLrddlluRuLdlluurDldRR	5.73099	10	35	37	37	592	72	30	66	16	1.94595	1.4349	19.7333	37	0	0	0	0	0.0	0.0	0.0	0	0.0	0.0	0.0	0	0	0	0.0
1 - Razorflame - 4 [likes=8, dislikes=0, completion=0.833948339483395, like_ratio=1.0, like_rate=0.029520295202952, tedium=7.57142857142857]	SOLVED	uLLuLDLDlddrruUddlUruUddlluluuurrDullddddrrruurrDullddlluluuurrdRddLrurUUddldlLdlUUUddrrruulDLrrdLdlU	9.58918	24	101	364	364	10192	1112	484	697	28	3.05495	1.27853	21.0579	364	0	0	0	0	0.0	0.0	0.0	0	0.0	0.0	0.0	0	0	0	0.0
2 - Razorflame - 5 [likes=5, dislikes=0, completion=0.471774193548387, like_ratio=1.0, like_rate=0.0201612903225806, tedium=13.0]	SOLVED	RRurrddLUlldRurruuuulldRullldRurrrDDDDlluRUUruLLLLdrRurrddlddrUluUruLLLdrrddrUU	13.155	27	79	1152	1152	23040	2549	932	1160	20	2.21267	1.29834	24.721	1152	0	0	0	0	0.0	0.0	0.0	0	0.0	0.0	0.0	0	0	0	0.0
4 - Razorflame - 6 [likes=5, dislikes=0, completion=0.705179282868526, like_ratio=1.0, like_rate=0.0199203187250996, tedium=11.6666666666667]	SOLVED	RRuurrrdLDuullddRDDldLurruuUdddRdLuuuuruLLdrrrdLDlddrUluUddrUUlURdrUdlddllldRRuuuuluLrdrruLL	17.261	28	92	1374	1374	32976	3627	1996	1730	24	2.63974	1.29441	16.521	1374	0	0	0	0	0.0	0.0	0.0	0	0.0	0.0	0.0	0	0	0	0.0
32 - Monry - 7 [likes=6, dislikes=0, completion=0.762135922330097, like_ratio=1.0, like_rate=0.029126213592233, tedium=12.6666666666667]	SOLVED	ulllDurrrdddlluUluRdddlUdrrruuLrddlluUdlU	5.33982	8	41	20	20	240	35	13	21	12	1.75	1.45422	18.4615	20	0	0	0	0	0.0	0.0	0.0	0	0.0	0.0	0.0	0	0	0	0.0
12 - Monry - 8 [likes=7, dislikes=0, completion=0.774774774774775, like_ratio=1.0, like_rate=0.0315315315315315, tedium=31.5]	SOLVED	llluurrUdllddrrrrrruullUUlLrrrruullDurrddlLddrrddlllllluurruuRR	5.95245	9	63	25	25	200	45	7	18	8	1.8	1.42997	28.5714	25	0	0	0	0	0.0	0.0	0.0	0	0.0	0.0	0.0	0	0	0	0.0
22 - Monry - 9 [likes=6, dislikes=0, completion=0.765765765765766, like_ratio=1.0, like_rate=0.027027027027027, tedium=53.5]	SOLVED	rrrdddrdrruLLLullddrUruuuurrrddlDuruulldldddlluRdrrdrruLLLUllddrUruUddrruuruulldLdddlluRdrUdrruuruulldlLurrrrddlddlluUddrruuruulllldRullldR	6.63429	20	139	74	74	592	123	76	71	8	1.66216	1.24011	7.78947	74	0	0	0	0	0.0	0.0	0.0	0	0.0	0.0	0.0	0	0	0	0.0
37 - Monry - 10 [likes=4, dislikes=0, completion=0.588932806324111, like_ratio=1.0, like_rate=0.0158102766798419, tedium=18.6666666666667]	SOLVED	ruLLdlUrrrruulLLrDurrddlLuululldRRRdddlluUddrruuululldRddRdrUU	6.94636	16	62	266	266	3192	450	290	224	12	1.69173	1.4176	11.0069	266	0	0	0	0	0.0	0.0	0.0	0	0.0	0.0	0.0	0	0	0	0.0
21 - Monry - 11 [likes=4, dislikes=0, completion=0.75107296137339, like_ratio=1.0, like_rate=0.0171673819742489, tedium=17.5]	SOLVED	LdlUUdrrUruulDlLddrrUdlluurRllLrrrurDllllLulD	5.7229	13	45	30	30	240	53	6	27	8	1.76667	1.29905	40	30	0	0	0	0	0.0	0.0	0.0	0	0.0	0.0	0.0	0	0	0	0.0
72 - Marko Dzekic - 12 [likes=5, dislikes=0, completion=0.817813765182186, like_ratio=1.0, like_rate=0.0202429149797571, tedium=7.0]	SOLVED	drrUdlluRuulDurrrdDuullddRlulDuurrD	5.43025	8	35	13	13	208	45	2	19	16	3.46154	1.37798	104	13	0	0	0	0	0.0	0.0	0.0	0	0.0	0.0	0.0	0	0	0	0.0
25 - Marko Dzekic - 13 [likes=4, dislikes=0, completion=0.935344827586207, like_ratio=1.0, like_rate=0.0172413793103448, tedium=3.33333333333333]	SOLVED	LulDrddrruLuurDD	5.85118	6	16	17	17	204	69	17	26	12	4.05882	1.60352	12	17	0	0	0	0	0.0	0.0	0.0	0	0.0	0.0	0.0	0	0	0	0.0
7 - Marko Dzekic - 14 [likes=3, dislikes=0, completion=0.930747922437673, like_ratio=1.0, like_rate=0.0083102493074792, tedium=5.0]	SOLVED	dddrUUddllluRUrrdLdlU	5.76866	7	21	12	12	144	44	7	31	12	3.66667	1.42616	20.5714	12	0	0	0	0	0.0	0.0	0.0	0	0.0	0.0	0.0	0	0	0	0.0
49 - Marko Dzekic - 15 [likes=3, dislikes=0, completion=0.80564263322884, like_ratio=1.0, like_rate=0.0094043887147335, tedium=7.5]	SOLVED	ullDurrdLddlluUddrrrUUlLrddlUU	5.70057	9	30	15	15	240	49	5	20	16	3.26667	1.35107	48	15	0	0	0	0	0.0	0.0	0.0	0	0.0	0.0	0.0	0	0	0	0.0
12 - Marko Dzekic - 16 [likes=3, dislikes=0, completion=0.895454545454546, like_ratio=1.0, like_rate=0.0136363636363636, tedium=5.0]	SOLVED	uLLDlddrUdrrULUdrUlLrddlluR	4.97742	11	27	19	19	380	43	5	23	20	2.26316	1.30692	76	19	0	0	0	0	0.0	0.0	0.0	0	0.0	0.0	0.0	0	0	0	0.0
204 - Marko Dzekic - 17 [likes=2, dislikes=0, completion=0.874458874458874, like_ratio=1.0, like_rate=0.0086580086580086, tedium=3.75]	SOLVED	ULuurrdDllulDurR	5.30776	6	16	10	10	160	35	0	9	16	3.5	1.4678	0	10	0	0	0	0	0.0	0.0	0.0	0	0.0	0.0	0.0	0	0	0	0.0
39 - Marko Dzekic - 18 [likes=4, dislikes=0, completion=0.581081081081081, like_ratio=1.0, like_rate=0.018018018018018, tedium=9.5]	SOLVED	lDulldddrrrUdllluuurrdDrdLuuurDlddLruuullddR	5.81309	8	44	29	29	464	77	20	54	16	2.65517	1.52335	23.2	29	0	0	0	0	0.0	0.0	0.0	0	0.0	0.0	0.0	0	0	0	0.0
15 - Marko Dzekic - 19 [likes=4, dislikes=0, completion=0.862068965517241, like_ratio=1.0, like_rate=0.0172413793103448, tedium=3.25]	SOLVED	lluRdrruUddlluUddrruuLL	5.15256	6	23	17	17	272	55	6	25	16	3.23529	1.60352	45.3333	17	0	0	0	0	0.0	0.0	0.0	0	0.0	0.0	0.0	0	0	0	0.0
22 - Marko Dzekic - 20 [likes=4, dislikes=0, completion=0.801169590643275, like_ratio=1.0, like_rate=0.0116959064327485, tedium=6.33333333333333]	SOLVED	rdLulDrrrddllUdrruuullldRdRluurD	6.3719	7	32	16	16	192	58	13	45	12	3.625	1.48599	14.7692	16	0	0	0	0	0.0	0.0	0.0	0	0.0	0.0	0.0	0	0	0	0.0
20 - Marko Dzekic - 21 [likes=4, dislikes=0, completion=0.869369369369369, like_ratio=1.0, like_rate=0.018018018018018, tedium=5.33333333333333]	SOLVED	rdLuuulldRurrddlUddLruuruL	6.36468	6	26	9	9	108	44	5	13	12	4.88889	1.44225	21.6	9	0	0	0	0	0.0	0.0	0.0	0	0.0	0.0	0.0	0	0	0	0.0
2 - Marko Dzekic - 22 [likes=4, dislikes=1, completion=0.869888475836431, like_ratio=0.8, like_rate=0.0148698884758364, tedium=6.0]	SOLVED	ulldddrrUUddrUUddllluRRdrUluLdlU	6.02986	10	32	29	29	464	97	15	32	16	3.34483	1.40036	30.9333	29	0	0	0	0	0.0	0.0	0.0	0	0.0	0.0	0.0	0	0	0	0.0
27 - Marko Dzekic - 23 [likes=3, dislikes=0, completion=0.941391941391941, like_ratio=1.0, like_rate=0.010989010989011, tedium=4.66666666666667]	SOLVED	dllUdrruuurDlddlluUddrUrurDllluR	5.32343	7	32	16	16	192	70	11	23	12	4.375	1.48599	17.4545	16	0	0	0	0	0.0	0.0	0.0	0	0.0	0.0	0.0	0	0	0	0.0
10 - Marko Dzekic - 24 [likes=4, dislikes=0, completion=0.888235294117647, like_ratio=1.0, like_rate=0.0117647058823529, tedium=3.75]	SOLVED	rrdDuurDDuullldRurrddlL	5.27179	6	23	10	10	160	47	6	9	16	4.7	1.4678	26.6667	10	0	0	0	0	0.0	0.0	0.0	0	0.0	0.0	0.0	0	0	0	0.0
1 - Thinking Rabbit - 25 [likes=5, dislikes=0, completion=0.891089108910891, like_ratio=1.0, like_rate=0.0247524752475248, tedium=15.25]	SOLVED	luuurrdLurrrrddddddlllluRdrruruuuuulllllldddrrRlluluurrrrrrdLLrrdddddllluRdrruuuuuulllllldddrrrRRldddrruuUUdllllluUrurrrrrdLulldLurrrdddllddRluurruuulldlLurrrrdddlldddrrUlluurruuulldllLrurrrrdLulldlldlUrrurrrdLrrddllddrrUdlluullluururrdLLLddrrrddrruUUdllllluururrrrrdLLLLL	12.2695	32	272	631	631	10096	2517	688	366	16	3.98891	1.22321	14.6744	631	0	0	0	0	0.0	0.0	0.0	0	0.0	0.0	0.0	0	0	0	0.0
5 - Thinking Rabbit - 26 [likes=6, dislikes=0, completion=0.826923076923077, like_ratio=1.0, like_rate=0.0288461538461538, tedium=5.75]	SOLVED	llddlDrdrUluuulDurrrdLulldlddrruUdLdldR	5.6715	8	39	34	34	544	184	22	93	16	5.41176	1.55394	24.7273	34	0	0	0	0	0.0	0.0	0.0	0	0.0	0.0	0.0	0	0	0	0.0
4 - Thinking Rabbit - 27 [likes=10, dislikes=0, completion=0.5260663507109, like_ratio=1.0, like_rate=0.04739336492891, tedium=12.5]	SOLVED	lLLUlDrrruLdllulldRRRRuLLuurDlddlluRdrrddlUrururrdLL	8.27463	17	52	405	405	6480	786	379	689	16	1.94074	1.42357	17.0976	405	0	0	0	0	0.0	0.0	0.0	0	0.0	0.0	0.0	0	0	0	0.0
No. 01-01 - Thinking Rabbit - 28 [likes=4, dislikes=1, completion=0.592105263157895, like_ratio=0.8, like_rate=0.0087719298245614, tedium=23.3333333333333]	SOLVED	dDDllddrrUUUruulldRdrrrrddllUdrruulLLUluRdlDDuuurRlddldllddrrUUUUluRdddlldRuruuuRddldlddrUUUUluR	6.41364	27	96	255	255	3060	347	52	196	12	1.36078	1.22781	58.8462	255	0	0	0	0	0.0	0.0	0.0	0	0.0	0.0	0.0	0	0	0	0.0
No. 02-01 - Thinking Rabbit - 29 [likes=2, dislikes=0, completion=0.552380952380952, like_ratio=1.0, like_rate=0.0095238095238095, tedium=16.0]	SOLVED	llddlluRdlddrUluururrrddrrdddllUlLdlluurDrrrRlllluluururrrddDuuullldldddrrrRuuuullldDrUluRddllddrUUddldR	7.70404	15	104	226	226	4520	759	235	526	20	3.35841	1.43529	19.234	226	0	0	0	0	0.0	0.0	0.0	0	0.0	0.0	0.0	0	0	0	0.0
No. 01-02 - Thinking Rabbit - 30 [likes=4, dislikes=0, completion=0.436170212765957, like_ratio=1.0, like_rate=0.0106382978723404, tedium=13.5]	SOLVED	urrdrUdlddrUUlulldRurDrruLLuurDlddlluRdrrddlUrururrdLL	8.38098	13	54	436	436	6976	904	393	698	16	2.07339	1.59602	17.7506	436	0	0	0	0	0.0	0.0	0.0	0	0.0	0.0	0.0	0	0	0	0.0
No. 01-03 - Thinking Rabbit - 31 [likes=2, dislikes=0, completion=0.565989847715736, like_ratio=1.0, like_rate=0.0050761421319797, tedium=6.6]	SOLVED	lllDldddrrrUlURlLrrUdddllluRurDuluurDrruL	8.16682	11	41	202	202	4040	1146	250	481	20	5.67327	1.62023	16.16	202	0	0	0	0	0.0	0.0	0.0	0	0.0	0.0	0.0	0	0	0	0.0
No. 02-10 - Thinking Rabbit - 32 [likes=8, dislikes=1, completion=0.411467116357504, like_ratio=0.888888888888889, like_rate=0.0134907251264755, tedium=9.16666666666667]	SOLVED	dRluuRlddrUrRdLrdrruLLuuurrdLDlddrruLullllddrUluRRlluurDldR	8.51841	16	59	495	495	11880	804	296	797	24	1.62424	1.47371	40.1351	495	0	0	0	0	0.0	0.0	0.0	0	0.0	0.0	0.0	0	0	0	0.0
No. 01-01 - Thinking Rabbit - 33 [likes=10, dislikes=1, completion=0.258958145137007, like_ratio=0.909090909090909, like_rate=0.0030111412225233, tedium=29.6666666666667]	SOLVED	rrDDDDrddlluRdrUluRRRdrUUdlllluuuullddRluurrdDDDrddlluRdrUluRRRdrUlllluuuulDldRurDDDrddlluRdrUluRRR	6.09289	32	99	131	131	1572	203	6	169	12	1.54962	1.16457	262	131	0	0	0	0	0.0	0.0	0.0	0	0.0	0.0	0.0	0	0	0	0.0
No. 01-10 - Thinking Rabbit - 34 [likes=8, dislikes=1, completion=0.493975903614458, like_ratio=0.888888888888889, like_rate=0.0096385542168674, tedium=7.2]	SOLVED	dRRRurruullDDLdlluRRRuulDDuurrrddLruulD	6.97934	14	39	165	165	3300	343	126	384	20	2.07879	1.4401	26.1905	165	0	0	0	0	0.0	0.0	0.0	0	0.0	0.0	0.0	0	0	0	0.0
No. 02-01 - Thinking Rabbit - 35 [likes=8, dislikes=1, completion=0.554830287206266, like_ratio=0.888888888888889, like_rate=0.010443864229765, tedium=14.25]	SOLVED	ullldllluluRdRRRRlllluurDldRdrrurRdrrULLLrrrruullDurrdLdLLrruulDrdL	7.54417	19	67	330	330	5280	594	267	509	16	1.8	1.35692	19.7753	330	0	0	0	0	0.0	0.0	0.0	0	0.0	0.0	0.0	0	0	0	0.0
No. 01-07 - Thinking Rabbit - 36 [likes=8, dislikes=1, completion=0.538363171355499, like_ratio=0.888888888888889, like_rate=0.010230179028133, tedium=15.8]	SOLVED	dddlUlLullDDDuuurrdrrdddlluLdLLrrrrruuullullddDrdLrrrruuuruulDrdLdddllulluuurrdLDlddrrrruuuLLrrdddlllluurDrdrruuullulDDlddRluuruulDDDurD	8.50594	25	136	351	351	7020	766	326	405	20	2.18234	1.26419	21.5337	351	0	0	0	0	0.0	0.0	0.0	0	0.0	0.0	0.0	0	0	0	0.0
No. 01-08 - Thinking Rabbit - 37 [likes=8, dislikes=1, completion=0.576470588235294, like_ratio=0.888888888888889, like_rate=0.0104575163398693, tedium=8.8]	SOLVED	lddlluLLUdrrdrruLLruLLLdLruLrrrdLurrruulllDurrrddllLuLrddLruL	7.14341	17	61	104	104	2080	338	32	135	20	3.25	1.31416	65	104	0	0	0	0	0.0	0.0	0.0	0	0.0	0.0	0.0	0	0	0	0.0
No. 03-03 - Thinking Rabbit - 38 [likes=6, dislikes=1, completion=0.546082949308756, like_ratio=0.857142857142857, like_rate=0.0138248847926267, tedium=7.5]	SOLVED	ruuuuulLLrrdrddlUdrddlUruuuullldlddrUdlddrURRdrUUUlUdrddlllluurRllddrrrruuUdddlllluurrRllUdlddrrrUdllUUddrUrULdrrUllLdlU	7.86213	26	120	227	227	7264	807	120	173	32	3.55507	1.23202	60.5333	227	0	0	0	0	0.0	0.0	0.0	0	0.0	0.0	0.0	0	0	0	0.0
No. 01-05 - Thinking Rabbit - 39 [likes=10, dislikes=1, completion=0.538968166849616, like_ratio=0.909090909090909, like_rate=0.0109769484083425, tedium=28.5]	SOLVED	rRRddrruULLLrruullllDDuurrrrddrdLuuullllddDuuurrrrddllLrrruulllldDldRurDurrrddlUruLLLrrruulllldDrrrrrruLdllllluurrrrDrdLLLrruullllddldRuuurrrrddllLrrruulllldD	6.5745	28	158	146	146	2336	299	71	229	16	2.04795	1.19481	32.9014	146	0	0	0	0	0.0	0.0	0.0	0	0.0	0.0	0.0	0	0	0	0.0
No. 02-03 - Thinking Rabbit - 40 [likes=5, dislikes=1, completion=0.519094766619519, like_ratio=0.833333333333333, like_rate=0.007072135785007, tedium=7.25]	SOLVED	dlLdlluRRurrddLLddrrUdlluuulldR	6.29935	8	31	23	23	368	78	15	57	16	3.3913	1.47984	24.5333	23	0	0	0	0	0.0	0.0	0.0	0	0.0	0.0	0.0	0	0	0	0.0
No. 01-02 - Thinking Rabbit - 41 [likes=5, dislikes=0, completion=0.449297971918877, like_ratio=1.0, like_rate=0.0039001560062402, tedium=14.75]	SOLVED	dllluRdrruruuuuulldlLurrrrddddddllluRRluurruuulldllLurrrrrdddlldddrrUUUUUruLLLLdlldldRuurruLLdddRRUdRRlddrruUUUddllllluuurrrdLddrrruuruLLLdlLrruLL	11.0065	33	146	498	498	7968	2061	610	406	16	4.13855	1.20707	13.0623	498	0	0	0	0	0.0	0.0	0.0	0	0.0	0.0	0.0	0	0	0	0.0
No. 02-09 - Thinking Rabbit - 42 [likes=8, dislikes=1, completion=0.49622641509434, like_ratio=0.888888888888889, like_rate=0.0150943396226415, tedium=16.0]	SOLVED	ululuurDurrDDrdLuuulldRurDDrddlUdlluRRdrUlllUluRdddrrrrruLdllulluuurrdDuulldRurD	6.4693	18	80	183	183	2928	361	159	247	16	1.97268	1.33565	18.4151	183	0	0	0	0	0.0	0.0	0.0	0	0.0	0.0	0.0	0	0	0	0.0
No. 01-03 - Thinking Rabbit - 43 [likes=11, dislikes=1, completion=0.529554655870445, like_ratio=0.916666666666667, like_rate=0.0089068825910931, tedium=6.6]	SOLVED	RDrDrddLLrruulDLdRuuulDDuuuurDDDD	5.5249	15	33	34	34	680	60	4	20	20	1.76471	1.26502	170	34	0	0	0	0	0.0	0.0	0.0	0	0.0	0.0	0.0	0	0	0	0.0
No. 02-05 - Thinking Rabbit - 44 [likes=6, dislikes=1, completion=0.49777117384844, like_ratio=0.857142857142857, like_rate=0.0089153046062407, tedium=14.0]	SOLVED	luuRRUUddllddrrUUUdddrruLdlUdlluuurrrDulldlddrruUruLdlUUddrddrUU	5.76964	17	64	71	71	1136	119	70	85	16	1.67606	1.28498	16.2286	71	0	0	0	0	0.0	0.0	0.0	0	0.0	0.0	0.0	0	0	0	0.0
25 - Werner Ettinger - 45 [likes=2, dislikes=0, completion=0.807692307692308, like_ratio=1.0, like_rate=0.0096153846153846, tedium=5.25]	SOLVED	DlUdrrdLuulUddrrruuullLdddrdLuurUrDDldRuuulluRR	7.11992	13	47	106	106	1696	786	79	94	16	7.41509	1.4315	21.4684	106	0	0	0	0	0.0	0.0	0.0	0	0.0	0.0	0.0	0	0	0	0.0
7 - Jacques Duthen - 46 [likes=6, dislikes=0, completion=0.919678714859438, like_ratio=1.0, like_rate=0.0240963855421687, tedium=6.0]	SOLVED	ruulllddRUluRRlddRluR	5.54932	7	21	12	12	144	26	1	12	12	2.16667	1.42616	144	12	0	0	0	0	0.0	0.0	0.0	0	0.0	0.0	0.0	0	0	0	0.0
33 - Jacques Duthen - 47 [likes=7, dislikes=0, completion=0.905, like_ratio=1.0, like_rate=0.035, tedium=11.0]	SOLVED	ullDLdRulLulldRRRRdRUluR	6.01405	12	24	30	30	240	62	9	18	8	2.06667	1.32768	26.6667	30	0	0	0	0	0.0	0.0	0.0	0	0.0	0.0	0.0	0	0	0	0.0
28 - Jacques Duthen - 48 [likes=6, dislikes=0, completion=0.917874396135266, like_ratio=1.0, like_rate=0.0289855072463768, tedium=12.0]	SOLVED	dllUUlldRuuurDlddRRurDllluRR	5.89779	10	28	18	18	144	46	8	17	8	2.55556	1.33514	18	18	0	0	0	0	0.0	0.0	0.0	0	0.0	0.0	0.0	0	0	0	0.0
1 - Jacques Duthen - 49 [likes=5, dislikes=0, completion=0.820855614973262, like_ratio=1.0, like_rate=0.0133689839572193, tedium=11.0]	SOLVED	uullldDDuuurrrddLLLuurrDLrrdLuullldDuurrdLrrdLulDlDuruulDD	6.55847	16	58	56	56	896	156	37	91	16	2.78571	1.28606	24.2162	56	0	0	0	0	0.0	0.0	0.0	0	0.0	0.0	0.0	0	0	0	0.0
19 - Jacques Duthen - 50 [likes=7, dislikes=0, completion=0.886699507389163, like_ratio=1.0, like_rate=0.0344827586206897, tedium=9.33333333333333]	SOLVED	urrrrddllUdrruulDldRulLuRRlllldRRRR	5.69766	11	35	35	35	420	84	18	35	12	2.4	1.38156	23.3333	35	0	0	0	0	0.0	0.0	0.0	0	0.0	0.0	0.0	0	0	0	0.0
15 - Jacques Duthen - 51 [likes=6, dislikes=0, completion=0.909090909090909, like_ratio=1.0, like_rate=0.025974025974026, tedium=8.5]	SOLVED	DRllddrrruUllDldRR	7.41636	7	18	14	14	112	29	7	6	8	2.07143	1.45792	16	14	0	0	0	0	0.0	0.0	0.0	0	0.0	0.0	0.0	0	0	0	0.0
55 - Jacques Duthen - 52 [likes=8, dislikes=0, completion=0.665, like_ratio=1.0, like_rate=0.04, tedium=13.0]	SOLVED	dlllUlldlluRdllluRdrruRdllluRdrruRRdrrruullulDrrrddllULdrrruLdlluLrdrruuLulD	7.85713	15	76	124	124	1984	250	91	176	16	2.01613	1.37899	21.8022	124	0	0	0	0	0.0	0.0	0.0	0	0.0	0.0	0.0	0	0	0	0.0
38 - Jacques Duthen - 53 [likes=8, dislikes=0, completion=0.802816901408451, like_ratio=1.0, like_rate=0.0375586854460094, tedium=13.0]	SOLVED	ulDLLulldRRRRDrddlUruUlldR	8.0519	12	26	38	38	304	63	17	32	8	1.65789	1.35409	17.8824	38	0	0	0	0	0.0	0.0	0.0	0	0.0	0.0	0.0	0	0	0	0.0
59 - Jacques Duthen - 54 [likes=5, dislikes=0, completion=0.668181818181818, like_ratio=1.0, like_rate=0.0227272727272727, tedium=10.75]	SOLVED	drrRllluuurrrrddDuuulldRullldddrrUdrruUddlluLdrrruulullldDDurrUruLL	6.102	12	67	65	65	1040	203	35	43	16	3.12308	1.41604	29.7143	65	0	0	0	0	0.0	0.0	0.0	0	0.0	0.0	0.0	0	0	0	0.0
18 - Jacques Duthen - 55 [likes=9, dislikes=0, completion=0.881278538812785, like_ratio=1.0, like_rate=0.0410958904109589, tedium=8.33333333333333]	SOLVED	UddlluuurRRlllddRRRdrUlllluRurDldRR	6.08161	12	35	38	38	456	106	29	43	12	2.78947	1.35409	15.7241	38	0	0	0	0	0.0	0.0	0.0	0	0.0	0.0	0.0	0	0	0	0.0
3 - Jacques Duthen - 56 [likes=8, dislikes=0, completion=0.908730158730159, like_ratio=1.0, like_rate=0.0317460317460317, tedium=6.0]	SOLVED	dllUdrruulDlluRRdldR	5.71114	6	20	10	10	80	26	2	9	8	2.6	1.4678	40	10	0	0	0	0	0.0	0.0	0.0	0	0.0	0.0	0.0	0	0	0	0.0
17 - Jacques Duthen - 57 [likes=8, dislikes=0, completion=0.828996282527881, like_ratio=1.0, like_rate=0.0297397769516729, tedium=9.5]	SOLVED	DDuurrdLullddrUluRR	5.9311	7	19	14	14	112	20	7	9	8	1.42857	1.45792	16	14	0	0	0	0	0.0	0.0	0.0	0	0.0	0.0	0.0	0	0	0	0.0
16 - Jacques Duthen - 58 [likes=8, dislikes=0, completion=0.76824034334764, like_ratio=1.0, like_rate=0.0343347639484979, tedium=13.6666666666667]	SOLVED	RuLdlddrrUdlluururrDLddlluuluRRldddrruuLulDurRdllDldR	5.56238	13	53	30	30	360	50	24	29	12	1.66667	1.29905	15	30	0	0	0	0	0.0	0.0	0.0	0	0.0	0.0	0.0	0	0	0	0.0
20 - Jacques Duthen - 59 [likes=8, dislikes=0, completion=0.829457364341085, like_ratio=1.0, like_rate=0.0310077519379845, tedium=12.6666666666667]	SOLVED	urrrrddlUruulldRurDDullllddrURRllluRRR	6.18567	11	38	28	28	336	66	21	46	12	2.35714	1.35382	16	28	0	0	0	0	0.0	0.0	0.0	0	0.0	0.0	0.0	0	0	0	0.0
5 - Jacques Duthen - 60 [likes=10, dislikes=0, completion=0.899628252788104, like_ratio=1.0, like_rate=0.0371747211895911, tedium=10.0]	SOLVED	dllULulldRRRRurDllluRR	5.63433	10	22	17	17	136	42	6	11	8	2.47059	1.32753	22.6667	17	0	0	0	0	0.0	0.0	0.0	0	0.0	0.0	0.0	0	0	0	0.0
8 - Jacques Duthen - 61 [likes=7, dislikes=0, completion=0.869767441860465, like_ratio=1.0, like_rate=0.0325581395348837, tedium=14.0]	SOLVED	dlllUruLulldRldRRdrruulDldRulluRddrRulluRR	6.05833	12	42	25	25	200	77	22	30	8	3.08	1.30766	9.09091	25	0	0	0	0	0.0	0.0	0.0	0	0.0	0.0	0.0	0	0	0	0.0
10 - Jacques Duthen - 62 [likes=9, dislikes=0, completion=0.839228295819936, like_ratio=1.0, like_rate=0.0289389067524116, tedium=11.0]	SOLVED	ullDDuurrdddlLuuRlddrruU	5.77477	6	24	7	7	56	19	1	0	8	2.71429	1.38309	56	7	0	0	0	0	0.0	0.0	0.0	0	0.0	0.0	0.0	0	0	0	0.0
47 - Jacques Duthen - 63 [likes=8, dislikes=0, completion=0.849056603773585, like_ratio=1.0, like_rate=0.0377358490566038, tedium=4.75]	SOLVED	dllURlluurrDLrRDullddrUruL	5.65864	9	26	27	27	432	88	16	43	16	3.25926	1.44225	27	27	0	0	0	0	0.0	0.0	0.0	0	0.0	0.0	0.0	0	0	0	0.0
5 - Jacques Duthen - 64 [likes=7, dislikes=0, completion=0.781395348837209, like_ratio=1.0, like_rate=0.0325581395348837, tedium=12.3333333333333]	SOLVED	ullllddrUluurrdrrddlULuullddRRRdrruulDlluRullldRR	5.82615	11	49	40	40	480	91	37	93	12	2.275	1.39843	12.973	40	0	0	0	0	0.0	0.0	0.0	0	0.0	0.0	0.0	0	0	0	0.0
4 - Jacques Duthen - 65 [likes=6, dislikes=0, completion=0.845814977973568, like_ratio=1.0, like_rate=0.026431718061674, tedium=8.33333333333333]	SOLVED	dDldRuuurrdDLDurrdLuuulldldR	5.80466	8	28	20	20	240	49	21	29	12	2.45	1.45422	11.4286	20	0	0	0	0	0.0	0.0	0.0	0	0.0	0.0	0.0	0	0	0	0.0
6 - Ghislain Martin - 66 [likes=5, dislikes=0, completion=0.736318407960199, like_ratio=1.0, like_rate=0.0248756218905473, tedium=30.0]	SOLVED	ruuuuuullllllddrrrdrdLuullluurrrrrrddddddlddddllllluullluluRddrrrddrrrrruuuuruuuuuullllllddllldDuurrruurrrrrrddddddlddddllllluurrruUUdddlllddrrrrruuuuruuuuuullllllddlllddDDlddrrrrrrruuuUUruLddLLrruuLLrrddddddllllllluurDldRuuRlddRluurRllddrR	9.5584	21	240	256	256	4096	1194	424	124	16	4.66406	1.3022	9.66038	256	0	0	0	0	0.0	0.0	0.0	0	0.0	0.0	0.0	0	0	0	0.0
1 - Ghislain Martin - 67 [likes=7, dislikes=1, completion=0.908296943231441, like_ratio=0.875, like_rate=0.0305676855895196, tedium=36.0]	SOLVED	dddllUUUUUruLLLdlluRRRRdrUUUluurDDDD	5.65587	20	36	19	19	76	19	0	2	4	1	1.15861	0	19	0	0	0	0	0.0	0.0	0.0	0	0.0	0.0	0.0	0	0	0	0.0
17 - Ghislain Martin - 68 [likes=4, dislikes=0, completion=0.762135922330097, like_ratio=1.0, like_rate=0.0194174757281553, tedium=14.8]	SOLVED	rrRRRRRRdrRRuuLDrdLrRRRRRRRRllllllllulLrdrrrrrrrrrRurrdLLLLLLLLLLLullLddrUluLLrruRldllLLLLLLrrrrrrrrRlllllllllLL	62.2847	47	112	6297	6297	125940	17940	7790	13840	20	2.84898	1.20457	16.1669	6297	0	0	0	0	0.0	0.0	0.0	0	0.0	0.0	0.0	0	0	0	0.0
2 - Ghislain Martin - 69 [likes=10, dislikes=0, completion=0.827731092436975, like_ratio=1.0, like_rate=0.0420168067226891, tedium=82.0]	SOLVED	rrrrUUruLLLdlluRRRRdrUUUluRRlddddlddrddrruuuuuuuruulDDDDDDDDuuuuuuullddddlddrddrRR	5.81082	25	82	24	24	96	25	13	6	4	1.04167	1.13556	7.38462	24	0	0	0	0	0.0	0.0	0.0	0	0.0	0.0	0.0	0	0	0	0.0
13 - Games 4 Brains - 70 [likes=4, dislikes=0, completion=0.679841897233202, like_ratio=1.0, like_rate=0.0158102766798419, tedium=6.66666666666667]	SOLVED	drrrruullullluurrDDuurrdLullDurDrddrrddllUUddlluRdrUdrU	8.72964	11	55	475	475	11400	1409	376	753	24	2.96632	1.7512	30.3191	475	0	0	0	0	0.0	0.0	0.0	0	0.0	0.0	0.0	0	0	0	0.0
12 - Games 4 Brains - 71 [likes=3, dislikes=0, completion=0.659420289855073, like_ratio=1.0, like_rate=0.0108695652173913, tedium=5.0]	SOLVED	ddlluuuRldddrruuLuurrrdddLruuulllddrDululDDurrRlUdrUddrUUdlllD	7.06188	13	62	116	116	2784	693	61	263	24	5.97414	1.44147	45.6393	116	0	0	0	0	0.0	0.0	0.0	0	0.0	0.0	0.0	0	0	0	0.0
23 - Games 4 Brains - 72 [likes=4, dislikes=0, completion=0.603864734299517, like_ratio=1.0, like_rate=0.0193236714975845, tedium=11.6]	SOLVED	uuurrddDLdllluuuuRRddDuuullddddrRuuLrdrruuuLulDrrdddllulDrrruuullDDDuuulldDD	6.76126	16	76	155	155	3100	544	70	193	20	3.50968	1.37055	44.2857	155	0	0	0	0	0.0	0.0	0.0	0	0.0	0.0	0.0	0	0	0	0.0
1 - Games 4 Brains - 73 [likes=12, dislikes=2, completion=0.414184397163121, like_ratio=0.857142857142857, like_rate=0.0170212765957447, tedium=9.0]	SOLVED	ldlUrrUdllUdrrrdrUlllluUddrruUddrrUUruLdddlllluuluR	5.60456	11	51	31	31	372	86	0	22	12	2.77419	1.3664	0	31	0	0	0	0	0.0	0.0	0.0	0	0.0	0.0	0.0	0	0	0	0.0
19 - Games 4 Brains - 74 [likes=3, dislikes=0, completion=0.731707317073171, like_ratio=1.0, like_rate=0.0146341463414634, tedium=8.5]	SOLVED	urrRRllllddrrUdddrruuLrddllululuurururrddDuuulldldlddrdrdrrururuuL	6.59666	7	66	82	82	1312	301	146	49	16	3.67073	1.87673	8.9863	82	0	0	0	0	0.0	0.0	0.0	0	0.0	0.0	0.0	0	0	0	0.0
15 - Games 4 Brains - 75 [likes=3, dislikes=0, completion=0.653153153153153, like_ratio=1.0, like_rate=0.0135135135135135, tedium=4.0]	SOLVED	rdrruruuLUdrddlUruullDRlLDRurDullU	6.51669	11	34	77	77	1848	332	42	167	24	4.31169	1.48422	44	77	0	0	0	0	0.0	0.0	0.0	0	0.0	0.0	0.0	0	0	0	0.0
14 - Games 4 Brains - 76 [likes=3, dislikes=0, completion=0.82843137254902, like_ratio=1.0, like_rate=0.0147058823529412, tedium=4.5]	SOLVED	ddlluuRDuUrDDuuurrddLruulldlddrUrDuUdlU	5.93011	11	39	71	71	1704	371	62	317	24	5.22535	1.47332	27.4839	71	0	0	0	0	0.0	0.0	0.0	0	0.0	0.0	0.0	0	0	0	0.0
18 - Games 4 Brains - 77 [likes=2, dislikes=0, completion=0.570776255707763, like_ratio=1.0, like_rate=0.0091324200913242, tedium=4.66666666666667]	SOLVED	ddlluuuRldddrruuLuurrrdddLruuulllddrRdrUlllulD	5.90035	7	46	19	19	456	110	8	85	24	5.78947	1.52293	57	19	0	0	0	0	0.0	0.0	0.0	0	0.0	0.0	0.0	0	0	0	0.0
22 - Games 4 Brains - 78 [likes=3, dislikes=0, completion=0.676190476190476, like_ratio=1.0, like_rate=0.0142857142857143, tedium=8.4]	SOLVED	urrRlllddrrUddrruLrrruululldRDuullldlddrdrrrruruuL	5.9209	7	50	39	39	780	192	65	49	20	4.92308	1.6877	12	39	0	0	0	0	0.0	0.0	0.0	0	0.0	0.0	0.0	0	0	0	0.0
3 - Games 4 Brains - 79 [likes=8, dislikes=0, completion=0.699404761904762, like_ratio=1.0, like_rate=0.0238095238095238, tedium=13.0]	SOLVED	ruLuuururDDDrdLLruuulllulldRRRRurDDDrdL	6.84407	15	39	173	173	2076	404	119	168	12	2.33526	1.40995	17.4454	173	0	0	0	0	0.0	0.0	0.0	0	0.0	0.0	0.0	0	0	0	0.0
17 - Games 4 Brains - 80 [likes=3, dislikes=0, completion=0.676855895196507, like_ratio=1.0, like_rate=0.0131004366812227, tedium=7.0]	SOLVED	UllDRuluurrrrddDuuullllddrrDldRuulluurrrrdddLLulluurrDDDulD	6.7923	13	59	99	99	1980	325	93	63	20	3.28283	1.424	21.2903	99	0	0	0	0	0.0	0.0	0.0	0	0.0	0.0	0.0	0	0	0	0.0
16 - Games 4 Brains - 81 [likes=2, dislikes=0, completion=0.685106382978723, like_ratio=1.0, like_rate=0.0085106382978723, tedium=7.5]	SOLVED	ddrruuuLrddLUUdddllluuRRllddrrruruulDllluururrD	6.30494	9	47	80	80	1920	224	129	320	24	2.8	1.62725	14.8837	80	0	0	0	0	0.0	0.0	0.0	0	0.0	0.0	0.0	0	0	0	0.0
20 - Games 4 Brains - 82 [likes=3, dislikes=0, completion=0.704453441295547, like_ratio=1.0, like_rate=0.0121457489878543, tedium=9.0]	SOLVED	dlluuuururDrrddDuuullDDDuuurrdddLruuullllddddrRlluuuurrddDuLruulldDDurD	6.27117	13	71	56	56	1120	167	33	33	20	2.98214	1.36294	33.9394	56	0	0	0	0	0.0	0.0	0.0	0	0.0	0.0	0.0	0	0	0	0.0
2 - Games 4 Brains - 83 [likes=11, dislikes=0, completion=0.745562130177515, like_ratio=1.0, like_rate=0.0325443786982249, tedium=28.6666666666667]	SOLVED	uurrdLurrrdLLullDDuurrdLurrrrrddddllllllluRdrrurrrruuullllllDurrrrrrddddlllllluRdrrurrruuulldllllDuurrrrrrddddllllluRdllluRuurrrrRllllldddrruRdllluuuurrrrrrDllllllddRluurrrrrrD	6.06529	18	176	147	147	1764	356	209	151	12	2.42177	1.31949	8.44019	147	0	0	0	0	0.0	0.0	0.0	0	0.0	0.0	0.0	0	0	0	0.0
11 - Games 4 Brains - 84 [likes=6, dislikes=1, completion=0.67965367965368, like_ratio=0.857142857142857, like_rate=0.025974025974026, tedium=8.5]	SOLVED	lldddrRRdrUlllluuurrdLrDuullDurrrrdL	6.36	8	36	61	61	976	193	61	58	16	3.16393	1.67173	16	61	0	0	0	0	0.0	0.0	0.0	0	0.0	0.0	0.0	0	0	0	0.0
8 - Games 4 Brains - 85 [likes=5, dislikes=0, completion=0.604651162790698, like_ratio=1.0, like_rate=0.0166112956810631, tedium=5.75]	SOLVED	ddRDuluuRldddrrRdrUUdllluluurDlddrrrruUUdddlllluurrRlllddrrrruUlUdlDurrdLdLruulluRdrddlLrruullDurrdLulldDuurrdLulD	13.0224	23	114	852	852	27264	2775	955	1302	32	3.25704	1.34094	28.5487	852	0	0	0	0	0.0	0.0	0.0	0	0.0	0.0	0.0	0	0	0	0.0
7 - Games 4 Brains - 86 [likes=6, dislikes=0, completion=0.738170347003155, like_ratio=1.0, like_rate=0.0189274447949527, tedium=28.0]	SOLVED	LLLrrruLUUdddlluRdrUdllLLLrrrurrUddllllululuurrrrrurrdLLLLLLulDDDrddrrrururUdddllllululuurrrrrurrdLLLLLLulDD	6.56432	31	108	123	123	1476	333	110	243	12	2.70732	1.16793	13.4182	123	0	0	0	0	0.0	0.0	0.0	0	0.0	0.0	0.0	0	0	0	0.0
6 - Games 4 Brains - 87 [likes=6, dislikes=0, completion=0.704861111111111, like_ratio=1.0, like_rate=0.0208333333333333, tedium=20.3333333333333]	SOLVED	rDDDrrrddddddllluUluurUdlddrddrrruuuLrdddllluuluuruUddlddrUdddrrruuuuuulllUUluRdddrrrddddddllluuuUddddrrruuulLulUUddlddrUrrruuulllUUddrrrdddlllUUUU	6.42847	23	147	66	66	792	162	45	113	12	2.45455	1.1998	17.6	66	0	0	0	0	0.0	0.0	0.0	0	0.0	0.0	0.0	0	0	0	0.0
12 - Games 4 Brains - 88 [likes=2, dislikes=0, completion=0.604477611940298, like_ratio=1.0, like_rate=0.0074626865671641, tedium=34.6666666666667]	SOLVED	rrrddLLdLUlldRurrrrdddllllUUddrrrruuulllUUruulldRurDldddrrrdddlllluuluRdddrrrruuulldLUUURlddrrrdddlllluUruuuruulldRdddrrruuLrddlldllluRdrUUUUluR	7.42723	27	144	243	243	2916	444	283	294	12	1.82716	1.22562	10.3039	243	0	0	0	0	0.0	0.0	0.0	0	0.0	0.0	0.0	0	0	0	0.0
1 - Games 4 Brains - 89 [likes=7, dislikes=1, completion=0.503067484662577, like_ratio=0.875, like_rate=0.0143149284253579, tedium=10.5]	SOLVED	lLLrrrRlllullDrrrrrurrdLLLLLL	5.62763	11	29	26	26	208	33	16	19	8	1.26923	1.34473	13	26	0	0	0	0	0.0	0.0	0.0	0	0.0	0.0	0.0	0	0	0	0.0
15 - Games 4 Brains - 90 [likes=2, dislikes=0, completion=0.641791044776119, like_ratio=1.0, like_rate=0.0074626865671641, tedium=33.6666666666667]	SOLVED	LLLLLulluurrrrrrdDrdLLLurruulllllldddddrrrrrrUdlllllluuurrdLuluurrrrrrddldlLrurrrddldlllllluUUdddrrrrrruruLulldlLLulDrrrrurrdLLLrurruullllllDurrrrrrdddlllLL	7.16542	25	156	207	207	2484	456	276	278	12	2.2029	1.23777	9	207	0	0	0	0	0.0	0.0	0.0	0	0.0	0.0	0.0	0	0	0	0.0
14 - Games 4 Brains - 91 [likes=2, dislikes=1, completion=0.622710622710623, like_ratio=0.666666666666667, like_rate=0.0073260073260073, tedium=28.6666666666667]	SOLVED	rddDlLdlddrrruUddllluuruulUUluRdrrrddrdLLrdddllluuUUUdddddrrruuuuuullLrrrdddlLuluuuurDldddrddlUUUURuulldRddddrrruuuL	8.70449	22	116	380	380	4560	842	461	409	12	2.21579	1.30997	9.89154	380	0	0	0	0	0.0	0.0	0.0	0	0.0	0.0	0.0	0	0	0	0.0
3 - Games 4 Brains - 92 [likes=5, dislikes=0, completion=0.749090909090909, like_ratio=1.0, like_rate=0.0181818181818182, tedium=15.6666666666667]	SOLVED	uurrrddddddllluUluuruuUUddrrrdddLrdddllluuUUddddrrruuulLrruuullluuluRdddrrrdddllulUUddlddrUrrruuulllUUddrrrdddlllUUUU	6.52008	18	117	71	71	852	166	67	129	12	2.33803	1.26721	12.7164	71	0	0	0	0	0.0	0.0	0.0	0	0.0	0.0	0.0	0	0	0	0.0
17 - Games 4 Brains - 93 [likes=2, dislikes=0, completion=0.638392857142857, like_ratio=1.0, like_rate=0.0089285714285714, tedium=19.6666666666667]	SOLVED	ulldRdddddrrruuulLrrdddlluluUdddrrrddlllUUrrruuulllUUluRRRlldddrrrdddlllUdrrruuullluuurrdLLddrrrdddllulUUUU	6.3559	18	107	95	95	1140	175	59	94	12	1.84211	1.28787	19.322	95	0	0	0	0	0.0	0.0	0.0	0	0.0	0.0	0.0	0	0	0	0.0
16 - Games 4 Brains - 94 [likes=3, dislikes=0, completion=0.697211155378486, like_ratio=1.0, like_rate=0.0119521912350598, tedium=41.6666666666667]	SOLVED	rrrddddlluLLddlluuRlddrruRRRdrUUUUruLLLLLrrrrddddlllldlluurRlldRurRdrrruuuullullllddrUluRdrrrrrddddllluurDldRRdrUUUUruLLLLrrrddddllullldRurrdrruuuulllLrrrrddddllulldRRdrruuuuullllLulDrrrrrrdddddlluRdrUUUUruLLLLLruLdLruL	14.6	51	219	1665	1665	19980	3073	1373	1488	12	1.84565	1.15655	14.5521	1665	0	0	0	0	0.0	0.0	0.0	0	0.0	0.0	0.0	0	0	0	0.0
2 - Games 4 Brains - 95 [likes=7, dislikes=0, completion=0.664615384615385, like_ratio=1.0, like_rate=0.0215384615384615, tedium=23.0]	SOLVED	LLLLLulldddrrrrrrUruulldlllLulDrrrrrurrdLLLLLL	5.64934	15	46	24	24	192	39	7	22	8	1.625	1.23599	27.4286	24	0	0	0	0	0.0	0.0	0.0	0	0.0	0.0	0.0	0	0	0	0.0
5 - Games 4 Brains - 96 [likes=6, dislikes=2, completion=0.664634146341463, like_ratio=0.75, like_rate=0.0182926829268293, tedium=4.83333333333333]	SOLVED	lDDldLruruuurRldlddldlLuUddrruruuurrRdrdDDlllulldlluuUruRR	5.93368	13	58	34	34	816	168	11	97	24	4.94118	1.31161	74.1818	34	0	0	0	0	0.0	0.0	0.0	0	0.0	0.0	0.0	0	0	0	0.0
10 - Games 4 Brains - 97 [likes=4, dislikes=0, completion=0.636904761904762, like_ratio=1.0, like_rate=0.0119047619047619, tedium=7.66666666666667]	SOLVED	rDDlddrURRurUUruRRdrdDuulullulDLLdldDuururrrrrdrddDlllulldlLrruruUddldlluuururR	7.1607	19	79	163	163	3912	551	75	368	24	3.38037	1.30747	52.16	163	0	0	0	0	0.0	0.0	0.0	0	0.0	0.0	0.0	0	0	0	0.0
12 - Erim Sever - 98 [likes=2, dislikes=0, completion=0.154545454545455, like_ratio=1.0, like_rate=0.009090909090909, tedium=7.33333333333333]	SOLVED	lluluururRDuurrDDRdrUlluullddRRllulldRRuurrddRluullddRllllddrUluRRldddrrurUdldlluR	10.0098	18	82	457	457	16452	1561	233	789	36	3.41575	1.40531	70.6094	457	0	0	0	0	0.0	0.0	0.0	0	0.0	0.0	0.0	0	0	0	0.0
1 - Erim Sever - 99 [likes=5, dislikes=0, completion=0.476987447698745, like_ratio=1.0, like_rate=0.0209205020920502, tedium=7.5]	SOLVED	rrdRullldRurrdDRluulldRurDurrdLdddlluRdllluRdrrrUdllluUddrruL	6.69215	13	61	231	231	5544	473	212	379	24	2.04762	1.5199	26.1509	231	0	0	0	0	0.0	0.0	0.0	0	0.0	0.0	0.0	0	0	0	0.0
7 - Erim Sever - 100 [likes=8, dislikes=0, completion=0.441176470588235, like_ratio=1.0, like_rate=0.0336134453781513, tedium=5.125]	SOLVED	rrrrdrddldlllluRdrrurruuullldRDuullldRDuurrddRluullddRluurrdLurrrdLdddllURdrU	24.0049	13	77	1494	1494	47808	6047	2426	4906	32	4.04752	1.75461	19.7065	1494	0	0	0	0	0.0	0.0	0.0	0	0.0	0.0	0.0	0	0	0	0.0
35 - Erim Sever - 101 [likes=3, dislikes=0, completion=0.737068965517241, like_ratio=1.0, like_rate=0.0129310344827586, tedium=8.0]	SOLVED	drDDuuullldRdDuuurrdddDuuuulldddDuuuurrdddLruuullddDuuRlddrDLuuuurrDDDlllD	5.9277	16	74	84	84	1680	225	30	62	20	2.67857	1.31907	56	84	0	0	0	0	0.0	0.0	0.0	0	0.0	0.0	0.0	0	0	0	0.0
39 - Erim Sever - 102 [likes=4, dislikes=0, completion=0.835748792270531, like_ratio=1.0, like_rate=0.0193236714975845, tedium=21.6666666666667]	SOLVED	uRUrUrruullDlDururrdddddllUdrruuuuulldldDuururrdddddlluLLrrdrruuulLrrdddlluUddrruuuuulldlDDrdLrdrruuulLulDD	5.99381	18	107	39	39	468	85	22	30	12	2.17949	1.22572	21.2727	39	0	0	0	0	0.0	0.0	0.0	0	0.0	0.0	0.0	0	0	0	0.0
3 - Erim Sever - 103 [likes=5, dislikes=0, completion=0.728813559322034, like_ratio=1.0, like_rate=0.0169491525423729, tedium=11.0]	SOLVED	rdrRURlLdlUruLdrrrRdLrrddllUUruLLLdlUdrRurrdrddlluUruLLdlU	5.99214	20	58	131	131	2620	269	100	153	20	2.05344	1.27604	26.2	131	0	0	0	0	0.0	0.0	0.0	0	0.0	0.0	0.0	0	0	0	0.0
2 - Erim Sever - 104 [likes=4, dislikes=0, completion=0.710714285714286, like_ratio=1.0, like_rate=0.0142857142857143, tedium=35.5]	SOLVED	rrrrrdLrddrruuLLuuuurrdLulDDDDrrddllUUUUUluRdddlllldddrruURuruuuRdlddldlddlluuurRllddRluurrdrRuuurrUdlldddddrruuLrddlluUUUUluRRdldddlluRdrUUUddlllldddrrUUdlluurRdrruuuluRdrUdldddlluRdrUUUluR	15.4678	43	190	1822	1822	29152	3047	1158	1696	16	1.67234	1.19077	25.1744	1822	0	0	0	0	0.0	0.0	0.0	0	0.0	0.0	0.0	0	0	0	0.0
31 - Erim Sever - 105 [likes=7, dislikes=0, completion=0.875555555555556, like_ratio=1.0, like_rate=0.0311111111111111, tedium=7.66666666666667]	SOLVED	uulllDurrrddllURlluRddrrU	5.48203	6	25	10	10	120	24	0	16	12	2.4	1.4678	0	10	0	0	0	0	0.0	0.0	0.0	0	0.0	0.0	0.0	0	0	0	0.0
33 - Erim Sever - 106 [likes=4, dislikes=1, completion=0.89922480620155, like_ratio=0.8, like_rate=0.0155038759689922, tedium=3.8]	SOLVED	llululuRddrdrruUddlluluRRlddrU	5.84583	6	30	11	11	220	44	3	20	20	4	1.4913	73.3333	11	0	0	0	0	0.0	0.0	0.0	0	0.0	0.0	0.0	0	0	0	0.0
32 - Erim Sever - 107 [likes=6, dislikes=0, completion=0.437275985663082, like_ratio=1.0, like_rate=0.021505376344086, tedium=6.0]	SOLVED	luuRlddrUrruuLDrdL	5.40237	6	18	8	8	96	12	3	16	12	1.5	1.41421	32	8	0	0	0	0	0.0	0.0	0.0	0	0.0	0.0	0.0	0	0	0	0.0
15 - Erim Sever - 108 [likes=4, dislikes=1, completion=0.751219512195122, like_ratio=0.8, like_rate=0.0195121951219512, tedium=27.3333333333333]	SOLVED	LLLLLLLLulldRddddddDldRRRRRRRRRRurrdLuluuuuuUUUddddddddrddlUllllllllluuuuuuuuRlddddddddrrrrrrrrrUdllllllllluuuuuuuurRllddddddddrrrrrrrrruUUUUUddddddllllllllluuuuuuuurrRRllllddddddddrrrrrrrrruuuuuuUdddddddllllllllluuuuuuuurrrrRRRlllllllddddddddrrrrrrrrruuuuuuuUddddddddllllllllluuuuuuuurrrrrrrRR	10.0189	43	294	768	768	9216	1281	297	118	12	1.66797	1.16708	31.0303	768	0	0	0	0	0.0	0.0	0.0	0	0.0	0.0	0.0	0	0	0	0.0
4 - Erim Sever - 109 [likes=3, dislikes=0, completion=0.815, like_ratio=1.0, like_rate=0.015, tedium=8.0]	SOLVED	drDDuuullldRdDuuurrdddDuuuulldddDuuuurrdddLruuullddDuuRlddrDLuuuurrDDDlllD	6.5904	16	74	84	84	1680	225	30	62	20	2.67857	1.31907	56	84	0	0	0	0	0.0	0.0	0.0	0	0.0	0.0	0.0	0	0	0	0.0
68 - Spiros Mantzoukis - 110 [likes=2, dislikes=0, completion=0.810185185185185, like_ratio=1.0, like_rate=0.0092592592592592, tedium=12.6666666666667]	SOLVED	rruullDDlluRdrrruulDrdLLruulDlDurrdLLulD	6.25981	12	40	40	40	480	83	18	62	12	2.075	1.35989	26.6667	40	0	0	0	0	0.0	0.0	0.0	0	0.0	0.0	0.0	0	0	0	0.0
11 - Spiros Mantzoukis - 111 [likes=5, dislikes=0, completion=0.921397379912664, like_ratio=1.0, like_rate=0.0218340611353712, tedium=1.4]	SOLVED	LrRlUdrDuUddLuuLdrdDLD	5.66744	11	22	32	32	1280	78	0	6	40	2.4375	1.37035	0	32	0	0	0	0	0.0	0.0	0.0	0	0.0	0.0	0.0	0	0	0	0.0
1 - Brian Kent - 112 [likes=5, dislikes=1, completion=0.857740585774059, like_ratio=0.833333333333333, like_rate=0.0209205020920502, tedium=39.0]	SOLVED	RluurrdrddlUUdllLrrruUUdlllldlddrUUUddrrrrrrrruulululLddllllUdddlllluurururRRlddrruUUdddrruuLrddlluU	6.314	18	100	48	48	384	126	55	14	8	2.625	1.23994	6.98182	48	0	0	0	0	0.0	0.0	0.0	0	0.0	0.0	0.0	0	0	0	0.0
6 - David W. Skinner - 113 [likes=6, dislikes=0, completion=0.729064039408867, like_ratio=1.0, like_rate=0.0295566502463054, tedium=18.0]	SOLVED	ruRdllluRluurDDlddrruruLddlluRUrrdrruLLLrdLurruulDrddlluRdrUdlldlluuRRddlUruR	6.28157	19	77	110	110	1760	183	116	248	16	1.66364	1.28068	15.1724	110	0	0	0	0	0.0	0.0	0.0	0	0.0	0.0	0.0	0	0	0	0.0
12 - David W. Skinner - 114 [likes=4, dislikes=0, completion=0.570731707317073, like_ratio=1.0, like_rate=0.0195121951219512, tedium=31.25]	SOLVED	rrruuLrddlluUruullllddrRlluurrrrddrdLuuullllddrrRllluurrrrdDrddlllUdrrruuluullllddrRRUruLLLulDrrrddlddrUUUruLLrddddrruLdlluuruulLrrddlddrUUUruLLrdddrruLdlUUruL	10.2967	31	159	641	641	10256	1326	759	1224	16	2.06864	1.23181	13.5125	641	0	0	0	0	0.0	0.0	0.0	0	0.0	0.0	0.0	0	0	0	0.0
1 - David W. Skinner - 115 [likes=9, dislikes=0, completion=0.657407407407407, like_ratio=1.0, like_rate=0.0277777777777778, tedium=22.6666666666667]	SOLVED	dllllUUddrruLdlluurDldRurrdrruLLLLdRululuurDDlDRddlUrrRuLdllUUrDldRuuuulDD	7.23483	24	74	276	276	3312	466	324	326	12	1.68841	1.26388	10.2222	276	0	0	0	0	0.0	0.0	0.0	0	0.0	0.0	0.0	0	0	0	0.0
19 - David W. Skinner - 116 [likes=4, dislikes=1, completion=0.443089430894309, like_ratio=0.8, like_rate=0.016260162601626, tedium=9.125]	SOLVED	lulululuurDurrdLLrrrdrdrddllluluUddrdrrruululLrrdrddllluUddrrruulLrrddlUdlluRRluuululldRDRD	13.971	15	91	803	803	25696	2107	641	3152	32	2.62391	1.56188	40.0874	803	0	0	0	0	0.0	0.0	0.0	0	0.0	0.0	0.0	0	0	0	0.0
3 - David W. Skinner - 117 [likes=8, dislikes=0, completion=0.733082706766917, like_ratio=1.0, like_rate=0.0300751879699248, tedium=17.3333333333333]	SOLVED	luuRDldddrrruulLrrddllluUddrUluUdddrrruulLulDuruulDurrrdLL	6.9733	12	58	129	129	1548	234	180	206	12	1.81395	1.49928	8.6	129	0	0	0	0	0.0	0.0	0.0	0	0.0	0.0	0.0	0	0	0	0.0
2 - David W. Skinner - 118 [likes=8, dislikes=0, completion=0.654545454545455, like_ratio=1.0, like_rate=0.0290909090909091, tedium=16.0]	SOLVED	ddLUlldRRuruulDrdLdlluuRlddrruruulDrdrdLuulllddrUluR	5.80624	12	52	18	18	216	33	15	32	12	1.83333	1.27235	14.4	18	0	0	0	0	0.0	0.0	0.0	0	0.0	0.0	0.0	0	0	0	0.0
11 - David W. Skinner - 119 [likes=6, dislikes=0, completion=0.635, like_ratio=1.0, like_rate=0.03, tedium=57.6666666666667]	SOLVED	drrrrRuRlddrUUluRddlllllluuurrrdDuullldddrrRRRuurRurrdLdLLulDrrruulDldDLLLLLrrrruurrrdLullddlluuulllddlddrUrrrrruurrdLulDrdLLLuuullldlddrUluurrrrdddLrrrddrUUluurrdLdllllLrrrrruulDrdLLLuuullllddrUluRRlddlddrUUluurrRlllddrUluRdddrRdrUUdllluuuR	17.9889	51	241	2051	2051	24612	3530	2374	2208	12	1.72111	1.16129	10.3673	2051	0	0	0	0	0.0	0.0	0.0	0	0.0	0.0	0.0	0	0	0	0.0
5 - David W. Skinner - 120 [likes=5, dislikes=0, completion=0.672645739910314, like_ratio=1.0, like_rate=0.0224215246636771, tedium=24.6666666666667]	SOLVED	lluRlLulldRRddlUruLdrrruLdrrruLLdllluurDldRRRurrdLulLdlluurDullldRRdRluurD	6.51417	21	74	135	135	1620	211	138	177	12	1.56296	1.26312	11.7391	135	0	0	0	0	0.0	0.0	0.0	0	0.0	0.0	0.0	0	0	0	0.0
4 - David W. Skinner - 121 [likes=6, dislikes=0, completion=0.817777777777778, like_ratio=1.0, like_rate=0.0266666666666667, tedium=8.75]	SOLVED	llddrRlluurrDrDDDLruuLrddlddrUUlUdrUddllluR	6.62039	13	43	110	110	1760	222	68	124	16	2.01818	1.43559	25.8824	110	0	0	0	0	0.0	0.0	0.0	0	0.0	0.0	0.0	0	0	0	0.0
10 - David W. Skinner - 122 [likes=4, dislikes=0, completion=0.641860465116279, like_ratio=1.0, like_rate=0.0186046511627907, tedium=15.2]	SOLVED	dlUruulllddRRdrUllluurrDullddrRuulllldRurrrddllddlluRUrrruullDulldRurrrdddrruLdlU	6.36599	14	81	79	79	1580	125	23	113	20	1.58228	1.3663	68.6957	79	0	0	0	0	0.0	0.0	0.0	0	0.0	0.0	0.0	0	0	0	0.0
6 - David W. Skinner - 123 [likes=5, dislikes=0, completion=0.515981735159817, like_ratio=1.0, like_rate=0.0228310502283105, tedium=17.8]	SOLVED	rrrdLdDldllluRRdrRuuuulldRullldRDuurrdLurrrdLulllDurrrddddlllluRdrrruuuulldlDDuuurrrdLulldddldRRluuuurrdLulDDDldR	12.2604	23	113	1091	1091	21820	1981	1097	1341	20	1.81577	1.35544	19.8906	1091	0	0	0	0	0.0	0.0	0.0	0	0.0	0.0	0.0	0	0	0	0.0
1 - David W. Skinner - 124 [likes=11, dislikes=0, completion=0.754098360655738, like_ratio=1.0, like_rate=0.0300546448087432, tedium=10.0]	SOLVED	DlddrUluRdddrruuLLdlUruuruulDD	5.29189	9	30	37	37	444	67	30	30	12	1.81081	1.49364	14.8	37	0	0	0	0	0.0	0.0	0.0	0	0.0	0.0	0.0	0	0	0	0.0
4 - David W. Skinner - 125 [likes=4, dislikes=0, completion=0.78099173553719, like_ratio=1.0, like_rate=0.0165289256198347, tedium=16.5]	SOLVED	lLLrrrdrUlllldlluRRRRRlllluurDDrrrdrruLLLLLuurrDullddrRRdrruLLLuulldlDuurrrddrrruulDrddllulLrrdrruLL	6.18666	27	100	129	129	2064	164	41	141	16	1.27132	1.19721	50.3415	129	0	0	0	0	0.0	0.0	0.0	0	0.0	0.0	0.0	0	0	0	0.0
1 - David W. Skinner - 126 [likes=9, dislikes=0, completion=0.75462962962963, like_ratio=1.0, like_rate=0.0416666666666667, tedium=15.0]	SOLVED	DLdlluRRRurrdLdLLullddrUruRdllluRR	5.70572	13	34	17	17	136	22	10	32	8	1.29412	1.24351	13.6	17	0	0	0	0	0.0	0.0	0.0	0	0.0	0.0	0.0	0	0	0	0.0
2 - David W. Skinner - 127 [likes=6, dislikes=0, completion=0.477272727272727, like_ratio=1.0, like_rate=0.0227272727272727, tedium=20.5]	SOLVED	rrruulDrrrruulDLdlluRdlLrurRRldllldlluRRRurrdLdLLuRdrUrururrdLdLLuRdlLdlluRuRldlllddrUluRdrruurRllddlluR	6.93233	27	104	359	359	5744	593	275	791	16	1.65181	1.24346	20.8873	359	0	0	0	0	0.0	0.0	0.0	0	0.0	0.0	0.0	0	0	0	0.0
91 - David W. Skinner - 129 [likes=10, dislikes=2, completion=0.703448275862069, like_ratio=0.833333333333333, like_rate=0.0229885057471264, tedium=11.25]	SOLVED	rrdrrruulDLLrrrdLullLrrrdLullullllddrrURRlldlluRRRlluRR	5.88445	15	55	128	128	2048	236	34	94	16	1.84375	1.38191	60.2353	128	0	0	0	0	0.0	0.0	0.0	0	0.0	0.0	0.0	0	0	0	0.0
116 - David W. Skinner - 130 [likes=10, dislikes=0, completion=0.623762376237624, like_ratio=1.0, like_rate=0.033003300330033, tedium=12.6]	SOLVED	drrrdrruUruulldllDurrurrddlddlluURllLrrruRldlluRdddrruUlllldRurrrddllUUdlllluRRdrU	7.44437	15	82	288	288	5760	696	228	459	20	2.41667	1.45868	25.2632	288	0	0	0	0	0.0	0.0	0.0	0	0.0	0.0	0.0	0	0	0	0.0
29 - David W. Skinner - 131 [likes=24, dislikes=2, completion=0.712484237074401, like_ratio=0.923076923076923, like_rate=0.030264817150063, tedium=52.0]	SOLVED	ullldRurrdrrddllllllluuRurrdRRulllldRurrdrRlullldRRllllddrrrrrrruUddllllllluurrrrRlllllddrrrrrrruuUUruLdddddllllllluurrrrrRllllllddrrrrrrruUUruulDuulldRdrDuluurDrddlDuruulD	7.51712	23	172	76	76	608	109	62	94	8	1.43421	1.20719	9.80645	76	0	0	0	0	0.0	0.0	0.0	0	0.0	0.0	0.0	0	0	0	0.0
100 - David W. Skinner - 132 [likes=16, dislikes=0, completion=0.602150537634409, like_ratio=1.0, like_rate=0.0344086021505376, tedium=38.75]	SOLVED	lddrDuluurDrrrDldddrruuLrddlluUrrdLuuullllddrUdlddrUluuuRRRurDllldlddrUluurrrrDDlUruLLLrrddrrddllUdrruuluulllulDDDuurrrdrdrddlluUrrdLuuullllddrUluRRRurDDDlUruLLLrrddrrddllUdrruuluulllulDrrrdrdrddlluUrrdLuuullllDurrrrddlUruLLrddrddlUUruullLulDrrrrddlUruLLL	16.0798	53	255	1703	1703	27248	2608	1477	2137	16	1.53142	1.15071	18.4482	1703	0	0	0	0	0.0	0.0	0.0	0	0.0	0.0	0.0	0	0	0	0.0
68 - David W. Skinner - 133 [likes=16, dislikes=0, completion=0.598911070780399, like_ratio=1.0, like_rate=0.029038112522686, tedium=32.6666666666667]	SOLVED	rUdlluuurrrRdrruLLLLLulDDlddrrruUddllluururRRRdLullldlddrrruUddllluururRlldDuurrdrruLdrrruLdlluLdrrruLdlluLulDDurrdrruLLLulD	7.96636	29	124	303	303	3636	510	208	286	12	1.68317	1.21777	17.4808	303	0	0	0	0	0.0	0.0	0.0	0	0.0	0.0	0.0	0	0	0	0.0
13 - David W. Skinner - 134 [likes=26, dislikes=1, completion=0.716234652114598, like_ratio=0.962962962962963, like_rate=0.0177353342428377, tedium=17.3333333333333]	SOLVED	rDlDDRddlUrrruLdllUUUruLddddrruLdlUUUlUdrruLdrDlddrruLdlUUruL	6.59769	22	61	65	65	780	131	23	68	12	2.01538	1.20894	33.913	65	0	0	0	0	0.0	0.0	0.0	0	0.0	0.0	0.0	0	0	0	0.0
44 - David W. Skinner - 135 [likes=30, dislikes=6, completion=0.966013071895425, like_ratio=0.833333333333333, like_rate=0.0392156862745098, tedium=1.0]	SOLVED	R	5.90977	2	1	1	1	4	1	0	0	4	1	1	0	1	0	0	0	0	0.0	0.0	0.0	0	0.0	0.0	0.0	0	0	0	0.0
52 - David W. Skinner - 136 [likes=21, dislikes=0, completion=0.762345679012346, like_ratio=1.0, like_rate=0.0216049382716049, tedium=6.5]	SOLVED	ddLruulDlldddrRdrUUdlluRlluurrDulldR	5.99274	9	36	28	28	448	119	12	27	16	4.25	1.44809	37.3333	28	0	0	0	0	0.0	0.0	0.0	0	0.0	0.0	0.0	0	0	0	0.0
72 - David W. Skinner - 137 [likes=11, dislikes=1, completion=0.691943127962085, like_ratio=0.916666666666667, like_rate=0.0173775671406003, tedium=35.0]	SOLVED	llLDDulluRRddDuuuRldddrrddlUruLdLLdlluurDDurrUUUluurDDurRlldDDuuurrdrruLLLLdddrdLLdlluurDrruuulluRdrdddllldRurruuuluurDDDDrdLLDllddrUluRluurD	9.85168	41	141	864	864	10368	1313	311	732	12	1.51968	1.17929	33.3376	864	0	0	0	0	0.0	0.0	0.0	0	0.0	0.0	0.0	0	0	0	0.0
25 - David W. Skinner - 138 [likes=23, dislikes=0, completion=0.726998491704374, like_ratio=1.0, like_rate=0.0173453996983409, tedium=9.66666666666667]	SOLVED	urrdLLuluurDldRdrruuLrddlluluurDrrddlldlU	5.44914	8	41	17	17	204	37	15	34	12	2.17647	1.42497	13.6	17	0	0	0	0	0.0	0.0	0.0	0	0.0	0.0	0.0	0	0	0	0.0
7 - David W. Skinner - 139 [likes=35, dislikes=3, completion=0.784013605442177, like_ratio=0.921052631578947, like_rate=0.0198412698412698, tedium=4.33333333333333]	SOLVED	rruuuulLrrddlUlDrrddlUdllluuuRdlddrU	7.2185	7	36	88	88	2112	555	135	424	24	6.30682	1.89576	15.6444	88	0	0	0	0	0.0	0.0	0.0	0	0.0	0.0	0.0	0	0	0	0.0
33 - David W. Skinner - 140 [likes=28, dislikes=0, completion=0.635338345864662, like_ratio=1.0, like_rate=0.0263157894736842, tedium=13.6666666666667]	SOLVED	dlLrruulLrrddllUdLulDuuurDlddrrrruulLLrddlluUrrdL	6.27127	11	49	59	59	708	174	38	50	12	2.94915	1.44873	18.6316	59	0	0	0	0	0.0	0.0	0.0	0	0.0	0.0	0.0	0	0	0	0.0
64 - David W. Skinner - 141 [likes=19, dislikes=0, completion=0.614334470989761, like_ratio=1.0, like_rate=0.0324232081911263, tedium=23.75]	SOLVED	ldlluulUluurrrddLLrruulDrdLdddrrurrdLLLdlUUUUruulDDDDDuuuuulldRurDDDlUdrDuuuulldRurDDDuullldRRurD	7.23777	31	97	286	286	4576	471	189	326	16	1.64685	1.20016	24.2116	286	0	0	0	0	0.0	0.0	0.0	0	0.0	0.0	0.0	0	0	0	0.0
120 - David W. Skinner - 142 [likes=8, dislikes=0, completion=0.737642585551331, like_ratio=1.0, like_rate=0.0304182509505703, tedium=45.75]	SOLVED	lluuRlddrddldRuuuluurRRRRRurDDDrdLLruuulllllllddrUluRRldddddlddrUluuruuuurRRRRurDllllllddddlddrUUUUluurrrrrrrDrddllLdlldLrurruulDrrrruulDrdLLruuulllllllddrUluRRRRRRurDDrddllLrrruulullllllddddlddrUUUddrruRldlluuUluurrrrrrrdrddlllulDrrrruulDrdLLLrruuulllllllddrUluRRRRRRurDDDrdLL	18.005	65	277	2798	2798	44768	4179	948	2298	16	1.49357	1.12987	47.2236	2798	0	0	0	0	0.0	0.0	0.0	0	0.0	0.0	0.0	0	0	0	0.0
48 - David W. Skinner - 143 [likes=17, dislikes=0, completion=0.734662576687117, like_ratio=1.0, like_rate=0.0260736196319018, tedium=21.3333333333333]	SOLVED	rddDLruuullddlddrUrrurDrddllUdrruululuulldlddrUluurrrddrdLddrUluLrdrruLLuuulllddrDuluurrrdddLruuullD	6.1717	15	100	90	90	1080	197	85	153	12	2.18889	1.34984	12.7059	90	0	0	0	0	0.0	0.0	0.0	0	0.0	0.0	0.0	0	0	0	0.0
136 - David W. Skinner - 144 [likes=8, dislikes=1, completion=0.654320987654321, like_ratio=0.888888888888889, like_rate=0.0246913580246914, tedium=33.5]	SOLVED	rddLLrruullldllluRuurrrrDulllldddrruLdllddrrrUrrruuLuulllldDuurrrrddLruullllddrdLuuurrrrddlLrruullllddlDuruurrrrddllLrrrrddlllUdrrruuluulllldDldRuuurrrrddlLddrrUdlluuLLrrddrruruLLLLrrruulllldD	9.23874	26	192	386	386	6176	946	400	491	16	2.45078	1.25743	15.44	386	0	0	0	0	0.0	0.0	0.0	0	0.0	0.0	0.0	0	0	0	0.0
49 - David W. Skinner - 145 [likes=18, dislikes=0, completion=0.780152671755725, like_ratio=1.0, like_rate=0.0274809160305344, tedium=27.3333333333333]	SOLVED	ldddRluuurrrddlDDDldRRluuulluRluurDDldRuuurrddLruulldDrDDDlddrruLdrrruLdlluuuuulldRurDDD	6.46945	22	88	121	121	1452	185	65	165	12	1.52893	1.24358	22.3385	121	0	0	0	0	0.0	0.0	0.0	0	0.0	0.0	0.0	0	0	0	0.0
6 - David W. Skinner - 146 [likes=36, dislikes=1, completion=0.757201646090535, like_ratio=0.972972972972973, like_rate=0.0296296296296296, tedium=35.6666666666667]	SOLVED	ulldllllulllddRluurDRllddrUluurrdRullldRurrdRRRlllulldRRRRllllddrUluurrdrdrrrrruullDurrddlLLLuRdrrruullDurrddlLLulllulldRRRRRdrrruullDurrddlL	6.6624	30	141	243	243	2916	462	208	307	12	1.90123	1.20094	14.0192	243	0	0	0	0	0.0	0.0	0.0	0	0.0	0.0	0.0	0	0	0	0.0
32 - David W. Skinner - 147 [likes=26, dislikes=1, completion=0.527808069792803, like_ratio=0.962962962962963, like_rate=0.0283533260632497, tedium=11.6666666666667]	SOLVED	ullDullddrUrurrdLLLddrUluRuulDrrrdL	5.22766	10	35	29	29	348	48	16	69	12	1.65517	1.40036	21.75	29	0	0	0	0	0.0	0.0	0.0	0	0.0	0.0	0.0	0	0	0	0.0
24 - David W. Skinner - 148 [likes=26, dislikes=0, completion=0.670673076923077, like_ratio=1.0, like_rate=0.03125, tedium=17.5]	SOLVED	ullDDlddrruLuuurrdLulDDDullddrRuulD	5.78522	10	35	22	22	176	38	7	16	8	1.72727	1.3622	25.1429	22	0	0	0	0	0.0	0.0	0.0	0	0.0	0.0	0.0	0	0	0	0.0
73 - David W. Skinner - 149 [likes=10, dislikes=1, completion=0.678504672897196, like_ratio=0.909090909090909, like_rate=0.0186915887850467, tedium=34.0]	SOLVED	uulllluurDDDurrrddddlllluuRuurruLdlluurDrdrrruLdllulldRddlddrrrruuuuuLdrddddlllluuruuRlddlddrrrruuuuulLdRurDDDDuuulllddlddrrrdrruLuuuulllluurDDrrrddddLLLrrruuuulllDurrrddddllldlUU	6.1197	26	179	193	193	2316	345	174	229	12	1.78756	1.22435	13.3103	193	0	0	0	0	0.0	0.0	0.0	0	0.0	0.0	0.0	0	0	0	0.0
53 - David W. Skinner - 150 [likes=19, dislikes=0, completion=0.709844559585492, like_ratio=1.0, like_rate=0.0328151986183074, tedium=9.25]	SOLVED	lUluuRurrDrddLUUdddlluUUddRdrUruulLrrddlU	6.02457	13	41	55	55	880	104	30	59	16	1.89091	1.36105	29.3333	55	0	0	0	0	0.0	0.0	0.0	0	0.0	0.0	0.0	0	0	0	0.0
45 - David W. Skinner - 151 [likes=18, dislikes=0, completion=0.752463054187192, like_ratio=1.0, like_rate=0.0221674876847291, tedium=15.0]	SOLVED	ruLdlluuuurrrdLullddddrruLdlUrrUdllUUddrruUruLdddlluuRlddrruU	6.17923	12	61	39	39	468	66	12	21	12	1.69231	1.35703	39	39	0	0	0	0	0.0	0.0	0.0	0	0.0	0.0	0.0	0	0	0	0.0
12 - David W. Skinner - 152 [likes=33, dislikes=0, completion=0.747582205029014, like_ratio=1.0, like_rate=0.0319148936170213, tedium=24.5]	SOLVED	uululldRdRluurDrDDrddlluRuuulldRurDDrrrddllUdlluR	6.15536	12	49	16	16	128	23	0	17	8	1.4375	1.25992	0	16	0	0	0	0	0.0	0.0	0.0	0	0.0	0.0	0.0	0	0	0	0.0
86 - David W. Skinner - 153 [likes=9, dislikes=0, completion=0.689342403628118, like_ratio=1.0, like_rate=0.0204081632653061, tedium=26.25]	SOLVED	drrrUrruullDlDururrddlLdLLdlluurDuuRRllddrrrurruullDlDururrddlLulluRdrddLrurruululDrrddlldlLrrurruullldDrdLuuurDllldlddRluurururrrrddlLullldDuurrrddlLrruulDrdL	6.38672	26	159	141	141	2256	371	100	235	16	2.63121	1.20966	22.56	141	0	0	0	0	0.0	0.0	0.0	0	0.0	0.0	0.0	0	0	0	0.0
69 - David W. Skinner - 154 [likes=12, dislikes=1, completion=0.696691176470588, like_ratio=0.923076923076923, like_rate=0.0220588235294118, tedium=41.6666666666667]	SOLVED	urrrurrrDrrddllUUrULLLulDrdLLrrddllluUrrurrruurDDldddrruuLrddlluUruLLLulDrdLurrrdrrdLuullldddllluuUdddrrruulLrrddllluluurDuluurDlddrrrurrrdrddlUUruLLLulDrdddlllluurrRllDuluurDldRdldRR	14.418	38	183	1562	1562	18744	2783	1786	1835	12	1.78169	1.21351	10.495	1562	0	0	0	0	0.0	0.0	0.0	0	0.0	0.0	0.0	0	0	0	0.0
28 - David W. Skinner - 155 [likes=29, dislikes=1, completion=0.694087403598972, like_ratio=0.966666666666667, like_rate=0.0372750642673522, tedium=16.5]	SOLVED	rDulldRddrruLdlUUluurrdDldRuuulDD	5.57766	10	33	17	17	136	23	15	27	8	1.35294	1.32753	9.06667	17	0	0	0	0	0.0	0.0	0.0	0	0.0	0.0	0.0	0	0	0	0.0
90 - David W. Skinner - 156 [likes=9, dislikes=0, completion=0.71875, like_ratio=1.0, like_rate=0.0200892857142857, tedium=16.0]	SOLVED	rrrdLdDldllluRdrrRllluRdrruuuulllDDuurrrdLLrrdddlllluRdrrruuuulllDDDldRuuurrrddrrdLL	10.2151	17	84	727	727	11632	1928	766	694	16	2.65199	1.47342	15.1854	727	0	0	0	0	0.0	0.0	0.0	0	0.0	0.0	0.0	0	0	0	0.0
74 - David W. Skinner - 157 [likes=11, dislikes=0, completion=0.611208406304729, like_ratio=1.0, like_rate=0.0192644483362522, tedium=29.25]	SOLVED	lulDDDRRlluurrDRRRurrddlUruLdllllullddrddrruUddlluuluurrdRdddlluuRurRRRurDllluRRdlllldlddrruUluRRldlllldRurrurrRlldddllUluRRlddrruUluRRurrDulldRR	9.51173	35	145	727	727	11632	1342	594	642	16	1.84594	1.20714	19.5825	727	0	0	0	0	0.0	0.0	0.0	0	0.0	0.0	0.0	0	0	0	0.0
23 - David W. Skinner - 158 [likes=34, dislikes=1, completion=0.694550063371356, like_ratio=0.971428571428571, like_rate=0.0430925221799747, tedium=28.0]	SOLVED	dlUrruulluRdrddllUdrruululldRddrruuruLLrdddlluuRurDllluRdrrD	5.16282	11	60	17	17	136	23	21	22	8	1.35294	1.29378	6.47619	17	0	0	0	0	0.0	0.0	0.0	0	0.0	0.0	0.0	0	0	0	0.0
1 - David W. Skinner - 159 [likes=133, dislikes=8, completion=0.639371381306865, like_ratio=0.943262411347518, like_rate=0.0550041356492969, tedium=16.5]	SOLVED	dlUrrrdLullddrUluRuulDrddrruLdlUU	5.79694	9	33	13	13	104	17	8	17	8	1.30769	1.32975	13	13	0	0	0	0	0.0	0.0	0.0	0	0.0	0.0	0.0	0	0	0	0.0
62 - David W. Skinner - 160 [likes=15, dislikes=0, completion=0.674782608695652, like_ratio=1.0, like_rate=0.0260869565217391, tedium=16.0]	SOLVED	LLLLullDRdLLLrruulDLrrrRllllddlluRluRRRRurrdRlulldRllllddrUluRRurrddlLullddrUrrruRullldRRdlllluRRR	5.82496	31	98	133	133	2128	293	59	216	16	2.20301	1.17088	36.0678	133	0	0	0	0	0.0	0.0	0.0	0	0.0	0.0	0.0	0	0	0	0.0
19 - David W. Skinner - 161 [likes=23, dislikes=1, completion=0.665895953757225, like_ratio=0.958333333333333, like_rate=0.0265895953757225, tedium=20.5]	SOLVED	urrDDDlddrUUUUruLLLdRurDDulllluRRdrrdDlddrUUUU	6.11562	21	46	60	60	480	81	29	35	8	1.35	1.21527	16.5517	60	0	0	0	0	0.0	0.0	0.0	0	0.0	0.0	0.0	0	0	0	0.0
58 - David W. Skinner - 162 [likes=19, dislikes=0, completion=0.636220472440945, like_ratio=1.0, like_rate=0.0299212598425197, tedium=14.6666666666667]	SOLVED	luluurDRDulldRddrruLrruuLLLrrrddldllUrUdrruulL	5.65308	12	46	19	19	228	40	3	22	12	2.10526	1.27809	76	19	0	0	0	0	0.0	0.0	0.0	0	0.0	0.0	0.0	0	0	0	0.0
147 - David W. Skinner - 163 [likes=9, dislikes=0, completion=0.737051792828685, like_ratio=1.0, like_rate=0.0358565737051793, tedium=48.6666666666667]	SOLVED	lllllldddRRuLdlUUluRRRRlllddrrrDrddlUddlluUUluuurrrRllllddddrddrruuruLLrdddlluuluuuurrrrRlllllddddrddrruuuulLrdrdddlluuluUUluRRRRRllllddddrUluuurrrrdrrrruullDurrdddllluluRllllldddrruLdlUUluRRRRRdrdrruLrruullDLLLLrrrrurrdddlllUlullLLrrrrdrdrruruulldLLdrRRdrU	20.2299	51	257	2476	2476	29712	4261	2399	2297	12	1.72092	1.16559	12.3852	2476	0	0	0	0	0.0	0.0	0.0	0	0.0	0.0	0.0	0	0	0	0.0
97 - David W. Skinner - 164 [likes=11, dislikes=0, completion=0.549792531120332, like_ratio=1.0, like_rate=0.0228215767634855, tedium=32.8]	SOLVED	drRlluurrRRdddddllluUluuurrruurDrRRRRRllllllldllldddrddrruruuuUlllldddrruRldlluuurrruRdllllddRRlluurrrurRRRRlllldlllldddrddrruruUUddddllluuuluurrrurrrrrRlllllldllldddrddrruruuuUluRRRRldLulldllldddrddrruruuuUllllddrrRldlddrruruUlllluurrrrrurrRlldllluRdllllddrrrrUdlllluurrrurRlldlllddrrrruUruRdllluRdrruRldlluRR	12.0384	42	310	757	757	15140	1824	819	1131	20	2.40951	1.17098	18.486	757	0	0	0	0	0.0	0.0	0.0	0	0.0	0.0	0.0	0	0	0	0.0
110 - David W. Skinner - 165 [likes=11, dislikes=1, completion=0.714659685863874, like_ratio=0.916666666666667, like_rate=0.0287958115183246, tedium=13.25]	SOLVED	lUruuurrdLullluurDldRRllddlluRdrUUrrDDLruuluulDrdrdrruLdldlddrU	11.0241	15	63	1057	1057	16912	1975	458	1310	16	1.8685	1.59076	36.9258	1057	0	0	0	0	0.0	0.0	0.0	0	0.0	0.0	0.0	0	0	0	0.0
39 - David W. Skinner - 166 [likes=17, dislikes=0, completion=0.759643916913947, like_ratio=1.0, like_rate=0.0252225519287834, tedium=42.5]	SOLVED	ruuLLLuullddRluurrdDrrrddlUruLLLuullddRRRlDDllddrrUUUUrRurDllllluurrDullddrRRRdRUddrruL	5.39733	28	87	103	103	824	120	33	51	8	1.16505	1.18001	24.9697	103	0	0	0	0	0.0	0.0	0.0	0	0.0	0.0	0.0	0	0	0	0.0
81 - David W. Skinner - 167 [likes=14, dislikes=0, completion=0.663326653306613, like_ratio=1.0, like_rate=0.0280561122244489, tedium=15.3333333333333]	SOLVED	luuurrdLDldddrruLUUUruulldDrddlluRdrddlUUrUdlluR	5.8649	13	48	44	44	528	95	16	66	12	2.15909	1.33789	33	44	0	0	0	0	0.0	0.0	0.0	0	0.0	0.0	0.0	0	0	0	0.0
15 - David W. Skinner - 168 [likes=23, dislikes=1, completion=0.760355029585799, like_ratio=0.958333333333333, like_rate=0.0226824457593688, tedium=18.5]	SOLVED	DrdddllUUddrruuulLLLdlluRRRRdddrruuLrddlluU	5.57107	13	43	24	24	192	31	6	15	8	1.29167	1.27694	32	24	0	0	0	0	0.0	0.0	0.0	0	0.0	0.0	0.0	0	0	0	0.0
42 - David W. Skinner - 169 [likes=19, dislikes=0, completion=0.61546499477534, like_ratio=1.0, like_rate=0.0198537095088819, tedium=15.6666666666667]	SOLVED	rdddLdllluurrRUruulDDDlllddrrrUrUUddldllluurrRurDuluurDlddddlUdlluurRR	6.20943	16	70	130	130	1560	193	113	138	12	1.48462	1.35557	13.8053	130	0	0	0	0	0.0	0.0	0.0	0	0.0	0.0	0.0	0	0	0	0.0
55 - David W. Skinner - 170 [likes=15, dislikes=0, completion=0.710097719869707, like_ratio=1.0, like_rate=0.0244299674267101, tedium=32.0]	SOLVED	drrrrddlUdrddlUUruuLLLulldRRRRurDDDlUddRRluuuLLLulldRRRRurDDDldR	5.55566	28	64	79	79	632	106	45	47	8	1.34177	1.16889	14.0444	79	0	0	0	0	0.0	0.0	0.0	0	0.0	0.0	0.0	0	0	0	0.0
43 - David W. Skinner - 171 [likes=18, dislikes=0, completion=0.761904761904762, like_ratio=1.0, like_rate=0.0295566502463054, tedium=20.3333333333333]	SOLVED	dddllLDLdlluurRRdldlUrurRRlldllluRdrrurrdrUUdllldlddrUluluRRRRurDllllddrUluRRRuuurD	6.38255	23	83	203	203	2436	409	161	211	12	2.01478	1.25987	15.1304	203	0	0	0	0	0.0	0.0	0.0	0	0.0	0.0	0.0	0	0	0	0.0
14 - David W. Skinner - 172 [likes=29, dislikes=0, completion=0.662640207075065, like_ratio=1.0, like_rate=0.0250215703192407, tedium=25.5]	SOLVED	uulllldddrrUlluurrrrddLLLdlUrrrruullDurrddlLdlluRRuullD	5.36094	11	55	13	13	104	15	9	17	8	1.15385	1.26261	11.5556	13	0	0	0	0	0.0	0.0	0.0	0	0.0	0.0	0.0	0	0	0	0.0
80 - David W. Skinner - 173 [likes=9, dislikes=0, completion=0.785536159600998, like_ratio=1.0, like_rate=0.0224438902743142, tedium=32.75]	SOLVED	lddrrruuLuullluUddrrrddrddlUUUUUdllluuluurDrrdRRRllddddddlluRdrruuluuuurrurDDulllddddrddlUUUUUdllluUluurDrrdRRRdrUdlddrUluulldddddlluRdrUUUUdllluUluurDrrdRRRllddllluUluR	13.745	39	169	1473	1473	23568	2250	1410	2134	16	1.52749	1.20569	16.7149	1473	0	0	0	0	0.0	0.0	0.0	0	0.0	0.0	0.0	0	0	0	0.0
107 - David W. Skinner - 174 [likes=15, dislikes=0, completion=0.701631701631702, like_ratio=1.0, like_rate=0.034965034965035, tedium=3.45454545454545]	SOLVED	uuuLDrddllllluuRRuRldlluuurrDulldddrrRllluuurrdDrdLuuulldR	8.75477	11	58	185	185	8140	723	230	1130	44	3.90811	1.60734	35.3913	185	0	0	0	0	0.0	0.0	0.0	0	0.0	0.0	0.0	0	0	0	0.0
38 - David W. Skinner - 175 [likes=22, dislikes=0, completion=0.602442333785617, like_ratio=1.0, like_rate=0.0298507462686567, tedium=12.3333333333333]	SOLVED	llluuurrrdDuurrrrddllLrrrddlllULUdLurRR	5.70441	9	39	17	17	204	30	14	28	12	1.76471	1.36999	14.5714	17	0	0	0	0	0.0	0.0	0.0	0	0.0	0.0	0.0	0	0	0	0.0
96 - David W. Skinner - 176 [likes=9, dislikes=0, completion=0.618811881188119, like_ratio=1.0, like_rate=0.0222772277227723, tedium=30.6666666666667]	SOLVED	LLrrRRdrruLLdrddLruuulLrdrddlLdlluRuuUUUddllulldRRRRRRlluuruLdddrrdrruLLLrdrddlLdlluRRluuUdddrRlluuuUUruulDDDuuulldRurrddldDuuruulDD	10.5824	38	132	1063	1063	12756	1549	447	529	12	1.4572	1.20128	28.5369	1063	0	0	0	0	0.0	0.0	0.0	0	0.0	0.0	0.0	0	0	0	0.0
79 - David W. Skinner - 177 [likes=9, dislikes=0, completion=0.743833017077799, like_ratio=1.0, like_rate=0.0170777988614801, tedium=16.0]	SOLVED	lLLdlluRRRRRdrUllllluurrrDulllddrrRdrruLLrrruulDrdLdlluuullDDuurrddLrdrruL	5.57448	19	74	78	78	936	128	63	93	12	1.64103	1.25772	14.8571	78	0	0	0	0	0.0	0.0	0.0	0	0.0	0.0	0.0	0	0	0	0.0
59 - David W. Skinner - 178 [likes=15, dislikes=1, completion=0.647149460708783, like_ratio=0.9375, like_rate=0.0231124807395994, tedium=59.3333333333333]	SOLVED	dlllllldddlUruurrrrruullllllllddddRluuuurrrrrrrrddllllldRurrrruullllllllddddrRdrUllluuuurrrrrrrrddlllldRulllDurrrrrruullllllllddddrRuRlddrUUluRRRdLullddlluuuurrrrrrrrddldLruruullllllllddddrruurrrRRRllllllddrUluRddllluuuurrrrrrrrddldlLurrrurDDuuulllllllllddddrruurRlddllluuuurrrrrrrrddrdDuulldllLuRRllllddlluuuurrrrrrrrddrddrddlluRuuuuulllllllllddddrrrUluRRdrruRdlllldllluuuurrrrrrrrdrdddddrUUluuuulllllllllddddrrurrrrurRurDlldllluRdrrurrDDrdLuuurDDuullldlluRRRurDDD	15.8228	51	465	1221	1221	14652	2874	1979	1669	12	2.35381	1.14954	7.40374	1221	0	0	0	0	0.0	0.0	0.0	0	0.0	0.0	0.0	0	0	0	0.0
18 - David W. Skinner - 179 [likes=18, dislikes=2, completion=0.748723186925434, like_ratio=0.9, like_rate=0.0183861082737487, tedium=35.5]	SOLVED	ruuuulllddrRDrddlUruUUdllluuurrrrdLddddlUruuuulldlddrRlluuurrrdLulldddrrdrUUdllluuurrdLurrrdL	5.53545	14	93	29	29	232	62	23	18	8	2.13793	1.27191	10.087	29	0	0	0	0	0.0	0.0	0.0	0	0.0	0.0	0.0	0	0	0	0.0
63 - David W. Skinner - 181 [likes=17, dislikes=0, completion=0.707865168539326, like_ratio=1.0, like_rate=0.0318352059925094, tedium=50.5]	SOLVED	llllLLulLLLLLLulldRurDrrrrrrrddlUruLLLLLLLulldRRRddlUruRRRRRlllllLrrrrrrurDlllllllulldRRRRRRRRdRRRRlllUdrrrRRdrruLLLLLL	6.23087	51	119	222	222	1776	248	50	92	8	1.11712	1.11175	35.52	222	0	0	0	0	0.0	0.0	0.0	0	0.0	0.0	0.0	0	0	0	0.0
22 - David W. Skinner - 183 [likes=20, dislikes=1, completion=0.725030826140567, like_ratio=0.952380952380952, like_rate=0.0246609124537608, tedium=23.5]	SOLVED	drrruulDLdlUUdrrrdLLuluUluRRdlddrddlUUUUruLdddrruruuL	5.42089	16	53	62	62	496	99	74	120	8	1.59677	1.29427	6.7027	62	0	0	0	0	0.0	0.0	0.0	0	0.0	0.0	0.0	0	0	0	0.0
75 - David W. Skinner - 184 [likes=9, dislikes=0, completion=0.73828125, like_ratio=1.0, like_rate=0.017578125, tedium=23.0]	SOLVED	ddlluLuLLdRurRddrruuLLLLdlUUluRddrrrddlUluluuRRlldddrrdrrUluLLdlUUlldRuuRRldldRdrrrrruLdlluLdrrruLLdllUUddrruLdlUluuRlddrU	8.97061	35	122	565	565	9040	1159	461	980	16	2.05133	1.19848	19.6095	565	0	0	0	0	0.0	0.0	0.0	0	0.0	0.0	0.0	0	0	0	0.0
132 - David W. Skinner - 185 [likes=10, dislikes=0, completion=0.517751479289941, like_ratio=1.0, like_rate=0.029585798816568, tedium=38.75]	SOLVED	DrrDDllUdrruulLddrrrruLdrrruLLdlllluurrDullddrRuullulDrddrrRRuLdlllddrrUdlluurRRllluurrDrdLLrddlluUUdrruulLrrdrrrrddlUruLLLdllluurrDrdLLrddlluUUdrrurrrdLLLLrddlluU	10.8135	38	163	919	919	14704	1493	902	1255	16	1.62459	1.19669	16.3016	919	0	0	0	0	0.0	0.0	0.0	0	0.0	0.0	0.0	0	0	0	0.0
124 - David W. Skinner - 186 [likes=10, dislikes=1, completion=0.534954407294833, like_ratio=0.909090909090909, like_rate=0.0303951367781155, tedium=81.6666666666667]	SOLVED	urrDDuulldRullldRdddddrrrrrrrrrruuuuulllddllldlluRRRRdrruLuurrrdddddlllllllllluuuuuurrdLurrrdLddrrRdrUUdlllluuulldRullldRRurrDulldldddddrrrrrrrrrruuuuuulllldRurrdrdddddlllllllllluuuuuurrrdDuulldldddddrrrrrrrrrruuuuuullldddllldlluRRRRdrUlllluuulldldddddrrrrrrrrrruuuuuullldRurrddddddlllllllllluuuuuurrrdddrrrrUdlllluuulldRurDDullldddddrrrrrrrrrruuuuuulldRullldRRlddllldlluRRRRdrUU	7.58205	40	379	254	254	3048	521	186	248	12	2.05118	1.14847	16.3871	254	0	0	0	0	0.0	0.0	0.0	0	0.0	0.0	0.0	0	0	0	0.0
60 - David W. Skinner - 187 [likes=22, dislikes=1, completion=0.684115523465704, like_ratio=0.956521739130435, like_rate=0.0397111913357401, tedium=42.25]	SOLVED	urrrrrrdddLLulldRRRllDDrddlULLrrUUddlldlluRUdRluUluuruurrrrrrddDDuuuullllllddlddrddrRlluuluurDDDuuuuurrrrrrddddDuullulldRRRllddrddlUUUddlldlluRuuuuuurrrrrrddDDuuuullllllddddddRRlluuuuuurrrrrrdddllulldRRRllddrddlUUUddllluuuuuurrrrrrddDllulldRRR	6.73108	45	243	324	324	5184	624	92	148	16	1.92593	1.13708	56.3478	324	0	0	0	0	0.0	0.0	0.0	0	0.0	0.0	0.0	0	0	0	0.0
37 - David W. Skinner - 188 [likes=21, dislikes=0, completion=0.812816188870152, like_ratio=1.0, like_rate=0.0354131534569983, tedium=23.6666666666667]	SOLVED	drruulLuLLdRRRlullullddRluurrdrdrddrruUllullullddrRRllluRurDrdRullldRurrdddrruuUUddddlluuRlulldRRddrruUUdddlluuRlddrruU	5.98284	24	119	104	104	1248	246	65	129	12	2.36538	1.21351	19.2	104	0	0	0	0	0.0	0.0	0.0	0	0.0	0.0	0.0	0	0	0	0.0
3 - David W. Skinner - 189 [likes=66, dislikes=1, completion=0.620515411824154, like_ratio=0.985074626865672, like_rate=0.0333501768569985, tedium=20.5]	SOLVED	ruuLLLulDrrrrddlUruLLLddllluurRDrdLuuurDD	5.3258	14	41	42	42	336	61	12	25	8	1.45238	1.30601	28	42	0	0	0	0	0.0	0.0	0.0	0	0.0	0.0	0.0	0	0	0	0.0
21 - David W. Skinner - 190 [likes=28, dislikes=3, completion=0.68936170212766, like_ratio=0.903225806451613, like_rate=0.0297872340425532, tedium=8.5]	SOLVED	dllUdlUluurDRddlU	5.57208	6	17	9	9	72	10	6	16	8	1.11111	1.44225	12	9	0	0	0	0	0.0	0.0	0.0	0	0.0	0.0	0.0	0	0	0	0.0
76 - David W. Skinner - 191 [likes=11, dislikes=0, completion=0.721973094170404, like_ratio=1.0, like_rate=0.0246636771300448, tedium=60.3333333333333]	SOLVED	ddrdrdrrrrUUlDrdLLruuuuurrdLulDDDrddllLdlUrrrruuUluurrdLddddllllUluuuuurrddddLdlUdrdrrrruuuuulDrddddlllluulUUUddddrdrrrruulDrdLLruuruulDrdddllLdlUUluuuuluRurrdddddLdlUUddrdrrruruulDrddlllluuluUdddrdrrrruulDrdLLLdlUUluuuluururrdddddLdlUluuuurRurDDDuulllddrUdlddrUluuuRRurDDulldlddrUUluRRurD	8.48687	57	289	607	607	7284	1099	366	324	12	1.81054	1.11899	19.9016	607	0	0	0	0	0.0	0.0	0.0	0	0.0	0.0	0.0	0	0	0	0.0
149 - David W. Skinner - 192 [likes=8, dislikes=1, completion=0.646090534979424, like_ratio=0.888888888888889, like_rate=0.0329218106995885, tedium=23.5]	SOLVED	RurDDDlddrdDldRuuuluurDDuRldDuurRllddDuuurrRRlllluuurrdLulDDldRRRRllldddlddrUUUUluRRRddddLruuuulldddlddrUUUUluRR	7.97641	36	112	550	550	8800	815	217	449	16	1.48182	1.19157	40.553	550	0	0	0	0	0.0	0.0	0.0	0	0.0	0.0	0.0	0	0	0	0.0
56 - David W. Skinner - 193 [likes=16, dislikes=0, completion=0.74453781512605, like_ratio=1.0, like_rate=0.026890756302521, tedium=11.5]	SOLVED	uulLulldRurDrddllURuulD	5.87467	7	23	8	8	64	12	6	16	8	1.5	1.3459	10.6667	8	0	0	0	0	0.0	0.0	0.0	0	0.0	0.0	0.0	0	0	0	0.0
128 - David W. Skinner - 194 [likes=8, dislikes=1, completion=0.730909090909091, like_ratio=0.888888888888889, like_rate=0.0290909090909091, tedium=22.0]	SOLVED	rrurruulllulldRRRllldlluRRurrdrRlldLDuruulldldRuurrdLLrrrrurrdLddlldlLuUrurRllulldRRdldddlluRdrU	7.40487	20	96	379	379	6064	689	261	681	16	1.81794	1.34565	23.2337	379	0	0	0	0	0.0	0.0	0.0	0	0.0	0.0	0.0	0	0	0	0.0
17 - David W. Skinner - 195 [likes=23, dislikes=1, completion=0.722413793103448, like_ratio=0.958333333333333, like_rate=0.0198275862068966, tedium=8.33333333333333]	SOLVED	dlDurrDulldRddrruLUddllUdrUlUdrU	5.52936	10	32	21	21	252	43	8	35	12	2.04762	1.35588	31.5	21	0	0	0	0	0.0	0.0	0.0	0	0.0	0.0	0.0	0	0	0	0.0
104 - David W. Skinner - 196 [likes=7, dislikes=0, completion=0.703947368421053, like_ratio=1.0, like_rate=0.0153508771929825, tedium=26.3333333333333]	SOLVED	ulLLLDlluRRRRurrddddllllUUddrrurruuulldDDuulLdddrRlluulluRRRldddrrurDuruuullDDDrdLurruuLulDrrdddllddrUluurruullDD	7.22142	28	113	290	290	3480	510	347	377	12	1.75862	1.22445	10.0288	290	0	0	0	0	0.0	0.0	0.0	0	0.0	0.0	0.0	0	0	0	0.0
95 - David W. Skinner - 197 [likes=7, dislikes=1, completion=0.813648293963255, like_ratio=0.875, like_rate=0.0183727034120735, tedium=3.125]	SOLVED	ddRuurrDrrddddlllUdrruruLddllulluurDuuurrdLulldddddrruRdrruulU	6.50612	9	62	52	52	1664	314	34	163	32	6.03846	1.5512	48.9412	52	0	0	0	0	0.0	0.0	0.0	0	0.0	0.0	0.0	0	0	0	0.0
94 - David W. Skinner - 198 [likes=17, dislikes=0, completion=0.603854389721627, like_ratio=1.0, like_rate=0.0364025695931477, tedium=27.6666666666667]	SOLVED	rdRRurDlllulldRDuRRRurrdLDDllldlluRuurrRurrdLddrddlUruLuuLLLulldRRRRurDDDLrrddlUruL	7.42493	30	83	437	437	5244	608	174	325	12	1.3913	1.22466	30.1379	437	0	0	0	0	0.0	0.0	0.0	0	0.0	0.0	0.0	0	0	0	0.0
82 - David W. Skinner - 199 [likes=11, dislikes=0, completion=0.72108843537415, like_ratio=1.0, like_rate=0.0249433106575964, tedium=17.3333333333333]	SOLVED	drrruUlUdrruLuLLulldRDDlddrrrruuuulLrrddddlllUdrrruuuullulDrrrddlUruLL	5.22638	15	70	26	26	312	38	5	34	12	1.46154	1.2426	62.4	26	0	0	0	0	0.0	0.0	0.0	0	0.0	0.0	0.0	0	0	0	0.0
152 - David W. Skinner - 200 [likes=11, dislikes=0, completion=0.520134228187919, like_ratio=1.0, like_rate=0.0369127516778524, tedium=58.25]	SOLVED	uurrrrrdrdLLLLrrruulllllddlluuUrrdrrrrrddlllLLuurruurrrrdrdrddrruuululululllDurrrdrdrdrdddllLLululllllddrrrrRuulllllulldddRRRluurruuuulllldDrdrdrrrrrddRRRuulululLLrrrdrdrddllulullllluulluurrrdrDuullllddrdrdddrRRRRRulullllluulluurrrdrdDuuullllddrdrdddlluuUdddrrrrrrruullLLrrrrddllllllluuuUdrrDDurrrrrddllllLL	21.7079	36	307	1713	1713	27408	4179	2504	1626	16	2.43958	1.22978	10.9457	1713	0	0	0	0	0.0	0.0	0.0	0	0.0	0.0	0.0	0	0	0	0.0
129 - David W. Skinner - 201 [likes=14, dislikes=0, completion=0.66015625, like_ratio=1.0, like_rate=0.0546875, tedium=19.8]	SOLVED	rdRRurDlllulldRRlldlluRRurrddLDuruRRddldlLuuruulldldRuurrdLLrrrrddldlluUrurrurrddLruulldlldlddrrurUdldlluuluRRdldddlluRdrU	13.8575	23	122	1082	1082	21640	2181	732	2281	20	2.01571	1.35495	29.5628	1082	0	0	0	0	0.0	0.0	0.0	0	0.0	0.0	0.0	0	0	0	0.0
16 - David W. Skinner - 202 [likes=26, dislikes=2, completion=0.676923076923077, like_ratio=0.928571428571429, like_rate=0.0235294117647059, tedium=33.3333333333333]	SOLVED	lddrUdrruLLdlUUUrrDuluLLrddddrrruLLruulullLrrdrrdddllUrruululllulDDDrdLuuurrrdrrddllUUruLLLrrdrrdLuulllulDDDrddllURdrUluuurrrdrddlUUruLLLulDDDDldR	11.9733	40	146	1119	1119	13428	2215	1122	1287	12	1.97945	1.19185	11.9679	1119	0	0	0	0	0.0	0.0	0.0	0	0.0	0.0	0.0	0	0	0	0.0
41 - David W. Skinner - 203 [likes=20, dislikes=0, completion=0.720440881763527, like_ratio=1.0, like_rate=0.0200400801603206, tedium=16.6666666666667]	SOLVED	urDurrDulldRurrdddlllUluurrdRullldRurrrDullldRRllddrrURdllluuurrrDulD	5.46369	14	69	24	24	288	46	20	53	12	1.91667	1.25483	14.4	24	0	0	0	0	0.0	0.0	0.0	0	0.0	0.0	0.0	0	0	0	0.0
57 - David W. Skinner - 204 [likes=27, dislikes=0, completion=0.530510585305106, like_ratio=1.0, like_rate=0.0336239103362391, tedium=30.0]	SOLVED	dddrdrruLdlLrruLdlUlldRRuUUdddRuluuruulDDDDldRurrrddlUruLLLdRllluRdrrurDllluRR	5.75732	24	78	83	83	664	103	51	50	8	1.24096	1.20216	13.0196	83	0	0	0	0	0.0	0.0	0.0	0	0.0	0.0	0.0	0	0	0	0.0
77 - David W. Skinner - 205 [likes=12, dislikes=0, completion=0.6875, like_ratio=1.0, like_rate=0.025, tedium=47.25]	SOLVED	ddddrruLdlUUUddrrrrruLdrrruLdlllllluururrrrrDDrdLLLuRdlLLuRdldlluuururrrrrdDldlluRdlldlluuururrrrrddrdLLruuullllldldddrruurrRlldldlluuururrrrrdDuullllldlluRRdldddrruLdlUrrurrrdLLLurrrrrdLulldlldlluUUruRldldddrruurrrrdLulldldlluuururRRllldldddrruurrrdLullddlluuuluRRRldldddrruLdlUUdrrurrdLLdlluuUrurRlldlluRRdldddrruLdlUUUruRldlluRR	16.3735	56	331	1943	1943	31088	4264	1853	2067	16	2.19454	1.14478	16.7771	1943	0	0	0	0	0.0	0.0	0.0	0	0.0	0.0	0.0	0	0	0	0.0
20 - David W. Skinner - 206 [likes=25, dislikes=3, completion=0.700507614213198, like_ratio=0.892857142857143, like_rate=0.0317258883248731, tedium=25.0]	SOLVED	urDDDlddrUUrrruulLLLrrrrddlllUdrrruullulldRullldRurrdRullldRurrdRlulldRR	5.59927	17	72	54	54	432	76	34	29	8	1.40741	1.26446	12.7059	54	0	0	0	0	0.0	0.0	0.0	0	0.0	0.0	0.0	0	0	0	0.0
2 - David W. Skinner - 207 [likes=51, dislikes=4, completion=0.786103542234332, like_ratio=0.927272727272727, like_rate=0.0347411444141689, tedium=5.33333333333333]	SOLVED	rddLruulDuullddR	5.23654	4	16	3	3	36	4	2	4	12	1.33333	1.31607	18	3	0	0	0	0	0.0	0.0	0.0	0	0.0	0.0	0.0	0	0	0	0.0
61 - David W. Skinner - 208 [likes=16, dislikes=0, completion=0.610142630744849, like_ratio=1.0, like_rate=0.0253565768621236, tedium=25.0]	SOLVED	lDDlDDrrULdlUruuuruullllldddddrRRdrUUUddlluRdllluuuuurrrrrddLLrruullllldddddrrrrUUddrruLdlUdlllluuuuurrrrrddLruullllldddddrrurrU	6.22499	22	128	92	92	1472	179	54	97	16	1.94565	1.22818	27.2593	92	0	0	0	0	0.0	0.0	0.0	0	0.0	0.0	0.0	0	0	0	0.0
50 - David W. Skinner - 209 [likes=19, dislikes=0, completion=0.690121786197564, like_ratio=1.0, like_rate=0.0257104194857916, tedium=38.0]	SOLVED	llulDDulldRRurrrrrdddlllllUUluRRldddrrrrruuulldlLrrurrdddllllluUruRRdlllluRRdrruRldlluRR	6.1922	18	88	28	28	224	60	29	17	8	2.14286	1.20337	7.72414	28	0	0	0	0	0.0	0.0	0.0	0	0.0	0.0	0.0	0	0	0	0.0
46 - David W. Skinner - 210 [likes=19, dislikes=0, completion=0.605222734254992, like_ratio=1.0, like_rate=0.0291858678955453, tedium=23.5]	SOLVED	dlluuRuRDrUdlllddrrUdlluururrdLddlluuluururrrDD	6.24596	9	47	13	13	104	20	12	13	8	1.53846	1.32975	8.66667	13	0	0	0	0	0.0	0.0	0.0	0	0.0	0.0	0.0	0	0	0	0.0
11 - David W. Skinner - 211 [likes=33, dislikes=1, completion=0.734069668649108, like_ratio=0.970588235294118, like_rate=0.0280373831775701, tedium=39.0]	SOLVED	ulllddddrrrruLdllluuuurrrdDlDurrddlLLruurDldlLullddrUluRdrrrurrdLLLLUllddrUrrruuruullldD	5.69711	17	88	48	48	384	81	37	71	8	1.6875	1.25573	10.3784	48	0	0	0	0	0.0	0.0	0.0	0	0.0	0.0	0.0	0	0	0	0.0
85 - David W. Skinner - 212 [likes=11, dislikes=0, completion=0.624497991967871, like_ratio=1.0, like_rate=0.0220883534136546, tedium=51.6666666666667]	SOLVED	luuuurrurrdRullldRllluRdrrurrdLLLLulDDuurRdlldDuuurrRdlllddDuuurrrrrurrdLLLLulldldddldRRluuuuurrrdLulldddddddrrrruuuulldDlluuuuurrdLurrRRdrruulDllllllDDDDldRuuuuurrrrrrrdLLulldlllddddRluuuuurrrrrdLLulldlddddrRRlllddrrrruUllDullddrRuurrUdlllluuuuurrrdLLulDDDDldRddrruurruruLddllddlluuRR	10.709	52	285	678	678	8136	1647	662	443	12	2.4292	1.13357	12.29	678	0	0	0	0	0.0	0.0	0.0	0	0.0	0.0	0.0	0	0	0	0.0
9 - David W. Skinner - 214 [likes=45, dislikes=1, completion=0.606584362139918, like_ratio=0.978260869565217, like_rate=0.037037037037037, tedium=15.0]	SOLVED	urrDulldRdRluurDrDDlUruLdlUruL	5.08456	11	30	14	14	112	15	2	28	8	1.07143	1.27114	56	14	0	0	0	0	0.0	0.0	0.0	0	0.0	0.0	0.0	0	0	0	0.0
102 - David W. Skinner - 215 [likes=13, dislikes=0, completion=0.635933806146572, like_ratio=1.0, like_rate=0.0307328605200946, tedium=37.25]	SOLVED	rurrurrrddddLruulDuruulDLLLdllluurrDrrrrrddlUdrddlUruuuulldlldLLrurrurrrdLulldlddlllUrrurrurrdLLLdlllluurrrDrdLLrurrrrdrddlUUruLLLrrddddlluRdrUUUruLulldLddlllluuurrrDrrurrdLLLddlluLUddrrruLUddlluuluRdddrruLdlUUddlUU	21.6551	45	215	2007	2007	32112	4941	3233	3238	16	2.46188	1.1841	9.93257	2007	0	0	0	0	0.0	0.0	0.0	0	0.0	0.0	0.0	0	0	0	0.0
66 - David W. Skinner - 216 [likes=16, dislikes=0, completion=0.760778859527121, like_ratio=1.0, like_rate=0.0222531293463143, tedium=23.0]	SOLVED	DDrrdrddddldLruruuuulullDDlddrdDrdLuuuluuruulldlddddrdRluluuuururrddlddrdDuuUdddDrddlluRdrUluuuuuUU	6.4007	16	99	97	97	1164	283	116	128	12	2.91753	1.33099	10.0345	97	0	0	0	0	0.0	0.0	0.0	0	0.0	0.0	0.0	0	0	0	0.0
31 - David W. Skinner - 217 [likes=22, dislikes=2, completion=0.688413948256468, like_ratio=0.916666666666667, like_rate=0.0247469066366704, tedium=5.66666666666667]	SOLVED	DuRldldRRdrruulLulD	5.92558	7	19	21	21	252	63	4	41	12	3	1.54486	63	21	0	0	0	0	0.0	0.0	0.0	0	0.0	0.0	0.0	0	0	0	0.0
5 - David W. Skinner - 218 [likes=44, dislikes=3, completion=0.805523590333717, like_ratio=0.936170212765957, like_rate=0.0168776371308017, tedium=6.25]	SOLVED	LuurrdLrrddlUlldRuuulldDrddlluR	6.28056	7	31	18	18	288	120	22	80	16	6.66667	1.51121	13.0909	18	0	0	0	0	0.0	0.0	0.0	0	0.0	0.0	0.0	0	0	0	0.0
27 - David W. Skinner - 219 [likes=33, dislikes=0, completion=0.63183125599233, like_ratio=1.0, like_rate=0.0316395014381592, tedium=25.0]	SOLVED	dlULddlluuuurrrDulllddddrruuLrdrruLuullldDrRdrUlllDurrrU	8.39596	11	56	29	29	232	44	20	23	8	1.51724	1.35814	11.6	29	0	0	0	0	0.0	0.0	0.0	0	0.0	0.0	0.0	0	0	0	0.0
70 - David W. Skinner - 220 [likes=8, dislikes=1, completion=0.739030023094688, like_ratio=0.888888888888889, like_rate=0.0184757505773672, tedium=19.5]	SOLVED	drrrrddlUruLLLdRulullddRDDldRurDuluuluurDDDDldRuuuurrdLulDurrrrdLulldlDDDuuuurrrdLLulDDD	7.36187	27	88	58	58	928	165	23	134	16	2.84483	1.16228	40.3478	58	0	0	0	0	0.0	0.0	0.0	0	0.0	0.0	0.0	0	0	0	0.0
71 - David W. Skinner - 221 [likes=14, dislikes=1, completion=0.71599045346062, like_ratio=0.933333333333333, like_rate=0.0334128878281623, tedium=60.0]	SOLVED	urDDuulllddddddrrrrrrrrrruuuuulllddllldlluRRRRdrUlllluuullldRurrdddrrrrUdlllluuulldRurDDullldddddrrrrrrrrrruuuuullulldRRRllddllldlluRRRRdrUU	8.61593	22	140	86	86	688	115	72	72	8	1.33721	1.22442	9.55556	86	0	0	0	0	0.0	0.0	0.0	0	0.0	0.0	0.0	0	0	0	0.0
26 - David W. Skinner - 222 [likes=20, dislikes=0, completion=0.666666666666667, like_ratio=1.0, like_rate=0.0233100233100233, tedium=13.6666666666667]	SOLVED	drddlUdrddlUUlldRurruuulldRDrdLrddlUruuluurDD	5.96702	11	45	47	47	564	73	32	60	12	1.55319	1.41909	17.625	47	0	0	0	0	0.0	0.0	0.0	0	0.0	0.0	0.0	0	0	0	0.0
119 - David W. Skinner - 223 [likes=9, dislikes=0, completion=0.701807228915663, like_ratio=1.0, like_rate=0.0271084337349398, tedium=43.6666666666667]	SOLVED	drddrruruuuulullldDDuuurrrdrddddldlluuruuLrddlddrruruuuulullldDrDDDuuullddRluuruurrrdrddddldlLLrrruruuuululllddDrDDuuuluurrrdrddddldldlluRdllluRdrruuuulldRurDD	7.39534	19	159	123	123	1476	286	152	215	12	2.3252	1.28823	9.71053	123	0	0	0	0	0.0	0.0	0.0	0	0.0	0.0	0.0	0	0	0	0.0
30 - David W. Skinner - 224 [likes=22, dislikes=0, completion=0.797797797797798, like_ratio=1.0, like_rate=0.022022022022022, tedium=7.0]	SOLVED	uluurDldddrrUruuLLulD	5.0393	6	21	6	6	72	18	3	9	12	3	1.34801	24	6	0	0	0	0	0.0	0.0	0.0	0	0.0	0.0	0.0	0	0	0	0.0
4 - David W. Skinner - 225 [likes=41, dislikes=3, completion=0.754407294832827, like_ratio=0.931818181818182, like_rate=0.0249240121580547, tedium=7.66666666666667]	SOLVED	ullDLurrrdLullddRluurrdLrrddlUruL	5.81384	8	33	12	12	144	40	14	42	12	3.33333	1.36426	10.2857	12	0	0	0	0	0.0	0.0	0.0	0	0.0	0.0	0.0	0	0	0	0.0
67 - David W. Skinner - 226 [likes=19, dislikes=1, completion=0.603149606299213, like_ratio=0.95, like_rate=0.0299212598425197, tedium=12.3333333333333]	SOLVED	uurrdDuullddRluurrdrddLruulullddrRdrrddllUlURuuullddR	5.10758	9	53	25	25	300	41	12	35	12	1.64	1.42997	25	25	0	0	0	0	0.0	0.0	0.0	0	0.0	0.0	0.0	0	0	0	0.0
135 - David W. Skinner - 228 [likes=8, dislikes=0, completion=0.634969325153374, like_ratio=1.0, like_rate=0.0245398773006135, tedium=33.75]	SOLVED	ullDurrddlddRRuuluulllldddrRlluuurrdDrrrddllUdrruuluullddRRRRRurDlllluulllldddrRurrrrrrDulllddllUdrruurrddLLuuluullddRdllluuRurDllddrrruRuulldDrrRRlddrruUllllddRRRluulllullddrRurrrddllUluRRRRRdrU	14.659	37	195	1430	1430	22880	2722	2140	1474	16	1.9035	1.21697	10.6916	1430	0	0	0	0	0.0	0.0	0.0	0	0.0	0.0	0.0	0	0	0	0.0
92 - David W. Skinner - 229 [likes=14, dislikes=0, completion=0.799539170506912, like_ratio=1.0, like_rate=0.032258064516129, tedium=42.0]	SOLVED	uuullllLLrrddllULURdlLdlluRRRuUdrRRRRRlllddllUdrruurrrRuurrddLruulldDllllddlluluRluluurDDDrdLrdrruurrrrDDuullllddlluuRldlLdlluRRRurrRRRRRllllddllUdrruurrrruurrddLrddlluUllllddlluluRddrruurrrrddrddlUUrruullllllddlluuRRRRR	11.3306	49	220	1219	1219	14628	1709	559	560	12	1.40197	1.15606	26.1682	1219	0	0	0	0	0.0	0.0	0.0	0	0.0	0.0	0.0	0	0	0	0.0
8 - David W. Skinner - 230 [likes=30, dislikes=1, completion=0.745454545454545, like_ratio=0.967741935483871, like_rate=0.0227272727272727, tedium=48.5]	SOLVED	llDDDDDDldddrruuLuuuuuuurrdLulDDDDDDlllddrrUdlluurRdddrruuLUUUUUUluRdddddddrddlluUdlluurRdrUUUUUU	6.19848	33	97	98	98	784	128	14	39	8	1.30612	1.14905	56	98	0	0	0	0	0.0	0.0	0.0	0	0.0	0.0	0.0	0	0	0	0.0
103 - David W. Skinner - 231 [likes=9, dislikes=1, completion=0.67258883248731, like_ratio=0.9, like_rate=0.0228426395939086, tedium=8.75]	SOLVED	ulLulDrrrddllUUddddlluRdrUUrruullDLDRlD	6.95031	13	39	158	158	2528	408	125	266	16	2.58228	1.47614	20.224	158	0	0	0	0	0.0	0.0	0.0	0	0.0	0.0	0.0	0	0	0	0.0
84 - David W. Skinner - 232 [likes=10, dislikes=0, completion=0.703030303030303, like_ratio=1.0, like_rate=0.0202020202020202, tedium=67.0]	SOLVED	uRlddRluurDrDDuuruLuullllddddddrrrRRRdrruLLLLLLrruuulluRdrdddlldlluuuuuuurrrrdDDDDuulldRuuruulllldddddddrrurRlldlluuuuuuurrrrdddDuuuulllldddddddrruLdlUrrrrRlllllUUUdddrrrrrRdrruLLLLLLdlluuuuUluurrrrrddddDuuuuulllllddrUddddddrruLdlUUUUUluuRRRlllddrUluRddddddrrrRlllluuuuuuRlddddddrrrrRRdrruLLLLLLLdlUUUUUUluR	23.5105	69	307	3234	3234	38808	5139	2874	2493	12	1.58905	1.12426	13.5031	3234	0	0	0	0	0.0	0.0	0.0	0	0.0	0.0	0.0	0	0	0	0.0
10 - David W. Skinner - 233 [likes=31, dislikes=2, completion=0.688768606224628, like_ratio=0.93939393939394, like_rate=0.0209742895805142, tedium=29.6666666666667]	SOLVED	rddrruuLLddrrrruuuuurrdddLruuullddDLLddlluuRlddrrrrUdlllluurRddrruUUUddddlluuRlddrruUUdddlllllluuRRRRRlddrruU	6.2248	22	109	88	88	1056	134	67	90	12	1.52273	1.2257	15.7612	88	0	0	0	0	0.0	0.0	0.0	0	0.0	0.0	0.0	0	0	0	0.0
47 - David W. Skinner - 234 [likes=17, dislikes=0, completion=0.696160267111853, like_ratio=1.0, like_rate=0.0283806343906511, tedium=41.5]	SOLVED	rrruuulldRRddlllluuRRRurDDuurrdLulldlllddrrrRRRlllllluurrurrDllllddrrrrrrdrruLLLLLLdlluuurrrrDulllldddrrurRlldlluRR	5.91703	23	115	82	82	656	111	52	45	8	1.35366	1.21118	12.6154	82	0	0	0	0	0.0	0.0	0.0	0	0.0	0.0	0.0	0	0	0	0.0
51 - David W. Skinner - 235 [likes=16, dislikes=0, completion=0.794594594594595, like_ratio=1.0, like_rate=0.0288288288288288, tedium=17.0]	SOLVED	rddllulURuLdlluurDrdddrrruuLrddlluluurDullldRR	5.56071	9	46	14	14	112	27	13	24	8	1.92857	1.34075	8.61538	14	0	0	0	0	0.0	0.0	0.0	0	0.0	0.0	0.0	0	0	0	0.0
29 - David W. Skinner - 236 [likes=6, dislikes=0, completion=0.782222222222222, like_ratio=1.0, like_rate=0.0266666666666667, tedium=17.0]	SOLVED	ruRlddrruLulDlluuurrrDDldRllddrUrrruuLrddlllluluuurrrdD	6.27646	10	55	27	27	324	61	34	51	12	2.25926	1.39039	9.52941	27	0	0	0	0	0.0	0.0	0.0	0	0.0	0.0	0.0	0	0	0	0.0
44 - David W. Skinner - 237 [likes=5, dislikes=0, completion=0.655502392344498, like_ratio=1.0, like_rate=0.0239234449760766, tedium=57.0]	SOLVED	lUlldddrrrrruuruuLLdLLLulDDDuurrrrurrddddlllddlllluuRRRRRlllluuurrrruulDrdLLLulDDuurRdlldDuurrrruulDrdLLLulDurrrrrrdddddlUllddlllluuRlddrrrruurrruuuulldllllDuurrrrrrddddlllddlllluurRllddrrrruurrruuuulldlllldDuuurrrrrrddddlllddlllluuRuuuurrrrrrddlDrdLL	10.714	37	251	655	655	7860	1332	843	991	12	2.03359	1.19156	9.32384	655	0	0	0	0	0.0	0.0	0.0	0	0.0	0.0	0.0	0	0	0	0.0
52 - David W. Skinner - 238 [likes=4, dislikes=0, completion=0.78921568627451, like_ratio=1.0, like_rate=0.0196078431372549, tedium=15.3333333333333]	SOLVED	drrdLLuLrdLuruuruulDDDDlddlluuRRdRUllldRurrUUruulDDDD	6.11792	20	53	188	188	2256	289	118	226	12	1.53723	1.2993	19.1186	188	0	0	0	0	0.0	0.0	0.0	0	0.0	0.0	0.0	0	0	0	0.0
25 - David W. Skinner - 239 [likes=6, dislikes=0, completion=0.714285714285714, like_ratio=1.0, like_rate=0.0214285714285714, tedium=8.5]	SOLVED	ululuurDuurrdLrrddlUddllluurDRddlU	5.91574	7	34	67	67	1072	130	67	141	16	1.9403	1.82334	16	67	0	0	0	0	0.0	0.0	0.0	0	0.0	0.0	0.0	0	0	0	0.0
7 - David W. Skinner - 240 [likes=7, dislikes=0, completion=0.822006472491909, like_ratio=1.0, like_rate=0.0226537216828479, tedium=23.5]	SOLVED	uuLLrrddllluUrrruullDurrddddllluuRRluurrdDlllluRdrrruullD	6.33294	10	57	17	17	136	25	13	18	8	1.47059	1.32753	10.4615	17	0	0	0	0	0.0	0.0	0.0	0	0.0	0.0	0.0	0	0	0	0.0
64 - David W. Skinner - 242 [likes=4, dislikes=0, completion=0.632558139534884, like_ratio=1.0, like_rate=0.0186046511627907, tedium=15.0]	SOLVED	ullDurDrrddlllldlluuluurDrRdddlluUddrrurrrruullDLdRuuulDrddlldlluuluRRRDuRurrdrddL	8.4168	16	82	286	286	4576	870	336	466	16	3.04196	1.42404	13.619	286	0	0	0	0	0.0	0.0	0.0	0	0.0	0.0	0.0	0	0	0	0.0
49 - David W. Skinner - 243 [likes=4, dislikes=0, completion=0.785714285714286, like_ratio=1.0, like_rate=0.019047619047619, tedium=7.5]	SOLVED	uluUUluRurrddDuuulldRlddddrrruulDLddrUruuluLuurD	6.24816	11	48	85	85	1360	232	51	100	16	2.72941	1.49762	26.6667	85	0	0	0	0	0.0	0.0	0.0	0	0.0	0.0	0.0	0	0	0	0.0
65 - David W. Skinner - 244 [likes=5, dislikes=0, completion=0.669811320754717, like_ratio=1.0, like_rate=0.0235849056603774, tedium=10.8]	SOLVED	RUrDrdDuulllddRddllluuuuuuurrrDullldddddddrrruuluurrrddLUruL	6.12563	10	60	67	67	1340	162	45	179	20	2.41791	1.52268	29.7778	67	0	0	0	0	0.0	0.0	0.0	0	0.0	0.0	0.0	0	0	0	0.0
6 - David W. Skinner - 245 [likes=10, dislikes=0, completion=0.769491525423729, like_ratio=1.0, like_rate=0.0338983050847458, tedium=27.5]	SOLVED	rRRdddrdrruuLLuluurDDDrrddllUlUUruLdddrdrruulLuulLrdrddlUUruL	6.39846	17	61	31	31	248	47	17	31	8	1.51613	1.22385	14.5882	31	0	0	0	0	0.0	0.0	0.0	0	0.0	0.0	0.0	0	0	0	0.0
32 - David W. Skinner - 246 [likes=5, dislikes=0, completion=0.664233576642336, like_ratio=1.0, like_rate=0.0182481751824818, tedium=41.3333333333333]	SOLVED	lluuuurrrddLruulldldddrrrdLulluuuurrrddlDuLrdDlluUddrrrdddlluUddrruuuluullddRdddrruuLUUdlluuruurrddLruulldLurrrddlLrddlluUddrrdrddlluUruuullddRdrUUdlluuruulDulldRurrddRluulldRurD	7.24023	25	178	254	254	3048	410	333	353	12	1.61417	1.24794	9.15315	254	0	0	0	0	0.0	0.0	0.0	0	0.0	0.0	0.0	0	0	0	0.0
24 - David W. Skinner - 247 [likes=5, dislikes=0, completion=0.745644599303136, like_ratio=1.0, like_rate=0.0174216027874564, tedium=69.5]	SOLVED	ulldRurDDuRRRuurrddLLLLrrrddlllLrrrruulllLdddlluRRRRRllluuulldRurDrrrrdDDrrrdddldllluluurRuuuullllDurrrrddlllLdlluRRRRRllluurrrrdDrdrrdddldllluluurrdrUlllddrdrrruruuulullDurrdrdddldllluluurRuRlddrU	6.55646	36	197	209	209	1672	326	173	138	8	1.55981	1.15997	9.66474	209	0	0	0	0	0.0	0.0	0.0	0	0.0	0.0	0.0	0	0	0	0.0
53 - David W. Skinner - 248 [likes=5, dislikes=0, completion=0.759183673469388, like_ratio=1.0, like_rate=0.0204081632653061, tedium=21.6666666666667]	SOLVED	ldlUddlluRdrUrurrdLLuuulldRRddLUddlluRdrUruuurDullldRRddlUruLddrrruLdlU	6.4912	19	71	189	189	2268	305	243	251	12	1.61376	1.31769	9.33333	189	0	0	0	0	0.0	0.0	0.0	0	0.0	0.0	0.0	0	0	0	0.0
69 - David W. Skinner - 249 [likes=5, dislikes=0, completion=0.797101449275362, like_ratio=1.0, like_rate=0.0241545893719807, tedium=2.25]	SOLVED	DRlLdRuuULrRuLdlDrdrUUdllD	6.26404	13	26	73	73	2336	367	9	176	32	5.0274	1.39102	259.556	73	0	0	0	0	0.0	0.0	0.0	0	0.0	0.0	0.0	0	0	0	0.0
28 - David W. Skinner - 250 [likes=5, dislikes=0, completion=0.666666666666667, like_ratio=1.0, like_rate=0.0168350168350168, tedium=14.0]	SOLVED	uLrddlULUlldRRuRDrruLdddlUruuLLrrrruullllDurrrrddldldlU	6.32696	15	55	103	103	1236	179	134	155	12	1.73786	1.36204	9.22388	103	0	0	0	0	0.0	0.0	0.0	0	0.0	0.0	0.0	0	0	0	0.0
23 - David W. Skinner - 251 [likes=7, dislikes=0, completion=0.649056603773585, like_ratio=1.0, like_rate=0.0264150943396226, tedium=60.0]	SOLVED	RDDldRRRdrruLuuluLulDDurrdrddLLLrrruululldDllddrURRRdrUUdllluuurrdRddllllluRdrrrruuRRlllulldDuurrdrrrurrddlUllllullddldRRRdrUUdllluuurrdRRRuurrdLrddlU	6.77207	37	150	109	109	872	169	81	123	8	1.55046	1.13518	10.7654	109	0	0	0	0	0.0	0.0	0.0	0	0.0	0.0	0.0	0	0	0	0.0
1 - David W. Skinner - 252 [likes=12, dislikes=0, completion=0.710261569416499, like_ratio=1.0, like_rate=0.0241448692152917, tedium=22.0]	SOLVED	dllUdrruLLUluurDldDuurDldRddlUrrruLdllUUrDldRuuuulDD	6.11902	17	52	40	40	320	57	39	43	8	1.425	1.24234	8.20513	40	0	0	0	0	0.0	0.0	0.0	0	0.0	0.0	0.0	0	0	0	0.0
35 - David W. Skinner - 253 [likes=5, dislikes=0, completion=0.659663865546218, like_ratio=1.0, like_rate=0.0210084033613445, tedium=65.6666666666667]	SOLVED	rurDlllluulldddddrrrrurUdldlllluuuuurrrrurrrdrdddlLuLLLUdrrrdrruuulullldLLLulDDDDDDrrrrurUdldlllddlluRdrUluuuuuurrdrddlUUruLLulDDDDDuuuurrrrurrrdrdddlluLdrrruuulullldllllddddDuuuuurrrrurrrdrdddllulLrdrrruuulullldlllldddddRluuuuurrrrurrrdrdddllullLuullldddddrddlluRuuuuuurrdrdrrddldlLrruruulldlUUruLLulDDDDDDDldR	14.8798	48	311	1286	1286	15432	2493	1611	1389	12	1.93857	1.16085	9.57914	1286	0	0	0	0	0.0	0.0	0.0	0	0.0	0.0	0.0	0	0	0	0.0
19 - David W. Skinner - 254 [likes=9, dislikes=0, completion=0.663120567375887, like_ratio=1.0, like_rate=0.0319148936170213, tedium=25.0]	SOLVED	ruulllDurrDulldRurrdddddlluluUddrdrruuuuulldRurDDDlUruulldRullldRRldddrdrrUdlluluuuurrrDulldR	5.92722	16	93	49	49	588	97	48	66	12	1.97959	1.27537	12.25	49	0	0	0	0	0.0	0.0	0.0	0	0.0	0.0	0.0	0	0	0	0.0
58 - David W. Skinner - 255 [likes=3, dislikes=0, completion=0.783898305084746, like_ratio=1.0, like_rate=0.0127118644067797, tedium=33.0]	SOLVED	uuLLdlDDuuruLdddrUluurrrddLLdllluuuRldddrrrurruullDlDururrddlLdLLdlluRuuurRdrdrruululDrrddlldlLrrurruulllllddDrddrUluluuurrrrrddlldLrurruullllldddldRuuuurrrrrddlldlLrrurruulllllddDuuurrdDrdLLruuurDurrddlLulDrdL	8.37364	32	210	322	322	5152	788	255	606	16	2.4472	1.19776	20.2039	322	0	0	0	0	0.0	0.0	0.0	0	0.0	0.0	0.0	0	0	0	0.0
15 - David W. Skinner - 256 [likes=8, dislikes=0, completion=0.609090909090909, like_ratio=1.0, like_rate=0.0242424242424242, tedium=13.3333333333333]	SOLVED	dlllUdrrruulDrdLdlluuRlluurDldRddrruruulDLLddrUdrU	5.9953	12	50	46	46	552	69	19	63	12	1.5	1.37582	29.0526	46	0	0	0	0	0.0	0.0	0.0	0	0.0	0.0	0.0	0	0	0	0.0
42 - David W. Skinner - 257 [likes=5, dislikes=0, completion=0.561594202898551, like_ratio=1.0, like_rate=0.0181159420289855, tedium=35.6666666666667]	SOLVED	ldlluuurrRllldddrrurUrULLrddldlluuuluurrrrDDlLLdddrrurUruLLruulllldDldRurDuluurrrrddrruLdllLLdlluRuurrrrDrddldldllUdrrururuLL	6.48195	24	125	150	150	1800	232	155	241	12	1.54667	1.23217	11.6129	150	0	0	0	0	0.0	0.0	0.0	0	0.0	0.0	0.0	0	0	0	0.0
43 - David W. Skinner - 258 [likes=5, dislikes=0, completion=0.776119402985075, like_ratio=1.0, like_rate=0.0186567164179104, tedium=27.0]	SOLVED	lddddrrruuluLulDDurrdLrrddllULLLdlUrrrdrrruulullDurrdrddlluLLLuLDldRurrruurrdLulDrdLLLulDlluR	7.65393	24	93	324	324	3888	617	354	511	12	1.90432	1.27235	10.9831	324	0	0	0	0	0.0	0.0	0.0	0	0.0	0.0	0.0	0	0	0	0.0
14 - David W. Skinner - 259 [likes=6, dislikes=0, completion=0.735408560311284, like_ratio=1.0, like_rate=0.0233463035019455, tedium=9.66666666666667]	SOLVED	rRlddrUrULdlluururDDrruLLdrdL	5.74787	10	29	18	18	216	36	11	34	12	2	1.33514	19.6364	18	0	0	0	0	0.0	0.0	0.0	0	0.0	0.0	0.0	0	0	0	0.0
38 - David W. Skinner - 260 [likes=4, dislikes=0, completion=0.793577981651376, like_ratio=1.0, like_rate=0.018348623853211, tedium=26.3333333333333]	SOLVED	luluuurrrdLullddddrrruLUUdddlluRdrUUdlluuurRRllldddrruUruLuurrrddLruullldddddlluuRlddrruU	6.39415	15	89	90	90	1080	165	94	143	12	1.83333	1.34984	11.4894	90	0	0	0	0	0.0	0.0	0.0	0	0.0	0.0	0.0	0	0	0	0.0
18 - David W. Skinner - 261 [likes=7, dislikes=0, completion=0.613382899628253, like_ratio=1.0, like_rate=0.0260223048327138, tedium=23.6666666666667]	SOLVED	ullDDRdddlluRRuulDDrdrruLdlUluuuurrdrdLuullddddldRRuluuuurrddLruulldDDDrdLurrrdLulluurD	6.19943	20	87	193	193	2316	336	159	198	12	1.74093	1.301	14.566	193	0	0	0	0	0.0	0.0	0.0	0	0.0	0.0	0.0	0	0	0	0.0
34 - David W. Skinner - 262 [likes=6, dislikes=0, completion=0.75, like_ratio=1.0, like_rate=0.0267857142857143, tedium=38.0]	SOLVED	ullllddddddrruLdlUUUUUUruulldRdrrrddldLDlUdddrruLuururuullluurDldRRRddldllUUUrrrurDlddrruLullluulldRurDldddddrddlUruuluuuRldddrddlUUUUUruulldRddddrrurruulLrrddlUruL	9.58206	35	164	515	515	6180	970	524	816	12	1.8835	1.19531	11.7939	515	0	0	0	0	0.0	0.0	0.0	0	0.0	0.0	0.0	0	0	0	0.0
22 - David W. Skinner - 263 [likes=5, dislikes=0, completion=0.75107296137339, like_ratio=1.0, like_rate=0.0214592274678112, tedium=47.0]	SOLVED	uulLullDDuRRlldDDuuurrRllldddllddrrUUUUdddrrrruuuruulDDDDuuullullldRRRllddddrrrRlllluuuurrRlllddddrrrrurrdLLLLrruuuruulDDDDrdL	6.81046	31	126	162	162	1296	236	103	68	8	1.45679	1.17835	12.5825	162	0	0	0	0	0.0	0.0	0.0	0	0.0	0.0	0.0	0	0	0	0.0
60 - David W. Skinner - 264 [likes=4, dislikes=0, completion=0.666666666666667, like_ratio=1.0, like_rate=0.0182648401826484, tedium=93.0]	SOLVED	lllllldldRuurrrrrrrrrrrddllldlluRRlllldlluRRRRdrruRRdrruLuulllllllllllddRRdrrurrdrrurRdrUUdllldllulldllulluurrrrrrrrrrRurrdLLLLLLLLLulldllddrrdrrurrRRRRdrUUdllllllldlluRRlllluuurrrrdLLulldddrrrrRllllluuurrdrrrrrrrrRlllllllulllldddrrrrrRRRRllllllllluuurrdrrrrrrrrrurrdLLLLLLLLLulllldddrrrrrrrrrRdrUUdllllllllllluuurrrrdrrrrrrRlllllllulldRRRlulllldddrrrrrrrrrrruuurrdLLddllllllllllluuRurrdrrRRRllllullldRRRRRR	27.631	70	407	4885	4885	58620	6933	3987	2188	12	1.41924	1.12901	14.7028	4885	0	0	0	0	0.0	0.0	0.0	0	0.0	0.0	0.0	0	0	0	0.0
37 - David W. Skinner - 265 [likes=4, dislikes=0, completion=0.60337552742616, like_ratio=1.0, like_rate=0.0168776371308017, tedium=40.6666666666667]	SOLVED	uuululuulldDrrrddlLUdrruuluullddldRuuurrddrddlldlUUUddrrruulLDldRRluurrdDllulluRddrrruuluullDDldRuuurrddLDldRuuruulldDrrrddDuuullddRluurrdrddlUlluulldRdrrrdrddlUruulllluurDldRR	6.8715	29	176	121	121	1452	257	119	187	12	2.12397	1.17983	12.2017	121	0	0	0	0	0.0	0.0	0.0	0	0.0	0.0	0.0	0	0	0	0.0
3 - David W. Skinner - 266 [likes=7, dislikes=0, completion=0.770949720670391, like_ratio=1.0, like_rate=0.0195530726256983, tedium=23.0]	SOLVED	urDurrdLLulldddrrUUddlluuRuRldlddrruUrULrruulD	6.39448	12	46	22	22	176	33	21	28	8	1.5	1.2938	8.38095	22	0	0	0	0	0.0	0.0	0.0	0	0.0	0.0	0.0	0	0	0	0.0
21 - David W. Skinner - 267 [likes=8, dislikes=0, completion=0.70995670995671, like_ratio=1.0, like_rate=0.0346320346320346, tedium=53.0]	SOLVED	ullldddDldddrruUruLdddlluuRUUUUluRRRlldddddlddrruUluuuuurrurDlddrruLullldddddrruLdlUUUUluRRRurDDrddlUlUdrruLuLLLrrrddlUruL	6.05164	33	122	131	131	1048	153	65	119	8	1.16794	1.1592	16.1231	131	0	0	0	0	0.0	0.0	0.0	0	0.0	0.0	0.0	0	0	0	0.0
56 - David W. Skinner - 268 [likes=6, dislikes=0, completion=0.568376068376068, like_ratio=1.0, like_rate=0.0256410256410256, tedium=29.6666666666667]	SOLVED	ddldlluurULdddrruruuLLrruullDlDDuRdllluRdrruulDrdLuururrddLruulldlddrUllldRRurrrddldllUUluR	5.78127	19	91	70	70	840	93	81	105	12	1.32857	1.25058	10.3704	70	0	0	0	0	0.0	0.0	0.0	0	0.0	0.0	0.0	0	0	0	0.0
40 - David W. Skinner - 269 [likes=5, dislikes=0, completion=0.681614349775785, like_ratio=1.0, like_rate=0.0224215246636771, tedium=16.3333333333333]	SOLVED	ruuLuUruLdddrddlUUUUllddRluurrdDuuruullDurrddlddlluuR	5.95021	12	53	47	47	564	84	27	97	12	1.78723	1.37829	20.8889	47	0	0	0	0	0.0	0.0	0.0	0	0.0	0.0	0.0	0	0	0	0.0
17 - David W. Skinner - 270 [likes=7, dislikes=0, completion=0.855263157894737, like_ratio=1.0, like_rate=0.0307017543859649, tedium=13.3333333333333]	SOLVED	ullDDuurrddLdddlluuRlddrruLuUrruullDurrddlDuruulldDD	5.65911	11	52	21	21	252	39	10	33	12	1.85714	1.31887	25.2	21	0	0	0	0	0.0	0.0	0.0	0	0.0	0.0	0.0	0	0	0	0.0
16 - David W. Skinner - 271 [likes=6, dislikes=0, completion=0.743150684931507, like_ratio=1.0, like_rate=0.0205479452054795, tedium=26.6666666666667]	SOLVED	ulDuruulDDrddLLLuuuRlddddlluRdrUUdrrruulDrdLLLdlluRurDrruuruulDDDrdLLLulDrrruuullD	6.43925	25	82	206	206	2472	326	168	226	12	1.58252	1.23753	14.7143	206	0	0	0	0	0.0	0.0	0.0	0	0.0	0.0	0.0	0	0	0	0.0
20 - David W. Skinner - 272 [likes=6, dislikes=0, completion=0.630952380952381, like_ratio=1.0, like_rate=0.0238095238095238, tedium=15.3333333333333]	SOLVED	luRdrUUrruullDlDRuuulDDrdddlluRdrUUUluurDrrddL	5.99049	15	46	43	43	516	54	30	71	12	1.25581	1.28498	17.2	43	0	0	0	0	0.0	0.0	0.0	0	0.0	0.0	0.0	0	0	0	0.0
36 - David W. Skinner - 273 [likes=5, dislikes=0, completion=0.664335664335664, like_ratio=1.0, like_rate=0.0174825174825175, tedium=27.6666666666667]	SOLVED	urrrDulllddrURurrdLLuruurrrdrdddldlllUdrrruruuululllddldLdlluRuRRdRddrrruruuulullldDllldR	6.1226	14	89	87	87	1044	151	78	120	12	1.73563	1.37574	13.3846	87	0	0	0	0	0.0	0.0	0.0	0	0.0	0.0	0.0	0	0	0	0.0
2 - David W. Skinner - 274 [likes=5, dislikes=0, completion=0.925490196078431, like_ratio=1.0, like_rate=0.0196078431372549, tedium=13.5]	SOLVED	rdLulldddrrUUddlluuRuuurrddLDlU	5.22686	8	31	9	9	72	12	9	13	8	1.33333	1.31607	8	9	0	0	0	0	0.0	0.0	0.0	0	0.0	0.0	0.0	0	0	0	0.0
61 - David W. Skinner - 275 [likes=5, dislikes=0, completion=0.730941704035874, like_ratio=1.0, like_rate=0.0224215246636771, tedium=18.8]	SOLVED	dlllllUdllUdrrrruRdllluRdllluRuulDDrdrruLdlUluurrDDrdrruLLLuullddRdRRlluluurrdDldRuuulDDrrrrdrruLLLLLulldRurD	7.50664	29	109	346	346	6920	711	267	430	20	2.05491	1.22336	25.9176	346	0	0	0	0	0.0	0.0	0.0	0	0.0	0.0	0.0	0	0	0	0.0
50 - David W. Skinner - 276 [likes=4, dislikes=0, completion=0.756880733944954, like_ratio=1.0, like_rate=0.018348623853211, tedium=14.25]	SOLVED	LrRllulDrrrdrUlllllddrrUUrrrruullDurrddlLuurDldLLddlluuRRRlluurDldlddrU	7.71678	17	71	343	343	5488	703	189	547	16	2.04956	1.40973	29.037	343	0	0	0	0	0.0	0.0	0.0	0	0.0	0.0	0.0	0	0	0	0.0
46 - David W. Skinner - 277 [likes=5, dislikes=0, completion=0.617224880382775, like_ratio=1.0, like_rate=0.0239234449760766, tedium=51.3333333333333]	SOLVED	dlldlluuurrDLuluullldddddrrruUUUddrrRlllddrrUdllllluuuuurrurrdLLLrrdddddrruruLdrrruLdlluLrddlluUUdrrdrruLLLulDDurrddlLLLdlluRRRRuuuUddddllluuuuluurDDDDDuuuurrurrdLLLrrdddddlldlluRRluuuuluurDDDDD	18.7454	44	194	2130	2130	25560	3553	2053	1719	12	1.66808	1.19027	12.4501	2130	0	0	0	0	0.0	0.0	0.0	0	0.0	0.0	0.0	0	0	0	0.0
11 - David W. Skinner - 278 [likes=7, dislikes=0, completion=0.849557522123894, like_ratio=1.0, like_rate=0.0309734513274336, tedium=13.0]	SOLVED	drdrruLruulDLrrddllUlURddrruLLrruulDrdL	5.68919	11	39	23	23	276	29	13	34	12	1.26087	1.32982	21.2308	23	0	0	0	0	0.0	0.0	0.0	0	0.0	0.0	0.0	0	0	0	0.0
9 - David W. Skinner - 279 [likes=6, dislikes=0, completion=0.784172661870504, like_ratio=1.0, like_rate=0.0215827338129496, tedium=10.6666666666667]	SOLVED	ulllddrRlluurrDrDLuullddddrrrUdlU	5.73755	7	33	13	13	156	24	8	18	12	1.84615	1.44256	19.5	13	0	0	0	0	0.0	0.0	0.0	0	0.0	0.0	0.0	0	0	0	0.0
31 - David W. Skinner - 280 [likes=4, dislikes=0, completion=0.75390625, like_ratio=1.0, like_rate=0.015625, tedium=49.0]	SOLVED	rruuuRRllddddrrrruulDrdLLLuluuurrurrdLLLrrDDrddlUUddllulldRRRdrUruulUdrddllluluuluurDDDuurrurrdLLrddrddllluLLdrrrrruuluulLrrddrddllluluuluurDDDuurrrddrddlUUUdddlllluRdllluRdrruuuurrurrdLLLrrddddllluuuluurDDD	8.37601	41	207	583	583	6996	1084	384	344	12	1.85935	1.16803	18.2188	583	0	0	0	0	0.0	0.0	0.0	0	0.0	0.0	0.0	0	0	0	0.0
5 - David W. Skinner - 281 [likes=7, dislikes=0, completion=0.73992673992674, like_ratio=1.0, like_rate=0.0256410256410256, tedium=30.5]	SOLVED	uulDulldRRurDDrddlUlURuLddrrruLdlluuulldRurrdDuulldRddRurDulluurDDldR	5.93802	19	69	33	33	264	46	33	46	8	1.39394	1.20205	8	33	0	0	0	0	0.0	0.0	0.0	0	0.0	0.0	0.0	0	0	0	0.0
30 - David W. Skinner - 282 [likes=5, dislikes=0, completion=0.616541353383459, like_ratio=1.0, like_rate=0.018796992481203, tedium=64.6666666666667]	SOLVED	lddrrrrrrdrrruuluuruulldDrddrddlULLLLLLLrrrrrrrUdlllllllLuullddRdrUrrrrrrrruULulldRRuuurrddLDDrddllulllllllUdrrrrrrdrrruuluuruulldDrddrddllullllllllluurRddrrrrrrdrrruLLruuulldRurDDrddlluLLLLLLrrrrrdrrruLdllulllllLuullddRluurrRlllddrdrUUdlluuurrrdLddrrrrrrdrruLLLLLLLLuuulldddRdrUUULulDrrrurrdLLLruLdLruL	30.9367	62	303	4655	4655	55860	7564	3944	3160	12	1.62492	1.14594	14.1633	4655	0	0	0	0	0.0	0.0	0.0	0	0.0	0.0	0.0	0	0	0	0.0
4 - David W. Skinner - 283 [likes=8, dislikes=0, completion=0.793733681462141, like_ratio=1.0, like_rate=0.02088772845953, tedium=30.5]	SOLVED	rddlDuruulldlddRdRdrUUdlluRuRRurrddlUruLdlllddrUluRRRurDrdLullluR	6.33205	18	65	89	89	712	149	117	124	8	1.67416	1.28322	6.08547	89	0	0	0	0	0.0	0.0	0.0	0	0.0	0.0	0.0	0	0	0	0.0
8 - David W. Skinner - 284 [likes=8, dislikes=0, completion=0.76984126984127, like_ratio=1.0, like_rate=0.0317460317460317, tedium=13.3333333333333]	SOLVED	rdLLdddrruLUluRdddlUruuullldRurrrrdLulDDuulldR	6.08262	12	46	44	44	528	62	29	52	12	1.40909	1.37074	18.2069	44	0	0	0	0	0.0	0.0	0.0	0	0.0	0.0	0.0	0	0	0	0.0
10 - David W. Skinner - 285 [likes=10, dislikes=0, completion=0.861538461538462, like_ratio=1.0, like_rate=0.021978021978022, tedium=7.66666666666667]	SOLVED	dllURuulldDrdrrruLdlluluurDrDulD	5.53166	8	32	21	21	252	59	6	24	12	2.80952	1.46311	42	21	0	0	0	0	0.0	0.0	0.0	0	0.0	0.0	0.0	0	0	0	0.0
51 - David W. Skinner - 286 [likes=4, dislikes=0, completion=0.702380952380952, like_ratio=1.0, like_rate=0.0158730158730159, tedium=10.25]	SOLVED	rRRuLuruuLrdddrrdLuluuulDlluRRdrddldlluRRUruLulldRR	8.4766	15	51	314	314	5024	843	308	428	16	2.68471	1.46711	16.3117	314	0	0	0	0	0.0	0.0	0.0	0	0.0	0.0	0.0	0	0	0	0.0
1 - Hirohiko Nakamiya - 287 [likes=5, dislikes=0, completion=0.848708487084871, like_ratio=1.0, like_rate=0.018450184501845, tedium=3.5]	SOLVED	LuurrdLrrddlUluRullldDrUdrDldR	6.68907	9	30	37	37	592	346	27	37	16	9.35135	1.49364	21.9259	37	0	0	0	0	0.0	0.0	0.0	0	0.0	0.0	0.0	0	0	0	0.0
3 - Hirohiko Nakamiya - 288 [likes=8, dislikes=0, completion=0.88695652173913, like_ratio=1.0, like_rate=0.0347826086956522, tedium=3.66666666666667]	SOLVED	lUdDldRRluurUdrruLLLdrDRulllUdrrrrD	7.71826	13	35	130	130	3120	1131	65	64	24	8.7	1.45416	48	130	0	0	0	0	0.0	0.0	0.0	0	0.0	0.0	0.0	0	0	0	0.0
1 - Li Jin You - 289 [likes=7, dislikes=0, completion=0.490291262135922, like_ratio=1.0, like_rate=0.0339805825242718, tedium=38.0]	SOLVED	LLddlluuuurrrDrddLruulDlLrruullldDlddrrrUdllluuruurrrddrdLuuulllddrRlllddrrrUrULddllluuruurrrDrddlldllUUddrruuLrdrruLL	6.32874	20	118	74	74	888	96	67	115	12	1.2973	1.24011	13.2537	74	0	0	0	0	0.0	0.0	0.0	0	0.0	0.0	0.0	0	0	0	0.0
6 - Iroh - 290 [likes=8, dislikes=0, completion=0.793388429752066, like_ratio=1.0, like_rate=0.0330578512396694, tedium=11.0]	SOLVED	RRRllURRluLulldRurDrddllUdrruululldRdRluurDrDullddrRuulDldR	5.87402	18	59	70	70	1120	124	54	164	16	1.77143	1.26621	20.7407	70	0	0	0	0	0.0	0.0	0.0	0	0.0	0.0	0.0	0	0	0	0.0
1 - Iroh - 291 [likes=10, dislikes=1, completion=0.672489082969432, like_ratio=0.909090909090909, like_rate=0.0436681222707424, tedium=133.0]	SOLVED	DDurrurrdrddlllldlluRRRRRlllluurrurrdrdDDrddddllluuruRurDDDldRRRRRRRRRlllluururrrdrrrdddllUUdllllluururrrdRRlluuurrdrdDDDuulldddrRRRR	6.66116	34	133	33	33	132	41	24	8	4	1.24242	1.10831	5.5	33	0	0	0	0	0.0	0.0	0.0	0	0.0	0.0	0.0	0	0	0	0.0
5 - Iroh - 292 [likes=8, dislikes=0, completion=0.710900473933649, like_ratio=1.0, like_rate=0.037914691943128, tedium=22.2]	SOLVED	lddrrruuLUUlluurDurrdLdddrddlUUUdddlluuRDrruLuUddddLuruuuruulDDDDrddlluluRddrruLUUUruulDDDDDLuruuuullddRluurrdDDDuuuulDrdddrdLuuuulldRurDDDrddL	10.123	40	143	777	777	15540	1169	607	1231	20	1.5045	1.18103	25.6013	777	0	0	0	0	0.0	0.0	0.0	0	0.0	0.0	0.0	0	0	0	0.0
8 - Iroh - 293 [likes=8, dislikes=0, completion=0.540909090909091, like_ratio=1.0, like_rate=0.0363636363636364, tedium=13.75]	SOLVED	rrURdllluRdrrrruuLrddlllluRdrrruulDrdLLLuRdrruululDrrddllluluRddrrruulDLrrdLuuulDlD	6.78599	18	83	177	177	2832	298	177	360	16	1.68362	1.33318	16	177	0	0	0	0	0.0	0.0	0.0	0	0.0	0.0	0.0	0	0	0	0.0
7 - Jordi Doménech - 294 [likes=8, dislikes=0, completion=0.697674418604651, like_ratio=1.0, like_rate=0.0372093023255814, tedium=11.0]	SOLVED	LulldRurDrddllUUrDulluR	5.98027	8	23	15	15	120	22	7	23	8	1.46667	1.40285	17.1429	15	0	0	0	0	0.0	0.0	0.0	0	0.0	0.0	0.0	0	0	0	0.0
33 - Jordi Doménech - 295 [likes=7, dislikes=0, completion=0.601990049751244, like_ratio=1.0, like_rate=0.0348258706467662, tedium=12.0]	SOLVED	ruRdllluRRdrrruuLDrdLLLuRdrUlllldRRR	6.11539	14	36	37	37	444	51	27	32	12	1.37838	1.29424	16.4444	37	0	0	0	0	0.0	0.0	0.0	0	0.0	0.0	0.0	0	0	0	0.0
6 - Jordi Doménech - 296 [likes=6, dislikes=0, completion=0.829166666666667, like_ratio=1.0, like_rate=0.025, tedium=10.5]	SOLVED	rUdlluRuurrdLulDDldRR	5.47648	8	21	12	12	96	15	0	11	8	1.25	1.36426	0	12	0	0	0	0	0.0	0.0	0.0	0	0.0	0.0	0.0	0	0	0	0.0
45 - Jordi Doménech - 297 [likes=6, dislikes=0, completion=0.728971962616822, like_ratio=1.0, like_rate=0.0280373831775701, tedium=13.3333333333333]	SOLVED	dRUUdrrdLLulluRuRDldRdrruLLullddRUUdrrdL	6.32363	16	40	47	47	564	81	26	59	12	1.7234	1.27206	21.6923	47	0	0	0	0	0.0	0.0	0.0	0	0.0	0.0	0.0	0	0	0	0.0
12 - Jordi Doménech - 298 [likes=6, dislikes=0, completion=0.756218905472637, like_ratio=1.0, like_rate=0.0298507462686567, tedium=12.0]	SOLVED	RurDRdrruLLLulldRdRUrrdL	5.79511	11	24	25	25	200	35	13	26	8	1.4	1.33994	15.3846	25	0	0	0	0	0.0	0.0	0.0	0	0.0	0.0	0.0	0	0	0	0.0
62 - Jordi Doménech - 299 [likes=3, dislikes=0, completion=0.793522267206478, like_ratio=1.0, like_rate=0.0121457489878543, tedium=15.0]	SOLVED	uLLulldRlddrURlluurrDullddrUruLdrrrddlUruLdLruLdLruulDlDurrdL	6.24972	17	61	53	53	636	94	11	57	12	1.77358	1.26307	57.8182	53	0	0	0	0	0.0	0.0	0.0	0	0.0	0.0	0.0	0	0	0	0.0
58 - Jordi Doménech - 300 [likes=3, dislikes=0, completion=0.63594470046083, like_ratio=1.0, like_rate=0.0138248847926267, tedium=15.0]	SOLVED	ulllDRddlUruullDurrddlUrurrdLulDlddrUluluRRldddlUruurRllddrUruL	6.4526	15	63	52	52	624	87	46	94	12	1.67308	1.30137	13.5652	52	0	0	0	0	0.0	0.0	0.0	0	0.0	0.0	0.0	0	0	0	0.0
15 - Jordi Doménech - 301 [likes=4, dislikes=0, completion=0.809264305177112, like_ratio=1.0, like_rate=0.0108991825613079, tedium=8.33333333333333]	SOLVED	LLLUlldRurRdrruLLuLrdLLdRR	6.10657	14	26	36	36	432	44	32	68	12	1.22222	1.29171	13.5	36	0	0	0	0	0.0	0.0	0.0	0	0.0	0.0	0.0	0	0	0	0.0
55 - Jordi Doménech - 302 [likes=6, dislikes=0, completion=0.685483870967742, like_ratio=1.0, like_rate=0.0241935483870968, tedium=11.0]	SOLVED	RRllddRRULrrruulDrddLLululDurRddrruLLrruulDrdL	6.24375	16	46	66	66	1056	133	33	84	16	2.01515	1.29934	32	66	0	0	0	0	0.0	0.0	0.0	0	0.0	0.0	0.0	0	0	0	0.0
43 - Jordi Doménech - 303 [likes=5, dislikes=0, completion=0.705179282868526, like_ratio=1.0, like_rate=0.0199203187250996, tedium=13.3333333333333]	SOLVED	RRRlllddrUluRRurrDLdLLrruulDllDurrrddrUlLL	8.73558	16	42	67	67	804	108	40	100	12	1.61194	1.30056	20.1	67	0	0	0	0	0.0	0.0	0.0	0	0.0	0.0	0.0	0	0	0	0.0
38 - Jordi Doménech - 304 [likes=5, dislikes=0, completion=0.844339622641509, like_ratio=1.0, like_rate=0.0235849056603774, tedium=12.3333333333333]	SOLVED	luRRUrrddlUllluRdrrruulDrdLLLulDurRdrruulDrdLLL	7.76334	16	47	33	33	396	53	22	75	12	1.60606	1.24425	18	33	0	0	0	0	0.0	0.0	0.0	0	0.0	0.0	0.0	0	0	0	0.0
63 - Jordi Doménech - 305 [likes=3, dislikes=0, completion=0.766169154228856, like_ratio=1.0, like_rate=0.0149253731343284, tedium=9.2]	SOLVED	ulLdllURuulDDrdrRuLdlUluurrDulDrRdrruLLdrrdLLLruuL	7.61887	18	50	120	120	2400	337	95	193	20	2.80833	1.3047	25.2632	120	0	0	0	0	0.0	0.0	0.0	0	0.0	0.0	0.0	0	0	0	0.0
34 - Jordi Doménech - 306 [likes=6, dislikes=0, completion=0.721393034825871, like_ratio=1.0, like_rate=0.0298507462686567, tedium=12.0]	SOLVED	uLLLrddlluRdrURurrdLLLdlluRuRRllddrU	5.99495	14	36	68	68	816	109	34	79	12	1.60294	1.35174	24	68	0	0	0	0	0.0	0.0	0.0	0	0.0	0.0	0.0	0	0	0	0.0
60 - Jordi Doménech - 307 [likes=5, dislikes=0, completion=0.825892857142857, like_ratio=1.0, like_rate=0.0223214285714286, tedium=15.0]	SOLVED	dRRUdlluRuRlddrUrrdLLurruulDDlluRdrruulDrdLLdLruulD	5.83417	17	51	37	37	444	67	18	75	12	1.81081	1.23665	24.6667	37	0	0	0	0	0.0	0.0	0.0	0	0.0	0.0	0.0	0	0	0	0.0
17 - Jordi Doménech - 308 [likes=7, dislikes=0, completion=0.735408560311284, like_ratio=1.0, like_rate=0.0272373540856031, tedium=8.66666666666667]	SOLVED	rrddLUruLdddlluRdrUruulLDRddlU	5.64424	10	30	24	24	288	34	6	37	12	1.41667	1.37411	48	24	0	0	0	0	0.0	0.0	0.0	0	0.0	0.0	0.0	0	0	0	0.0
82 - Jordi Doménech - 309 [likes=3, dislikes=0, completion=0.790178571428571, like_ratio=1.0, like_rate=0.0133928571428571, tedium=10.6]	SOLVED	LLLUlluurrrrDrddllluUddrrruulLuLrdrrddllUllldRurrdrruLuullLrrrddLLLdlUrrrruulDrdLdLruLLrruulDrdL	8.46493	24	96	351	351	7020	956	521	683	20	2.72365	1.2766	13.4741	351	0	0	0	0	0.0	0.0	0.0	0	0.0	0.0	0.0	0	0	0	0.0
16 - Jordi Doménech - 310 [likes=6, dislikes=0, completion=0.798245614035088, like_ratio=1.0, like_rate=0.0263157894736842, tedium=8.66666666666667]	SOLVED	rrrruuLDLdlluRuRlddrRlluurDrruLddL	5.88404	10	34	25	25	300	37	14	42	12	1.48	1.37973	21.4286	25	0	0	0	0	0.0	0.0	0.0	0	0.0	0.0	0.0	0	0	0	0.0
77 - Jordi Doménech - 311 [likes=3, dislikes=0, completion=0.665178571428571, like_ratio=1.0, like_rate=0.0133928571428571, tedium=17.3333333333333]	SOLVED	rULrruulDLLLdlUrrrddrUruLdlLulldRRRdrUruulDLrrdLulLrrddlUruL	5.83728	21	60	76	76	912	106	45	115	12	1.39474	1.22903	20.2667	76	0	0	0	0	0.0	0.0	0.0	0	0.0	0.0	0.0	0	0	0	0.0
2 - Jordi Doménech - 312 [likes=8, dislikes=0, completion=0.842857142857143, like_ratio=1.0, like_rate=0.0380952380952381, tedium=3.33333333333333]	SOLVED	dLruLullDR	5.84758	5	10	7	7	84	13	0	5	12	1.85714	1.47577	0	7	0	0	0	0	0.0	0.0	0.0	0	0.0	0.0	0.0	0	0	0	0.0
61 - Jordi Doménech - 313 [likes=3, dislikes=0, completion=0.704119850187266, like_ratio=1.0, like_rate=0.0112359550561798, tedium=11.25]	SOLVED	ldRdRRULdlUluurrDullddrdrruruLddlluRRllluurDldRRluurDrDulldR	5.7177	17	60	66	66	1056	109	37	105	16	1.65152	1.27948	28.5405	66	0	0	0	0	0.0	0.0	0.0	0	0.0	0.0	0.0	0	0	0	0.0
46 - Jordi Doménech - 314 [likes=5, dislikes=0, completion=0.68976897689769, like_ratio=1.0, like_rate=0.0165016501650165, tedium=10.0]	SOLVED	UluuRDRDulldRdRluurRurDlllddrRlluurruLdlddrUluRurrdLLdlluuRDuR	6.2999	19	62	87	87	1392	171	66	122	16	1.96552	1.26497	21.0909	87	0	0	0	0	0.0	0.0	0.0	0	0.0	0.0	0.0	0	0	0	0.0
9 - Jordi Doménech - 315 [likes=5, dislikes=0, completion=0.844036697247706, like_ratio=1.0, like_rate=0.0229357798165138, tedium=11.5]	SOLVED	ruLulllddrURuLdrRdrruLLLulD	5.92507	10	27	20	20	160	27	3	13	8	1.35	1.34928	53.3333	20	0	0	0	0	0.0	0.0	0.0	0	0.0	0.0	0.0	0	0	0	0.0
31 - Jordi Doménech - 316 [likes=8, dislikes=0, completion=0.733532934131736, like_ratio=1.0, like_rate=0.0239520958083832, tedium=8.75]	SOLVED	uLLDurrdLdLdlluuuRlddRRlluurRRlllddrrUdlluRuRldR	6.4621	15	48	25	25	400	61	3	26	16	2.44	1.23936	133.333	25	0	0	0	0	0.0	0.0	0.0	0	0.0	0.0	0.0	0	0	0	0.0
5 - Jordi Doménech - 317 [likes=7, dislikes=0, completion=0.815, like_ratio=1.0, like_rate=0.035, tedium=8.5]	SOLVED	luRRurrdLdLLuRurD	7.45175	8	17	12	12	96	18	2	10	8	1.5	1.36426	48	12	0	0	0	0	0.0	0.0	0.0	0	0.0	0.0	0.0	0	0	0	0.0
30 - Jordi Doménech - 318 [likes=6, dislikes=0, completion=0.770161290322581, like_ratio=1.0, like_rate=0.0241935483870968, tedium=11.6666666666667]	SOLVED	ddrUdrruLdlluuurrDDLdlUUdrrrdLuuulDrddL	5.91703	11	39	46	46	552	94	30	67	12	2.04348	1.41631	18.4	46	0	0	0	0	0.0	0.0	0.0	0	0.0	0.0	0.0	0	0	0	0.0
10 - Jordi Doménech - 319 [likes=6, dislikes=0, completion=0.822727272727273, like_ratio=1.0, like_rate=0.0272727272727273, tedium=12.0]	SOLVED	dldRdrruLdlUluurrDLdlUdrR	5.99521	8	25	12	12	96	25	6	15	8	2.08333	1.36426	16	12	0	0	0	0	0.0	0.0	0.0	0	0.0	0.0	0.0	0	0	0	0.0
47 - Jordi Doménech - 320 [likes=5, dislikes=0, completion=0.62882096069869, like_ratio=1.0, like_rate=0.0218340611353712, tedium=13.6666666666667]	SOLVED	LLullDRddlUrRluurDldlUrrrrddlUruLLulDlddrUUrrdL	5.3373	16	47	42	42	504	66	17	52	12	1.57143	1.26314	29.6471	42	0	0	0	0	0.0	0.0	0.0	0	0.0	0.0	0.0	0	0	0	0.0
51 - Jordi Doménech - 321 [likes=5, dislikes=0, completion=0.771551724137931, like_ratio=1.0, like_rate=0.021551724137931, tedium=14.3333333333333]	SOLVED	DRddlluRdrUluurrrddLLUluRdRdldlluRdrUluRuRlddrU	5.5625	15	47	61	61	732	132	38	87	12	2.16393	1.31529	19.2632	61	0	0	0	0	0.0	0.0	0.0	0	0.0	0.0	0.0	0	0	0	0.0
10 - Jordi Doménech - 322 [likes=2, dislikes=0, completion=0.263157894736842, like_ratio=1.0, like_rate=0.0080971659919028, tedium=17.75]	SOLVED	uruullllulldRRRRurrdddlllldlluRUdRRRdrruuuulldllulldRddrrrdrruLruuLrddlLrruulDrddlluLrdrruL	7.08764	17	91	330	330	5280	538	114	275	16	1.6303	1.40653	46.3158	330	0	0	0	0	0.0	0.0	0.0	0	0.0	0.0	0.0	0	0	0	0.0
1 - Jordi Doménech - 323 [likes=5, dislikes=0, completion=0.708333333333333, like_ratio=1.0, like_rate=0.0231481481481481, tedium=34.5]	SOLVED	LdllluuurRdDrddrrruuuullLulDDulldddrRlluuurrdDuurrrrddddlllUdrrruuuulllllldddrR	5.47512	11	79	16	16	128	33	6	9	8	2.0625	1.28666	21.3333	16	0	0	0	0	0.0	0.0	0.0	0	0.0	0.0	0.0	0	0	0	0.0
12 - Marti Homs Caussa - 324 [likes=5, dislikes=0, completion=0.288372093023256, like_ratio=1.0, like_rate=0.0232558139534884, tedium=15.8333333333333]	SOLVED	UdrruuuullllDurrdrrdddlluUddrruLruuulllldDuurrrdDuulllddRlDurRUdlluurRdrrdLLrrddllUdrruuullulldddRluuurrdrdrddlUruullulldddrRdrruuuuLdrdddlluULdrdrruuuulLrdrdddllullUdrrdrruLruuullLrrdrdLLruulDrddLLrruulDLrrdL	15.8947	33	209	1424	1424	34176	3010	2537	2218	24	2.11376	1.24612	13.471	1424	0	0	0	0	0.0	0.0	0.0	0	0.0	0.0	0.0	0	0	0	0.0
3 - Marti Homs Caussa - 325 [likes=2, dislikes=0, completion=0.497536945812808, like_ratio=1.0, like_rate=0.0098522167487684, tedium=15.3333333333333]	SOLVED	rrdLulLrrruLdlldlluRRRlddrUrruulDrdLLLulldRurRdrruulDllldR	5.85586	16	58	92	92	1104	157	82	173	12	1.70652	1.32659	13.4634	92	0	0	0	0	0.0	0.0	0.0	0	0.0	0.0	0.0	0	0	0	0.0
90 - Alberto García - 326 [likes=2, dislikes=0, completion=0.820388349514563, like_ratio=1.0, like_rate=0.0097087378640776, tedium=3.8]	SOLVED	uuuLrddLLrrdLuruulDrdLdLruuLrddlU	5.89442	10	33	31	31	620	64	14	43	20	2.06452	1.40973	44.2857	31	0	0	0	0	0.0	0.0	0.0	0	0.0	0.0	0.0	0	0	0	0.0
50 - Alberto García - 327 [likes=3, dislikes=0, completion=0.330434782608696, like_ratio=1.0, like_rate=0.0130434782608696, tedium=15.4]	SOLVED	ulDDDDuuuullddddRdRUUUddlluuRDDuuluurDDuurrdLullddddrruUddddlUruuulluurDurrdLdddddrruLL	8.21296	22	87	295	295	5900	511	401	911	20	1.7322	1.29498	14.7132	295	0	0	0	0	0.0	0.0	0.0	0	0.0	0.0	0.0	0	0	0	0.0
7 - Alberto García - 328 [likes=3, dislikes=0, completion=0.809090909090909, like_ratio=1.0, like_rate=0.0136363636363636, tedium=16.0]	SOLVED	luuuuRDldddrruuruLdddlluuuururDllddRUdlddrruruuLrdL	5.78024	9	51	15	15	180	26	15	29	12	1.73333	1.35107	12	15	0	0	0	0	0.0	0.0	0.0	0	0.0	0.0	0.0	0	0	0	0.0
20 - Alberto García - 329 [likes=4, dislikes=0, completion=0.870292887029289, like_ratio=1.0, like_rate=0.0167364016736402, tedium=6.0]	SOLVED	uulDurUruulDDulDrDulldR	5.82137	8	23	17	17	204	30	0	27	12	1.76471	1.42497	0	17	0	0	0	0	0.0	0.0	0.0	0	0.0	0.0	0.0	0	0	0	0.0
15 - Alberto García - 330 [likes=2, dislikes=0, completion=0.866071428571429, like_ratio=1.0, like_rate=0.0059523809523809, tedium=16.0]	SOLVED	ullddlllulldRRRdrruulDldRdddllulUUdddrrruuuurDulllulldRRllDDuurrRdrruulDrdL	6.41355	16	75	78	78	936	333	75	65	12	4.26923	1.31297	12.48	78	0	0	0	0	0.0	0.0	0.0	0	0.0	0.0	0.0	0	0	0	0.0
5 - Alberto García - 331 [likes=4, dislikes=0, completion=0.841409691629956, like_ratio=1.0, like_rate=0.0176211453744493, tedium=3.14285714285714]	SOLVED	rUrUdlluuuuRdldddrruLdlUUdrUUdlU	5.72772	10	32	27	27	756	102	7	48	28	3.77778	1.39039	108	27	0	0	0	0	0.0	0.0	0.0	0	0.0	0.0	0.0	0	0	0	0.0
4 - Alberto García - 332 [likes=4, dislikes=0, completion=0.786407766990291, like_ratio=1.0, like_rate=0.0194174757281553, tedium=6.4]	SOLVED	uLLdlLdlUUUUluRddRlddrUUddrrurrdLL	6.77275	14	34	122	122	2440	318	56	116	20	2.60656	1.40937	43.5714	122	0	0	0	0	0.0	0.0	0.0	0	0.0	0.0	0.0	0	0	0	0.0
13 - Alberto García - 333 [likes=2, dislikes=0, completion=0.791469194312796, like_ratio=1.0, like_rate=0.0094786729857819, tedium=17.8]	SOLVED	ldldldlLrrururuulDlDlDururrdLdLdLruruulDlDlDLDurururrdLdLdLdLrururuulDlDlDlDurururrdLdLLrruulDldDuurrdLulDrdL	6.1764	29	109	224	224	4480	357	21	619	20	1.59375	1.20516	213.333	224	0	0	0	0	0.0	0.0	0.0	0	0.0	0.0	0.0	0	0	0	0.0
1 - Alberto García - 334 [likes=4, dislikes=0, completion=0.726072607260726, like_ratio=1.0, like_rate=0.0132013201320132, tedium=18.0]	SOLVED	uuurDurrrdrdDrdrruLdlLLruuuulllldlddrrrDrrrruuLrddllllullluuurrrrdrDDurrdLuluulllldDldRRuluurrrdrdrddLLLrrruuluulllldddrDrrrruulDrdLLL	7.57008	22	134	248	248	3968	742	161	375	16	2.99194	1.28481	24.646	248	0	0	0	0	0.0	0.0	0.0	0	0.0	0.0	0.0	0	0	0	0.0
46 - Alberto García - 335 [likes=3, dislikes=0, completion=0.893023255813953, like_ratio=1.0, like_rate=0.013953488372093, tedium=13.5]	SOLVED	uuullLLddRluurrdDlllluuRRRRRlddrruU	5.52257	11	35	26	26	208	57	12	9	8	2.19231	1.34473	17.3333	26	0	0	0	0	0.0	0.0	0.0	0	0.0	0.0	0.0	0	0	0	0.0
7 - Alberto García - 336 [likes=3, dislikes=0, completion=0.773504273504274, like_ratio=1.0, like_rate=0.0128205128205128, tedium=31.0]	SOLVED	ulluurrurDDrdddrrurrurruullullLLrrrrdrrddlldldllluuululuurDDlllddrrRllluurrrDDurDDulldRdRRRuuurUruLLLLrrrddldddllluuuuluurDDDrdDldRuuulDD	8.74095	28	137	295	295	3540	792	335	301	12	2.68475	1.2252	10.5672	295	0	0	0	0	0.0	0.0	0.0	0	0.0	0.0	0.0	0	0	0	0.0
33 - Alberto García - 337 [likes=3, dislikes=0, completion=0.804761904761905, like_ratio=1.0, like_rate=0.0142857142857143, tedium=13.75]	SOLVED	rdrUUUUUluurDrDrDululldRdRRlluRdldddlluuRlddrruUUruulldRurD	5.20592	18	59	59	59	944	89	6	58	16	1.50847	1.25424	157.333	59	0	0	0	0	0.0	0.0	0.0	0	0.0	0.0	0.0	0	0	0	0.0
48 - Alberto García - 338 [likes=6, dislikes=0, completion=0.855721393034826, like_ratio=1.0, like_rate=0.0298507462686567, tedium=9.5]	SOLVED	ruurUdddllluRlulluuururrrdLullddldddrrrRllulluurDlddrruLuuuurrdLulDlddrdddrrrrUlllululuurrrrdRullldLdddrrruR	7.79329	13	108	105	105	1680	603	127	290	16	5.74286	1.43046	13.2283	105	0	0	0	0	0.0	0.0	0.0	0	0.0	0.0	0.0	0	0	0	0.0
6 - Alberto García - 339 [likes=2, dislikes=0, completion=0.811659192825112, like_ratio=1.0, like_rate=0.0089686098654708, tedium=12.0]	SOLVED	ullldDrUluRuulDDrRRlllDurrrurrdLLLLulDrddL	5.43028	15	42	44	44	528	67	9	49	12	1.52273	1.28696	58.6667	44	0	0	0	0	0.0	0.0	0.0	0	0.0	0.0	0.0	0	0	0	0.0
45 - Alberto García - 340 [likes=4, dislikes=0, completion=0.792828685258964, like_ratio=1.0, like_rate=0.0159362549800797, tedium=37.0]	SOLVED	uuururrrdLLulDDDrddrrrrrruuuuLLLLdrdrDuluuullldlddrddrrrRlllululldRdrrrrrRluuluulLLulDlddrrDrdrrrrdrUUUddlllllulldRuulluurDlddrdrRRRRRdrUUdlluuluulllldDldRurDldRRRRRRdrU	18.7123	40	169	1556	1556	18672	3212	2813	2730	12	2.06427	1.20171	6.63775	1556	0	0	0	0	0.0	0.0	0.0	0	0.0	0.0	0.0	0	0	0	0.0
28 - Alberto García - 341 [likes=2, dislikes=0, completion=0.796019900497512, like_ratio=1.0, like_rate=0.0099502487562189, tedium=22.3333333333333]	SOLVED	rrrrUUUruulldRurDlddddllluurRllddrUdrruUUUruLdddrUdlddlluluRRlddrruUUrU	6.40435	18	71	119	119	1428	187	72	117	12	1.57143	1.30409	19.8333	119	0	0	0	0	0.0	0.0	0.0	0	0.0	0.0	0.0	0	0	0	0.0
1 - Alberto García - 342 [likes=5, dislikes=0, completion=0.75975975975976, like_ratio=1.0, like_rate=0.015015015015015, tedium=12.0]	SOLVED	uullDDDuuurrddddlLuuuullddRluurrrrddddlluUUdlluurRddddLUruuuRlllddRluurrdDDldRuuuLdlU	5.86357	18	85	119	119	1904	277	85	147	16	2.32773	1.30409	22.4	119	0	0	0	0	0.0	0.0	0.0	0	0.0	0.0	0.0	0	0	0	0.0
19 - Alberto García - 343 [likes=2, dislikes=0, completion=0.7375, like_ratio=1.0, like_rate=0.0083333333333333, tedium=36.0]	SOLVED	uulllllddrUluRRRurrdddldLruruuulldRlllddlddrUluuurrrurrDlllldlddrUluurrrrrrddlldlLrrurruulDulllllddrUluRddrdrruRldlluluuRRRurDDrrddlULuullllddlddrUUUluRRRRurDrD	8.38485	31	160	421	421	5052	728	427	686	12	1.72922	1.21522	11.8314	421	0	0	0	0	0.0	0.0	0.0	0	0.0	0.0	0.0	0	0	0	0.0
42 - Alberto García - 344 [likes=2, dislikes=0, completion=0.909502262443439, like_ratio=1.0, like_rate=0.0090497737556561, tedium=7.2]	SOLVED	uuRluuruurrdrDuullldRurrddDuuulldldlddrRlluururRurDDullldldRdlddrUluR	5.75602	12	69	44	44	880	190	17	44	20	4.31818	1.37074	51.7647	44	0	0	0	0	0.0	0.0	0.0	0	0.0	0.0	0.0	0	0	0	0.0
43 - Alberto García - 345 [likes=3, dislikes=0, completion=0.805825242718447, like_ratio=1.0, like_rate=0.0145631067961165, tedium=9.66666666666667]	SOLVED	uuuuulldlDururrdLrddddlllluuRRlDldR	5.95092	7	35	19	19	228	46	17	39	12	2.42105	1.52293	13.4118	19	0	0	0	0	0.0	0.0	0.0	0	0.0	0.0	0.0	0	0	0	0.0
14 - Alberto García - 346 [likes=4, dislikes=1, completion=0.839449541284404, like_ratio=0.8, like_rate=0.018348623853211, tedium=35.0]	SOLVED	rdrrrruLLLdlUrrrrrururuulDlDlDldlllUdrrrurururrdLdLdLdllulluUluRddddrrrruLdlluluurUdldddrrruLdlluuuuuRddldddrruLdlUUdrrrrruruulDlDurrdLdLdllulluluurrrUdlllddrUluRdrUdldddrrrruLrruulDldLLrrurrdLdllllUdrrrruLLdlluluuuruRddllddrUUluRddddrruLdlUUluururuR	7.4744	45	250	244	244	3904	765	164	990	16	3.13525	1.12993	23.8049	244	0	0	0	0	0.0	0.0	0.0	0	0.0	0.0	0.0	0	0	0	0.0
22 - Alberto García - 347 [likes=2, dislikes=0, completion=0.781659388646288, like_ratio=1.0, like_rate=0.0087336244541484, tedium=28.0]	SOLVED	uuurUrruulDLddldllluuuurrrDrrrdLullDDuurrdLdlDlddrruLdlUruuruulDuuRddlDuurrruulDldddlDuurrruLLddldDldRuuuuruulDDDDulDD	9.93771	27	118	440	440	5280	1342	732	620	12	3.05	1.25287	7.21311	440	0	0	0	0	0.0	0.0	0.0	0	0.0	0.0	0.0	0	0	0	0.0
3 - Alberto García - 348 [likes=3, dislikes=0, completion=0.73109243697479, like_ratio=1.0, like_rate=0.0126050420168067, tedium=29.0]	SOLVED	ldlllllluluurRllddrdrrrrruruuullldRurrddddlllllluluurrRlllddrdrrrrruruuulldRurDrddldlllllluUrurRdDuuurrdLrrrddldllLLrrrurruululllDrrrrddlUruLulldlDDuuurrrdLLulDlldlluRRRRurrdrdddllLrruruuullldDDuuurrdLulD	11.3857	29	204	955	955	15280	2073	908	1320	16	2.17068	1.26695	16.8282	955	0	0	0	0	0.0	0.0	0.0	0	0.0	0.0	0.0	0	0	0	0.0
21 - Alberto García - 349 [likes=1, dislikes=0, completion=0.766990291262136, like_ratio=1.0, like_rate=0.0048543689320388, tedium=16.0]	SOLVED	urRlluuuuuuurrdrdDuuulllddddrrdrruLLruuuulllddddddddrrrUUdllluuuuuuurrdrdddrdrdLuulldRuuuuullldddddddrrrUdllluuuuuuRRllddddddrrruUddllluuuuuuurrrDlllddddddrrrurU	7.46059	15	161	169	169	2704	606	179	312	16	3.5858	1.40775	15.1061	169	0	0	0	0	0.0	0.0	0.0	0	0.0	0.0	0.0	0	0	0	0.0
16 - Alberto García - 350 [likes=3, dislikes=0, completion=0.833333333333333, like_ratio=1.0, like_rate=0.0128205128205128, tedium=11.75]	SOLVED	ddLLrrrddlddlluUUdddrruuruululllDurrdLrrrddlUddLdlUUUUruLddddrruuruL	6.9571	15	68	159	159	2544	511	104	75	16	3.21384	1.40204	24.4615	159	0	0	0	0	0.0	0.0	0.0	0	0.0	0.0	0.0	0	0	0	0.0
50 - Alberto García - 351 [likes=5, dislikes=0, completion=0.538745387453875, like_ratio=1.0, like_rate=0.018450184501845, tedium=11.75]	SOLVED	DrDrDrDulululldRdRdRdRlululuurDrDrDululldRRldRR	5.84047	16	47	58	58	928	82	19	100	16	1.41379	1.28889	48.8421	58	0	0	0	0	0.0	0.0	0.0	0	0.0	0.0	0.0	0	0	0	0.0
11 - Alberto García - 352 [likes=2, dislikes=0, completion=0.81294964028777, like_ratio=1.0, like_rate=0.0071942446043165, tedium=36.5]	SOLVED	ldlllluuRurDDrruuuuulldlDuurrrdddddllullddrRurruuuuulldldDrdddRlddrruUluluuluuurrrddddrdLdlllluuRurDDullddrR	6.59565	14	108	31	31	248	78	28	35	8	2.51613	1.27799	8.85714	31	0	0	0	0	0.0	0.0	0.0	0	0.0	0.0	0.0	0	0	0	0.0
5 - Alberto García - 353 [likes=3, dislikes=0, completion=0.861244019138756, like_ratio=1.0, like_rate=0.0143540669856459, tedium=13.25]	SOLVED	ldlllllUluuRRllddrdrruurRddlllluluurrRdrruulDllluurDldlddrdrruuRlddlluluurRRdddrrurruuulllDldddlluUddrruuurrDulllulldRRRR	6.49877	18	121	82	82	1312	353	85	159	16	4.30488	1.27739	15.4353	82	0	0	0	0	0.0	0.0	0.0	0	0.0	0.0	0.0	0	0	0	0.0
8 - Alberto García - 354 [likes=4, dislikes=0, completion=0.854785478547855, like_ratio=1.0, like_rate=0.0132013201320132, tedium=7.33333333333333]	SOLVED	DDrddlULrruLuuluurDDDDD	5.35079	11	23	50	50	600	71	5	77	12	1.42	1.42709	120	50	0	0	0	0	0.0	0.0	0.0	0	0.0	0.0	0.0	0	0	0	0.0
7 - Alberto García - 355 [likes=6, dislikes=0, completion=0.651260504201681, like_ratio=1.0, like_rate=0.0252100840336134, tedium=21.75]	SOLVED	ulllllLdLdLdLrururuulDlDlDlDDrUrUrUdlLuRuRRRldLurrRllllDurrrrRdrruLLLLLdlluRdllddrUrurUdldlluRR	8.01462	32	95	596	596	9536	795	285	792	16	1.33389	1.22103	33.4596	596	0	0	0	0	0.0	0.0	0.0	0	0.0	0.0	0.0	0	0	0	0.0
6 - Alberto García - 356 [likes=5, dislikes=0, completion=0.724696356275304, like_ratio=1.0, like_rate=0.0202429149797571, tedium=17.6666666666667]	SOLVED	ururruruulDLLrruullldlldddrRuUdddrrurUdldlluuuUluRdddddrrururuLddldlluuuuuRldddddrruruuLrddldlluR	5.98066	13	97	53	53	636	157	72	68	12	2.96226	1.35718	8.83333	53	0	0	0	0	0.0	0.0	0.0	0	0.0	0.0	0.0	0	0	0	0.0
16 - Alberto García - 357 [likes=4, dislikes=0, completion=0.897560975609756, like_ratio=1.0, like_rate=0.0195121951219512, tedium=5.0]	SOLVED	uURuulDrdL	5.46988	5	10	6	6	48	24	3	12	8	4	1.43097	16	6	0	0	0	0	0.0	0.0	0.0	0	0.0	0.0	0.0	0	0	0	0.0
10 - Alberto García - 358 [likes=4, dislikes=0, completion=0.797235023041475, like_ratio=1.0, like_rate=0.0184331797235023, tedium=13.6666666666667]	SOLVED	RdrRuLdlddrUluUrrdLurrrdLulllDDuurrrdLullluurDDDurrdL	6.22617	15	53	59	59	708	113	28	58	12	1.91525	1.31237	25.2857	59	0	0	0	0	0.0	0.0	0.0	0	0.0	0.0	0.0	0	0	0	0.0
13 - Alberto García - 359 [likes=3, dislikes=0, completion=0.73972602739726, like_ratio=1.0, like_rate=0.0136986301369863, tedium=11.25]	SOLVED	RRRdddlluRRuuRurDlllluurDldRuRDrruLLdlluurDldRR	6.26848	17	47	118	118	1888	340	67	59	16	2.88136	1.32396	28.1791	118	0	0	0	0	0.0	0.0	0.0	0	0.0	0.0	0.0	0	0	0	0.0
44 - Alberto García - 360 [likes=2, dislikes=0, completion=0.73, like_ratio=1.0, like_rate=0.01, tedium=9.0]	SOLVED	ldlDDDrDuluuururrdddddLDuruulDllDlddrURUdlluR	5.96568	13	45	53	53	1060	111	14	55	20	2.09434	1.35718	75.7143	53	0	0	0	0	0.0	0.0	0.0	0	0.0	0.0	0.0	0	0	0	0.0
7 - Alberto García - 361 [likes=1, dislikes=0, completion=0.716049382716049, like_ratio=1.0, like_rate=0.0041152263374485, tedium=15.0]	SOLVED	lddRDuUddrdrddlluUUluurrDDldddrruuLuuulDuruulDD	5.67176	12	47	84	84	1008	207	99	158	12	2.46429	1.44663	10.1818	84	0	0	0	0	0.0	0.0	0.0	0	0.0	0.0	0.0	0	0	0	0.0
6 - Alberto García - 362 [likes=2, dislikes=0, completion=0.881773399014778, like_ratio=1.0, like_rate=0.0098522167487684, tedium=9.0]	SOLVED	ulululldRurDDDuullllddrrRDDuullluurDurrrdrddLruulDlDurrdLuuullldldRR	6.73961	15	68	71	71	1420	306	57	102	20	4.30986	1.32867	24.9123	71	0	0	0	0	0.0	0.0	0.0	0	0.0	0.0	0.0	0	0	0	0.0
24 - Alberto García - 363 [likes=1, dislikes=0, completion=0.651960784313726, like_ratio=1.0, like_rate=0.0049019607843137, tedium=5.0]	SOLVED	uuulDDDDuuulldRurrddlUruL	5.41535	8	25	15	15	300	46	6	23	20	3.06667	1.40285	50	15	0	0	0	0	0.0	0.0	0.0	0	0.0	0.0	0.0	0	0	0	0.0
1 - Alberto García - 364 [likes=2, dislikes=0, completion=0.805785123966942, like_ratio=1.0, like_rate=0.0082644628099173, tedium=38.0]	SOLVED	llllDDDDuuuurrrddldLDlUUUluRRRllddddlddrUUUUddddrUluurruruUruLdddldlluUluRRRllluururrrddLdlldddrruruUddldllddrUluuuurrrruLdddldLdlUUUluRR	7.74228	34	137	308	308	3696	740	391	369	12	2.4026	1.18357	9.45269	308	0	0	0	0	0.0	0.0	0.0	0	0.0	0.0	0.0	0	0	0	0.0
11 - Alberto García - 365 [likes=2, dislikes=0, completion=0.761467889908257, like_ratio=1.0, like_rate=0.0091743119266055, tedium=11.5]	SOLVED	uuulluRdrddLrdrddllluuUUdrruululluurrrdDllldRurrDDuullddddddrrruuuL	6.16079	10	67	48	48	768	248	60	55	16	5.16667	1.47273	12.8	48	0	0	0	0	0.0	0.0	0.0	0	0.0	0.0	0.0	0	0	0	0.0
9 - Alberto García - 366 [likes=1, dislikes=0, completion=0.857707509881423, like_ratio=1.0, like_rate=0.0039525691699604, tedium=6.0]	SOLVED	luuuUdrrdLuruuuLrddddddlluUU	5.41736	6	28	9	9	144	24	1	11	16	2.66667	1.44225	144	9	0	0	0	0	0.0	0.0	0.0	0	0.0	0.0	0.0	0	0	0	0.0
6 - Dries De Clercq - 367 [likes=5, dislikes=0, completion=0.520661157024793, like_ratio=1.0, like_rate=0.0206611570247934, tedium=19.25]	SOLVED	rUUdLruUUlldRDrddlUUUluurDrDDlddrUluUruLdddrUlullddRluurruulDrdLrdrddlUUUluurDrDLddrU	6.81172	28	85	156	156	2496	227	143	204	16	1.45513	1.19764	17.4545	156	0	0	0	0	0.0	0.0	0.0	0	0.0	0.0	0.0	0	0	0	0.0
1 - Dries De Clercq - 368 [likes=17, dislikes=0, completion=0.572207084468665, like_ratio=1.0, like_rate=0.0463215258855586, tedium=21.0]	SOLVED	rDDLruulDlDDlddrUrrUUUlldDldRuuurrdLulDDlddrUUUrrddLruulldlddrU	6.2808	21	63	42	42	504	50	9	43	12	1.19048	1.19481	56	42	0	0	0	0	0.0	0.0	0.0	0	0.0	0.0	0.0	0	0	0	0.0
14 - Dries De Clercq - 369 [likes=5, dislikes=0, completion=0.27536231884058, like_ratio=1.0, like_rate=0.0241545893719807, tedium=47.0]	SOLVED	drddlUdlluRRdrddllUdrruululldRddrruuruLdddlluuRlddrruruulLruulDDrrddldlluuluRdddrruUUdddlluuuRldddrruuLulDrrruLLuurDDldlluRdrUruulDDrrddlUUlldRurrddldllUdrruruulllldRurrDulldR	6.45058	32	175	111	111	1332	149	163	198	12	1.34234	1.15855	8.17178	111	0	0	0	0	0.0	0.0	0.0	0	0.0	0.0	0.0	0	0	0	0.0
2 - Dries De Clercq - 370 [likes=13, dislikes=0, completion=0.574534161490683, like_ratio=1.0, like_rate=0.0403726708074534, tedium=25.3333333333333]	SOLVED	ddlUdrddlUruulllddRRUruLruulDrddlddrUUUUlDrddllluuRRurDDulllddrrUruLLrdddrUU	5.47507	22	76	99	99	1188	130	82	105	12	1.31313	1.23228	14.4878	99	0	0	0	0	0.0	0.0	0.0	0	0.0	0.0	0.0	0	0	0	0.0
9 - Dries De Clercq - 371 [likes=3, dislikes=0, completion=0.55, like_ratio=1.0, like_rate=0.0136363636363636, tedium=33.0]	SOLVED	rDDLruulDDrDLLddrrUdllulluRdrdrruUddlluluuRlddrdrruuUdlLulDrrruLuurDDDllluRdrruulDldddrrUULulldldRuurrdLrrddllUdrruuluurDDD	6.41004	31	123	120	120	1440	190	135	165	12	1.58333	1.167	10.6667	120	0	0	0	0	0.0	0.0	0.0	0	0.0	0.0	0.0	0	0	0	0.0
5 - Dries De Clercq - 372 [likes=10, dislikes=0, completion=0.294906166219839, like_ratio=1.0, like_rate=0.0268096514745308, tedium=35.3333333333333]	SOLVED	rDDrddllluuRRuulDrdDrruLdlUdrddlUlluuRRDrdLuuluurDDDrruLdlUdrddlUruulllddRRdrUllluurrDuluurDDllddrRlluurrDRDLL	5.93264	32	110	183	183	2196	243	149	202	12	1.32787	1.1768	14.7383	183	0	0	0	0	0.0	0.0	0.0	0	0.0	0.0	0.0	0	0	0	0.0
4 - Dries De Clercq - 373 [likes=13, dislikes=0, completion=0.349358974358974, like_ratio=1.0, like_rate=0.0416666666666667, tedium=34.3333333333333]	SOLVED	dddddrruLdlUUlluurrDrDLuuurDDldddrruLdlUUUruulDrdDuulllddRRUruLddddrruLUddlUruUluurDDDDldRuuulDlluuRlddrruruulD	6.28801	31	111	181	181	2172	246	196	270	12	1.35912	1.18257	11.0816	181	0	0	0	0	0.0	0.0	0.0	0	0.0	0.0	0.0	0	0	0	0.0
8 - Dries De Clercq - 374 [likes=5, dislikes=0, completion=0.504385964912281, like_ratio=1.0, like_rate=0.0219298245614035, tedium=33.0]	SOLVED	RRDulldRRuurrdLrddddlluUddrruuuulLrrddddlluuURldddrruuUluulDDlluRRdrrdddlluUddrruuulLuurDurDDDDuuulldRullldRurrrDDuullldRRurD	8.39186	30	125	194	194	2328	336	208	237	12	1.73196	1.19196	11.1923	194	0	0	0	0	0.0	0.0	0.0	0	0.0	0.0	0.0	0	0	0	0.0
7 - Yoshio Murase - 375 [likes=3, dislikes=0, completion=0.787128712871287, like_ratio=1.0, like_rate=0.0148514851485149, tedium=19.0]	SOLVED	dlluluuRDDlddrruruuLrruullDlldddRuluurDRRdrUUdllllddrUluurrdrddLdlU	5.32602	15	67	64	64	768	129	72	111	12	2.01562	1.31951	10.6667	64	0	0	0	0	0.0	0.0	0.0	0	0.0	0.0	0.0	0	0	0	0.0
6 - Yoshio Murase - 376 [likes=4, dislikes=0, completion=0.615023474178404, like_ratio=1.0, like_rate=0.0187793427230047, tedium=19.6666666666667]	SOLVED	uluurrdrrrddLLrruulllulDrrrrddllUdrruulLLulldddrRlluuRlddrUUluRdddrRuuLrddlluUrrrrddL	5.74326	16	85	82	82	984	145	57	80	12	1.76829	1.31708	17.2632	82	0	0	0	0	0.0	0.0	0.0	0	0.0	0.0	0.0	0	0	0	0.0
32 - Yoshio Murase - 377 [likes=3, dislikes=0, completion=0.569506726457399, like_ratio=1.0, like_rate=0.0134529147982063, tedium=24.6666666666667]	SOLVED	rrddlddrrUUddlllluRdrrruuruLdllDurruulDulDrrdddlLulldRRRdrUUUruLulldDDuuurrddddlLuuRluurDrDD	6.06325	23	92	200	200	2400	294	211	332	12	1.47	1.25906	11.3744	200	0	0	0	0	0.0	0.0	0.0	0	0.0	0.0	0.0	0	0	0	0.0
1 - Yoshio Murase - 378 [likes=12, dislikes=0, completion=0.456591639871383, like_ratio=1.0, like_rate=0.0385852090032154, tedium=28.6666666666667]	SOLVED	luuluRurrrddlLrruullldlddrdrrUdlluluururrrddLddlluUddrruuLUdrddlluluuRuRDllddrUddrruuL	5.89202	13	86	52	52	624	80	34	116	12	1.53846	1.35519	18.3529	52	0	0	0	0	0.0	0.0	0.0	0	0.0	0.0	0.0	0	0	0	0.0
3 - Yoshio Murase - 379 [likes=5, dislikes=0, completion=0.687285223367698, like_ratio=1.0, like_rate=0.0171821305841924, tedium=14.6666666666667]	SOLVED	ddlldddlUruurruulDrdLuLDDulluRRddDlUruulldRurDrruL	5.23941	14	50	52	52	624	87	30	83	12	1.67308	1.32609	20.8	52	0	0	0	0	0.0	0.0	0.0	0	0.0	0.0	0.0	0	0	0	0.0
21 - Yoshio Murase - 380 [likes=3, dislikes=0, completion=0.748815165876777, like_ratio=1.0, like_rate=0.014218009478673, tedium=27.3333333333333]	SOLVED	drdLLrrddllUdrruuululldlddRUluurrrddLLrrrddllUluRRurDlldllUrrruullDurrddldlluRuurrddrDuululllDrdRRurD	6.6493	20	101	65	65	780	103	67	99	12	1.58462	1.2321	11.6418	65	0	0	0	0	0.0	0.0	0.0	0	0.0	0.0	0.0	0	0	0	0.0
2 - Yoshio Murase - 381 [likes=4, dislikes=0, completion=0.431547619047619, like_ratio=1.0, like_rate=0.0119047619047619, tedium=32.0]	SOLVED	lddllddrUluuurrrrddLdLUrruulllldddRluuurrrrddllLrrruulllldDrrUdlluurRddlddlUUrrrdLullddrUruuullDDRdrUrruuL	6.67187	19	106	117	117	1404	186	116	178	12	1.58974	1.28485	12.1034	117	0	0	0	0	0.0	0.0	0.0	0	0.0	0.0	0.0	0	0	0	0.0
5 - Yoshio Murase - 382 [likes=6, dislikes=0, completion=0.568281938325991, like_ratio=1.0, like_rate=0.026431718061674, tedium=23.6666666666667]	SOLVED	dlDurrdLdLLdlluurDDurrruulDrdLLdlluurDrddrUUllldRurrruulDrdLLLdlUrrrdLL	6.10205	21	71	181	181	2172	277	134	177	12	1.53039	1.28088	16.209	181	0	0	0	0	0.0	0.0	0.0	0	0.0	0.0	0.0	0	0	0	0.0
4 - Yoshio Murase - 383 [likes=4, dislikes=0, completion=0.781746031746032, like_ratio=1.0, like_rate=0.0158730158730159, tedium=12.6666666666667]	SOLVED	dlLruulDLDlddrUUlURRllUddrRRdrUUUlldRdrU	6.00606	18	40	95	95	1140	259	54	72	12	2.72632	1.28787	21.1111	95	0	0	0	0	0.0	0.0	0.0	0	0.0	0.0	0.0	0	0	0	0.0
8 - Yoshio Murase - 384 [likes=2, dislikes=0, completion=0.700892857142857, like_ratio=1.0, like_rate=0.0089285714285714, tedium=20.0]	SOLVED	lDDuurrddLrrddllULUUddrdrruuluulLdllddRluurrurrddLruulldllddrRlluurruLrrrddrddllUlUUdRluluRR	6.09744	19	92	62	62	744	115	52	63	12	1.85484	1.24261	14.3077	62	0	0	0	0	0.0	0.0	0.0	0	0.0	0.0	0.0	0	0	0	0.0
10 - Yoshio Murase - 385 [likes=3, dislikes=0, completion=0.47867298578199, like_ratio=1.0, like_rate=0.014218009478673, tedium=15.6666666666667]	SOLVED	UdrUlluuurrdrrddLLrruullDLDlUUddrRddlUUruurrddL	5.77823	14	47	66	66	792	108	48	94	12	1.63636	1.34886	16.5	66	0	0	0	0	0.0	0.0	0.0	0	0.0	0.0	0.0	0	0	0	0.0
2 - Yoshio Murase - 386 [likes=1, dislikes=0, completion=0.418604651162791, like_ratio=1.0, like_rate=0.0046511627906976, tedium=30.0]	SOLVED	ddLdlluRlluuurrdDrruuLulDlldddrdrrUdlluRuRldlluuurrDulldddrdrrUllluuurrdDuulldddrdrrurULddlluRUrrdLdlluluuurrrrD	6.10971	18	112	128	128	1536	206	136	226	12	1.60938	1.30938	11.2941	128	0	0	0	0	0.0	0.0	0.0	0	0.0	0.0	0.0	0	0	0	0.0
1 - Laura Wheeler - 387 [likes=5, dislikes=0, completion=0.830188679245283, like_ratio=1.0, like_rate=0.0188679245283019, tedium=5.25]	SOLVED	LddrruUUdlluurRddlDuruLdlUruLddddRuuullDrddrRuulllD	6.69082	13	51	82	82	1312	645	56	29	16	7.86585	1.40351	23.4286	82	0	0	0	0	0.0	0.0	0.0	0	0.0	0.0	0.0	0	0	0	0.0
4 - Laura Wheeler - 388 [likes=5, dislikes=0, completion=0.767326732673267, like_ratio=1.0, like_rate=0.0247524752475248, tedium=12.5]	SOLVED	RulllddddrruLdrrruuUlulllddDuuurrdLrrrdddllulluUddrrRllluurrrrdD	5.87784	9	64	33	33	528	115	3	30	16	3.48485	1.47477	176	33	0	0	0	0	0.0	0.0	0.0	0	0.0	0.0	0.0	0	0	0	0.0
1 - Shaggath - 389 [likes=6, dislikes=0, completion=0.633064516129032, like_ratio=1.0, like_rate=0.0241935483870968, tedium=44.5]	SOLVED	lluuRRRuurrddrUlullddRluurrdrddlUlluurrurDDulllddrrUruLLrdddrUluulLLrddlllddrrUdlluurRRuurrddrUlullddRluurrdrddlUlluurrurDDulllddlddlUrurrrUruLLrdddrUUlulLddldlluRRRRluurrdrddlUlluurrurDDulllddrrUruLLrdddrU	10.3443	41	206	722	722	11552	1130	603	1089	16	1.5651	1.17414	19.1575	722	0	0	0	0	0.0	0.0	0.0	0	0.0	0.0	0.0	0	0	0	0.0
7 - Eric F. Tchong - 390 [likes=3, dislikes=0, completion=0.318627450980392, like_ratio=1.0, like_rate=0.0147058823529412, tedium=5.875]	SOLVED	uLruulDuruuLrdddllllluuRldddRuluuuRdlddrrrrrddlUruLLruruulDDrdL	10.9707	13	63	399	399	12768	1124	335	426	32	2.81704	1.58517	38.1134	399	0	0	0	0	0.0	0.0	0.0	0	0.0	0.0	0.0	0	0	0	0.0
3 - Aymeric du Peloux - 391 [likes=7, dislikes=0, completion=0.506329113924051, like_ratio=1.0, like_rate=0.029535864978903, tedium=41.0]	SOLVED	lluuurRRllldddrrrrruuuululLDurrdrddlUlLuurrDrddddllllluuuuuRldddddrrrrruuuLdrddllllluuuuurRddLruuRurDlllldDDDuuuurrrrDrddlULLuurrDrdLuullddLruurrddLruulllldDDuuurrrrddlLLruulldD	6.60951	30	177	162	162	1944	278	144	203	12	1.71605	1.18481	13.5	162	0	0	0	0	0.0	0.0	0.0	0	0.0	0.0	0.0	0	0	0	0.0
4 - Aymeric du Peloux - 392 [likes=5, dislikes=0, completion=0.631578947368421, like_ratio=1.0, like_rate=0.0239234449760766, tedium=26.75]	SOLVED	rrrruulDrdLLLuRdldlluuRRlldlluRRddrruLLrrrrruulDrdLLLuRdrruulDrdLullddlluuRRRRdrUllldRullldRullldRurrrrdRullldRRulllldRRR	11.1537	33	121	1020	1020	16320	1671	1435	1708	16	1.63824	1.23359	11.3728	1020	0	0	0	0	0.0	0.0	0.0	0	0.0	0.0	0.0	0	0	0	0.0
1 - Aymeric du Peloux - 393 [likes=13, dislikes=0, completion=0.392294220665499, like_ratio=1.0, like_rate=0.0227670753064799, tedium=48.0]	SOLVED	drrrrdrrddllUUruLLLulldRddrRlluuRRRdrrddllUllluurrrurDllllddrrrUddrruuLuLLLrrrdrddlldlUrrruululDDuullulldRddrRdRUUruulDlLulDrrrDDlddrUUUruLLLrrdrrddLruulldlddrUUUruLL	7.41506	43	166	294	294	3528	414	275	420	12	1.40816	1.14131	12.8291	294	0	0	0	0	0.0	0.0	0.0	0	0.0	0.0	0.0	0	0	0	0.0
3 - Aymeric du Peloux - 394 [likes=5, dislikes=0, completion=0.286764705882353, like_ratio=1.0, like_rate=0.0183823529411765, tedium=45.0]	SOLVED	dllddrrrruuuuuulllllldddRluuurrrrrrddddddlllldllluurRllddrrrurrrruuuuuulllllldddrDrrruullDldRulluuurrrrrrddddddllllULrddlUrrrrruuuuuulllllldddrrDulluuurrrrrrddddddlllllUdrrrrruuuuuulllllldddrrdDldRuuuurrddLruulldlDDrddllluuRlddrrruuUdddllluurRllddrrUrUddllluurRuuluuurrrrrrddddddllL	8.32106	23	282	386	386	6176	625	378	570	16	1.61917	1.29557	16.3386	386	0	0	0	0	0.0	0.0	0.0	0	0.0	0.0	0.0	0	0	0	0.0
2 - Aymeric du Peloux - 395 [likes=11, dislikes=0, completion=0.381987577639752, like_ratio=1.0, like_rate=0.0341614906832298, tedium=73.0]	SOLVED	drdrdrdrrruuuuuullllldDrDrDrDulululldRdRdRdRRllululuurDrDrDululldRuuluurrrrrdddddrddlUUUUUUruLLLLLulDDDrdddRdRRlluluurDululldRdrrrDulldRulluuuurrrrrdddddrddlUUUUUUruLLLLLulDDDrDrdddRRlluurDulululldRdRdrdRulluluurDrDululuurrrrrdddddrddlUUUUUUruLLLLLulDDDrdrdrddRluulululldRdRluuuurrrrrdddddrddlUUUUUUruLLLLLulDD	11.6744	88	310	982	982	15712	1586	599	2192	16	1.61507	1.08144	26.2304	982	0	0	0	0	0.0	0.0	0.0	0	0.0	0.0	0.0	0	0	0	0.0
4 - Aymeric du Peloux - 396 [likes=5, dislikes=0, completion=0.427230046948357, like_ratio=1.0, like_rate=0.0234741784037559, tedium=51.5]	SOLVED	rddrddlluluRddrruuululDDlluuuurrDDrdrdLLLrrrddllUluRddrruuululuulldddldRuuuurrddrdrdddlluuRurDululuullddddRluuuurrddrddrDuululuullddddrRRuulDuuullddddrRurrruulLddldlluuuurrDrddldddrdrruLuULuuurrddLruulllullddddrdrdRdrUUUlURllDlluuuurrdDDrdLLrrrddllUluRuuurDululldddldR	17.737	41	268	1499	1499	23984	2944	2803	2345	16	1.96398	1.19525	8.55655	1499	0	0	0	0	0.0	0.0	0.0	0	0.0	0.0	0.0	0	0	0	0.0
1 - Aymeric du Peloux - 397 [likes=6, dislikes=0, completion=0.421259842519685, like_ratio=1.0, like_rate=0.0236220472440945, tedium=14.0]	SOLVED	ruruulLrrddldlluRURlddrUrUdlluRuulDDrdrruLLddlluRUdRllluRdrruuullDDldRuR	9.00146	20	72	439	439	8780	832	539	1111	20	1.89522	1.35557	16.2894	439	0	0	0	0	0.0	0.0	0.0	0	0.0	0.0	0.0	0	0	0	0.0
13 - Aymeric du Peloux - 398 [likes=5, dislikes=0, completion=0.712550607287449, like_ratio=1.0, like_rate=0.0202429149797571, tedium=40.0]	SOLVED	rruurrDDDulllluuRlddrrrrdrdLLLuulluurRddddLruuuuRurDDDllddldlUrruurrDullddllUdrruurrdrdLuuuulllldldRuurrddrrddLLLruuuullddRluurrrrddddlluUddldlUUdrruulLuurrDurrddlL	6.58292	29	164	159	159	1272	289	207	93	8	1.81761	1.191	6.14493	159	0	0	0	0	0.0	0.0	0.0	0	0.0	0.0	0.0	0	0	0	0.0
7 - Aymeric du Peloux - 399 [likes=6, dislikes=0, completion=0.67719298245614, like_ratio=1.0, like_rate=0.0210526315789474, tedium=30.5]	SOLVED	lulluRRRlluurrDrDLLddrrUdlluuruulldDrddrruruLLuullddldRuuurrddLDuruulldDrdLurrrddddlluU	5.54916	18	87	41	41	328	80	35	37	8	1.95122	1.22913	9.37143	41	0	0	0	0	0.0	0.0	0.0	0	0.0	0.0	0.0	0	0	0	0.0
6 - Aymeric du Peloux - 400 [likes=8, dislikes=0, completion=0.610344827586207, like_ratio=1.0, like_rate=0.0275862068965517, tedium=33.0]	SOLVED	luRuUruRldlddRRdrruLLLrruuruulDDDuulldlluRRRldldDlddrUUUdrrdrruLLLrruuruulDlllldRdDrrruUruLdddllllddrUUU	7.39579	30	104	375	375	4500	516	180	269	12	1.376	1.21843	25	375	0	0	0	0	0.0	0.0	0.0	0	0.0	0.0	0.0	0	0	0	0.0
24 - Aymeric du Peloux - 401 [likes=6, dislikes=0, completion=0.595, like_ratio=1.0, like_rate=0.03, tedium=59.0]	SOLVED	uuulldLurrrdddlllUdrrruuulllllddRUluRRRdLurRRdddlllUdrrruuuRldddllluUdlluurRRdlddrrruuururDDDuulldddllluuurRRdddddrruruLLrddllululluuurrrRurDDDuulllldlddrrdrdrruruLuuulllldldlUdrdrrdrUddrruuLruuulllldllluRRRRRRurDDDDlLddrrUruLuuulldDDDuuuulldlddrRdrUUdllluuurrrrrdddLLL	18.2434	53	269	1691	1691	20292	3495	2869	1997	12	2.06682	1.15056	7.07285	1691	0	0	0	0	0.0	0.0	0.0	0	0.0	0.0	0.0	0	0	0	0.0
12 - Aymeric du Peloux - 402 [likes=6, dislikes=0, completion=0.625514403292181, like_ratio=1.0, like_rate=0.0246913580246914, tedium=37.3333333333333]	SOLVED	dLULLLddrrUruLddlluuuurrrDulllddddrruuLrddlluUrrdrruLdldlluuUdddrruruuullulldlddRluururrdrrdddldlluUlluurRRlllddrrUdlluururrdLddddrruruuuLrdddldlluurRdrUU	7.53569	23	154	256	256	3072	479	277	286	12	1.87109	1.27264	11.0903	256	0	0	0	0	0.0	0.0	0.0	0	0.0	0.0	0.0	0	0	0	0.0
23 - Aymeric du Peloux - 403 [likes=4, dislikes=0, completion=0.701754385964912, like_ratio=1.0, like_rate=0.0175438596491228, tedium=49.5]	SOLVED	uuulldLullddrUluRRRRRdddlllUdrrruuuRldddllluUluRdddrrruuururDDulldddllluuuRdlddrrruuurrdDuulldddllluuurRRRurDDulldddddrruruLLrddllululluuurrrrrdDuulllldlddrrdrdrruruLuuullddDDuuuurrdddLruuulllldlddrrdrUU	6.65279	30	203	115	115	920	258	141	86	8	2.24348	1.17136	6.52482	115	0	0	0	0	0.0	0.0	0.0	0	0.0	0.0	0.0	0	0	0	0.0
1 - Aymeric du Peloux - 404 [likes=7, dislikes=0, completion=0.634883720930233, like_ratio=1.0, like_rate=0.0162790697674419, tedium=37.0]	SOLVED	uuluuRlddrrurruullDDullddrRlddrruUluR	5.5362	7	37	6	6	24	8	2	2	4	1.33333	1.29171	12	6	0	0	0	0	0.0	0.0	0.0	0	0.0	0.0	0.0	0	0	0	0.0
15 - Aymeric du Peloux - 405 [likes=7, dislikes=0, completion=0.692622950819672, like_ratio=1.0, like_rate=0.0286885245901639, tedium=41.0]	SOLVED	uuluRRRurDlldlddrrurrdLLLdlUUUrurrDulldlddrrrruLuulldlluRRRurDDDrdLLLdlUUdrrruuulllldR	5.72607	25	86	84	84	672	100	61	67	8	1.19048	1.19391	11.0164	84	0	0	0	0	0.0	0.0	0.0	0	0.0	0.0	0.0	0	0	0	0.0
3 - Aymeric du Peloux - 406 [likes=9, dislikes=0, completion=0.569920844327177, like_ratio=1.0, like_rate=0.0237467018469657, tedium=23.0]	SOLVED	rruullluuRlddrrrddllUdrruuuruullDllddRRlluurrDullddrddrruUddlluuluurrurrddrddLruuluullddRdL	6.06796	11	91	29	29	348	46	17	60	12	1.58621	1.35814	20.4706	29	0	0	0	0	0.0	0.0	0.0	0	0.0	0.0	0.0	0	0	0	0.0
21 - Aymeric du Peloux - 407 [likes=4, dislikes=0, completion=0.623255813953488, like_ratio=1.0, like_rate=0.0186046511627907, tedium=35.5]	SOLVED	rruUUruLdlluurDrdddLruuulldRurDDDldlluRRddrruLUUUruLdlluurDldRurDDDDLdRuullldRurD	6.17545	27	81	127	127	1016	158	90	107	8	1.24409	1.19652	11.2889	127	0	0	0	0	0.0	0.0	0.0	0	0.0	0.0	0.0	0	0	0	0.0
17 - Aymeric du Peloux - 408 [likes=6, dislikes=0, completion=0.725738396624473, like_ratio=1.0, like_rate=0.0253164556962025, tedium=32.5]	SOLVED	ldllldlddrUrUdlluRuRlddrUrUdlluRuRRdLulDurururrddLruulldldddLulDurrrU	5.99555	16	69	26	26	208	44	19	60	8	1.69231	1.22585	10.9474	26	0	0	0	0	0.0	0.0	0.0	0	0.0	0.0	0.0	0	0	0	0.0
16 - Aymeric du Peloux - 409 [likes=4, dislikes=0, completion=0.67487684729064, like_ratio=1.0, like_rate=0.0197044334975369, tedium=38.0]	SOLVED	uuruRldlddrrurrdLLLdlluRuurururDDDldLrurrdLuuulldldDuururrdddLLdLUrruruulldlluRRRurDDDldllUdrruruulllldRurrrddrdLLLdlUUUluRRRurDDullldddrrrruL	7.33569	36	142	266	266	3192	344	135	226	12	1.29323	1.16777	23.6444	266	0	0	0	0	0.0	0.0	0.0	0	0.0	0.0	0.0	0	0	0	0.0
2 - Aymeric du Peloux - 410 [likes=6, dislikes=0, completion=0.696703296703297, like_ratio=1.0, like_rate=0.0131868131868132, tedium=30.0]	SOLVED	rruullluuRlddrrrddllUdrruuuruullDllddRRlddrruUllluurrDullddrRuRD	6.00354	11	64	21	21	168	34	12	25	8	1.61905	1.31887	14	21	0	0	0	0	0.0	0.0	0.0	0	0.0	0.0	0.0	0	0	0	0.0
11 - Aymeric du Peloux - 411 [likes=6, dislikes=0, completion=0.714912280701754, like_ratio=1.0, like_rate=0.0263157894736842, tedium=37.0]	SOLVED	dlULddlluuuurrrDulllddddrruuLrddlluUUdlluurRddrrdrruLdldlluuuuRlddddrruruLLrddlluUUdlluururrdLddrrruuL	6.0592	16	102	70	70	560	127	80	74	8	1.81429	1.30412	7	70	0	0	0	0	0.0	0.0	0.0	0	0.0	0.0	0.0	0	0	0	0.0
9 - Aymeric du Peloux - 412 [likes=7, dislikes=0, completion=0.684542586750789, like_ratio=1.0, like_rate=0.0220820189274448, tedium=42.5]	SOLVED	rddlluluRuullDurrddddldlluuuRuurrddddrruuLrddllldlluuuruurrdDDuuullddRluurrdDrrddlLrruullDullldddrrURuulD	6.4301	14	105	31	31	248	52	26	31	8	1.67742	1.27799	9.53846	31	0	0	0	0	0.0	0.0	0.0	0	0.0	0.0	0.0	0	0	0	0.0
5 - Aymeric du Peloux - 413 [likes=6, dislikes=0, completion=0.674267100977199, like_ratio=1.0, like_rate=0.0195439739413681, tedium=52.0]	SOLVED	uuUruRldlddrrruuruulDDDuulldlluRRRldlddrrdrruLLLrruuruulDDDuulldldDlddrUUUdrrdrruLuuulllldRurrrdddLLrruuulllddDlddrUUU	6.11736	27	118	123	123	984	148	92	82	8	1.20325	1.1951	10.6957	123	0	0	0	0	0.0	0.0	0.0	0	0.0	0.0	0.0	0	0	0	0.0
27 - Aymeric du Peloux - 414 [likes=4, dislikes=0, completion=0.67156862745098, like_ratio=1.0, like_rate=0.0196078431372549, tedium=51.5]	SOLVED	urUUlulldDuurrdrruLddddldllluuRlddrrururuuuLLulDrrdrdddldllluurRdrruuuulllDDuurrdrdddlluRddllluuRlddrrurrUUddldllluurRRlluuurrrrdLullldddrdrrUUUruLLLulDD	5.9812	27	153	99	99	792	153	94	79	8	1.54545	1.18553	8.42553	99	0	0	0	0	0.0	0.0	0.0	0	0.0	0.0	0.0	0	0	0	0.0
30 - Aymeric du Peloux - 415 [likes=7, dislikes=0, completion=0.393129770992366, like_ratio=1.0, like_rate=0.0267175572519084, tedium=56.0]	SOLVED	llUUddrruuLuuullddRDrrddllUdrruulUUdlluurRdddrddlluUruuullddlddRluuruurrdrruLLLulDrrdddrddllUlluurRllddrrdrruulUUruLLrdddrddlluUruuululldRRRdddldlluurRdrUUrruulDrdLuLLrDDuululldRRRdrruulDlddllUdrruurrdLullulldRRRRurD	8.64007	46	216	592	592	7104	855	669	638	12	1.44426	1.14886	10.6188	592	0	0	0	0	0.0	0.0	0.0	0	0.0	0.0	0.0	0	0	0	0.0
4 - Aymeric du Peloux - 416 [likes=7, dislikes=0, completion=0.698245614035088, like_ratio=1.0, like_rate=0.0245614035087719, tedium=71.0]	SOLVED	uuuurRldlddrrruuruulDDDuulldlddrrdrruLLLrruuulldldDlddrUUUdrrruuulllldR	5.2272	13	71	13	13	52	15	10	7	4	1.15385	1.21811	5.2	13	0	0	0	0	0.0	0.0	0.0	0	0.0	0.0	0.0	0	0	0	0.0
8 - Aymeric du Peloux - 417 [likes=7, dislikes=0, completion=0.601694915254237, like_ratio=1.0, like_rate=0.019774011299435, tedium=31.0]	SOLVED	luurrDDllulluRRRlluurrDrDLLddrrUdlluuruulldDrddrruruLLuullddldRuuurrddLrrddllddrrUUUruLululldDrDLuuurrdrdLLdlUrrrddddlluU	6.95957	27	121	166	166	1992	277	145	236	12	1.66867	1.20844	13.7379	166	0	0	0	0	0.0	0.0	0.0	0	0.0	0.0	0.0	0	0	0	0.0
10 - Aymeric du Peloux - 418 [likes=7, dislikes=0, completion=0.475409836065574, like_ratio=1.0, like_rate=0.0229508196721311, tedium=34.0]	SOLVED	rddLLululldddrrUdlluuurrRuullDurrddddldlluuuRuurrddddrruuLrddllldlluuuruurrdDDuuullddRlldddrruUddlluuuruurrdDrrddlLrruullD	5.794	15	122	84	84	1008	142	70	121	12	1.69048	1.34365	14.4	84	0	0	0	0	0.0	0.0	0.0	0	0.0	0.0	0.0	0	0	0	0.0
No. 01-01 - Aymeric du Peloux - 419 [likes=10, dislikes=0, completion=0.375, like_ratio=1.0, like_rate=0.0260416666666667, tedium=41.6666666666667]	SOLVED	uurRllddrrUrULdrrdrruuluulllDurrrddrddlluluUluRdddlUddlluuRRUruulDDDllddrrUrULuurDlddrrdrruuluuLrddrddllulluurDlddlluuRRuuurD	6.46873	24	125	105	105	1260	147	107	146	12	1.4	1.21399	11.7757	105	0	0	0	0	0.0	0.0	0.0	0	0.0	0.0	0.0	0	0	0	0.0
No. 02-01 - Aymeric du Peloux - 420 [likes=8, dislikes=0, completion=0.587443946188341, like_ratio=1.0, like_rate=0.0358744394618834, tedium=33.6666666666667]	SOLVED	rdrdLLLrrdLulLulldRRRRlllddrrUruLrUruulDrdrdLdlluLulDrrdrruLLrruulDrddlluRdrUllLulldRRRdrruUddlluRurDuluurDldddldllUdrruululldRRR	6.58993	34	129	266	266	3192	391	261	337	12	1.46992	1.17847	12.2299	266	0	0	0	0	0.0	0.0	0.0	0	0.0	0.0	0.0	0	0	0	0.0
No. 01-02 - Aymeric du Peloux - 421 [likes=5, dislikes=0, completion=0.23030303030303, like_ratio=1.0, like_rate=0.0151515151515152, tedium=27.0]	SOLVED	urRRuulDrddLruulDrddrruuLrddlluUluurDDrrddlllUUlldRurrDulldRuruulDrdLddRUUrrddLdlUlulluRR	6.47087	24	89	138	138	1656	203	148	246	12	1.47101	1.2279	11.1892	138	0	0	0	0	0.0	0.0	0.0	0	0.0	0.0	0.0	0	0	0	0.0
No. 01-03 - Aymeric du Peloux - 422 [likes=6, dislikes=0, completion=0.509708737864078, like_ratio=1.0, like_rate=0.029126213592233, tedium=52.6666666666667]	SOLVED	ddllddlluluuurRlldddrdrruurruuuululldDrDLuuurrdrddddlllUdrrruuuulullddrdDldRuuulDrddddlluluuuRRlldddrdrruulUrUddddlluluuurRuuurrdrddddLruuuululldddlldddrdrruU	6.2199	16	158	73	73	876	105	75	92	12	1.43836	1.30755	11.68	73	0	0	0	0	0.0	0.0	0.0	0	0.0	0.0	0.0	0	0	0	0.0
19 - Buddy Casamis - 423 [likes=3, dislikes=0, completion=0.81057268722467, like_ratio=1.0, like_rate=0.013215859030837, tedium=3.0]	SOLVED	LrRlluLrdrrRRlluRlLrUdlLdLruURRlUdddllUdL	6.71675	17	41	119	119	4284	480	40	24	36	4.03361	1.32462	107.1	119	0	0	0	0	0.0	0.0	0.0	0	0.0	0.0	0.0	0	0	0	0.0
17 - Buddy Casamis - 424 [likes=3, dislikes=0, completion=0.885245901639344, like_ratio=1.0, like_rate=0.0122950819672131, tedium=3.83333333333333]	SOLVED	LrRRlllLurRUddrrRllluRdrUlllUdrrUlUdddllL	6.65792	14	41	79	79	1896	375	26	20	24	4.74684	1.3663	72.9231	79	0	0	0	0	0.0	0.0	0.0	0	0.0	0.0	0.0	0	0	0	0.0
5 - Buddy Casamis - 425 [likes=2, dislikes=0, completion=0.882539682539683, like_ratio=1.0, like_rate=0.0063492063492063, tedium=7.0]	SOLVED	rrruLdrdLdlUruLrurrrdLLdlUdllU	5.58008	9	30	42	42	504	281	59	58	12	6.69048	1.51482	8.54237	42	0	0	0	0	0.0	0.0	0.0	0	0.0	0.0	0.0	0	0	0	0.0
25 - Buddy Casamis - 426 [likes=6, dislikes=0, completion=0.853982300884956, like_ratio=1.0, like_rate=0.0265486725663717, tedium=4.4]	SOLVED	rrUdlllulUddrrrruUlUdrUdlDrdLLruuullDurrdddlLrruuullLdrDDulD	6.02908	15	60	51	51	1020	141	20	23	20	2.76471	1.29968	51	51	0	0	0	0	0.0	0.0	0.0	0	0.0	0.0	0.0	0	0	0	0.0
13 - Jacques Duthen - 427 [likes=7, dislikes=0, completion=0.697142857142857, like_ratio=1.0, like_rate=0.04, tedium=12.6666666666667]	SOLVED	rrrDulldRllddrrURdllluuurrrDLddrUdrruL	5.11898	9	38	15	15	180	21	20	48	12	1.4	1.35107	9	15	0	0	0	0	0.0	0.0	0.0	0	0.0	0.0	0.0	0	0	0	0.0
19 - Jacques Duthen - 428 [likes=5, dislikes=0, completion=0.68944099378882, like_ratio=1.0, like_rate=0.031055900621118, tedium=13.6666666666667]	SOLVED	DurrrdddlluUluRRldddrruuLulDrrddlllUdrrruullDldRuuulD	6.44268	11	53	46	46	552	69	34	75	12	1.5	1.41631	16.2353	46	0	0	0	0	0.0	0.0	0.0	0	0.0	0.0	0.0	0	0	0	0.0
41 - Jacques Duthen - 429 [likes=5, dislikes=0, completion=0.708860759493671, like_ratio=1.0, like_rate=0.0316455696202532, tedium=15.0]	SOLVED	uulllddrRlddrURlluluurrrdDrDLLruuulllddrRddlUruR	5.9399	11	48	61	61	732	103	29	41	12	1.68852	1.45312	25.2414	61	0	0	0	0	0.0	0.0	0.0	0	0.0	0.0	0.0	0	0	0	0.0
32 - Jacques Duthen - 430 [likes=4, dislikes=0, completion=0.755555555555556, like_ratio=1.0, like_rate=0.0296296296296296, tedium=11.0]	SOLVED	uLuuullddlddrRlluurRllddrrUrUdldlluurRdrrdL	5.8488	8	43	17	17	204	31	7	18	12	1.82353	1.42497	29.1429	17	0	0	0	0	0.0	0.0	0.0	0	0.0	0.0	0.0	0	0	0	0.0
17 - Jacques Duthen - 431 [likes=5, dislikes=0, completion=0.863157894736842, like_ratio=1.0, like_rate=0.0263157894736842, tedium=13.6666666666667]	SOLVED	rDDuurDldRddrruuuLrdddlluuRlluurDldRddlluRdrU	6.01826	11	45	38	38	456	85	25	75	12	2.23684	1.39193	18.24	38	0	0	0	0	0.0	0.0	0.0	0	0.0	0.0	0.0	0	0	0	0.0
18 - Jacques Duthen - 432 [likes=6, dislikes=0, completion=0.786666666666667, like_ratio=1.0, like_rate=0.04, tedium=10.3333333333333]	SOLVED	LrDulullDRddrRlllUdrrruuLulDDldRuuulD	5.7113	12	37	53	53	636	87	30	59	12	1.64151	1.39216	21.2	53	0	0	0	0	0.0	0.0	0.0	0	0.0	0.0	0.0	0	0	0	0.0
37 - Jacques Duthen - 433 [likes=8, dislikes=0, completion=0.813333333333333, like_ratio=1.0, like_rate=0.0533333333333333, tedium=13.6666666666667]	SOLVED	DlddrrruuuLrdddllluurRurDlllddrUluuRldRRluR	5.91058	10	43	26	26	312	47	24	24	12	1.80769	1.38515	13	26	0	0	0	0	0.0	0.0	0.0	0	0.0	0.0	0.0	0	0	0	0.0
14 - Jacques Duthen - 434 [likes=6, dislikes=0, completion=0.912, like_ratio=1.0, like_rate=0.048, tedium=12.3333333333333]	SOLVED	lUruLuulllddddrURUrrddlUluUddrruLdlUdlluR	5.44177	11	41	27	27	324	72	14	39	12	2.66667	1.34935	23.1429	27	0	0	0	0	0.0	0.0	0.0	0	0.0	0.0	0.0	0	0	0	0.0
28 - Aymeric du Peloux - 435 [likes=5, dislikes=0, completion=0.587878787878788, like_ratio=1.0, like_rate=0.0303030303030303, tedium=17.6666666666667]	SOLVED	ldlluRdllluRdrruuRlddlluRdrrUrUruulDlDlDururrdLdLLuRdrUdllLdlluRRRurrdLdLLulldRurR	6.57865	24	82	102	102	1224	138	74	254	12	1.35294	1.21253	16.5405	102	0	0	0	0	0.0	0.0	0.0	0	0.0	0.0	0.0	0	0	0	0.0
38 - Jacques Duthen - 436 [likes=5, dislikes=0, completion=0.6796875, like_ratio=1.0, like_rate=0.0390625, tedium=25.0]	SOLVED	drrruulullDRRRddlllUdrrruullDldRRRurruLLLullDurrdrddlluUluRdddlUUrrrdrrdLLL	6.22368	21	75	147	147	1764	235	151	136	12	1.59864	1.26825	11.6821	147	0	0	0	0	0.0	0.0	0.0	0	0.0	0.0	0.0	0	0	0	0.0
6 - Jacques Duthen - 437 [likes=6, dislikes=0, completion=0.701657458563536, like_ratio=1.0, like_rate=0.0331491712707182, tedium=18.3333333333333]	SOLVED	ddLLdllUdrrurruuLrddlldlluluururrDrrddllLrrruullDuulldldddrruRRldllluRUddrruL	5.84757	13	77	41	41	492	77	36	57	12	1.87805	1.33064	13.6667	41	0	0	0	0	0.0	0.0	0.0	0	0.0	0.0	0.0	0	0	0	0.0
40 - Jacques Duthen - 438 [likes=5, dislikes=0, completion=0.64, like_ratio=1.0, like_rate=0.0333333333333333, tedium=25.0]	SOLVED	lddrruRldlluuurrrDrrddlULuulldlddrUluurrrddLrrruLdlldlluuurrrDullldddrruRldlluRluurDDuurrddLrurrdLL	5.76963	16	99	50	50	600	60	30	88	12	1.2	1.27698	20	50	0	0	0	0	0.0	0.0	0.0	0	0.0	0.0	0.0	0	0	0	0.0
34 - Jacques Duthen - 439 [likes=4, dislikes=0, completion=0.781954887218045, like_ratio=1.0, like_rate=0.0300751879699248, tedium=22.0]	SOLVED	DRRddlUdrrruuLrddllldlluuRRluurDldlddrrurrruulLDLdRRlldlluuRRluurDrDulldlddrruRuulldRurD	6.10444	21	88	59	59	708	113	36	77	12	1.91525	1.2143	19.6667	59	0	0	0	0	0.0	0.0	0.0	0	0.0	0.0	0.0	0	0	0	0.0
35 - Jacques Duthen - 440 [likes=6, dislikes=0, completion=0.839285714285714, like_ratio=1.0, like_rate=0.0535714285714286, tedium=17.6666666666667]	SOLVED	dddrrruuuLdrddlUdlluRRdrrruullulDrrrddllULuurDlddlluuuRldddrruL	5.61662	11	63	31	31	372	57	34	56	12	1.83871	1.3664	10.9412	31	0	0	0	0	0.0	0.0	0.0	0	0.0	0.0	0.0	0	0	0	0.0
39 - Jacques Duthen - 441 [likes=5, dislikes=0, completion=0.79646017699115, like_ratio=1.0, like_rate=0.0442477876106195, tedium=20.0]	SOLVED	ulLuLuulllddrRlddrURRllluluurrrdDrdLLruuulllddrRddlUrrrdrruL	5.5181	13	60	38	38	456	61	15	53	12	1.60526	1.32288	30.4	38	0	0	0	0	0.0	0.0	0.0	0	0.0	0.0	0.0	0	0	0	0.0
46 - Jacques Duthen - 442 [likes=5, dislikes=0, completion=0.741935483870968, like_ratio=1.0, like_rate=0.0403225806451613, tedium=16.0]	SOLVED	rruUddlluuRRluurDldlddrrurruuLDLddlluuRlddrruRldlluuruRDrruL	5.28905	13	60	44	44	528	86	26	63	12	1.95455	1.33789	20.3077	44	0	0	0	0	0.0	0.0	0.0	0	0.0	0.0	0.0	0	0	0	0.0
