Starting Surrogate Server...
Server is up. Running 50 ES Pilot runs...
Killing server...
Traceback (most recent call last):
  File "/home/hanss/FI-sokoban-generator/scratch/run_new_pilot.py", line 62, in <module>
  File "/home/hanss/FI-sokoban-generator/scratch/run_new_pilot.py", line 39, in run_pilot
  File "/usr/lib/python3.14/subprocess.py", line 557, in run
    stdout, stderr = process.communicate(input, timeout=timeout)
                     ~~~~~~~~~~~~~~~~~~~^^^^^^^^^^^^^^^^^^^^^^^^
  File "/usr/lib/python3.14/subprocess.py", line 1221, in communicate
    stdout, stderr = self._communicate(input, endtime, timeout)
                     ~~~~~~~~~~~~~~~~~^^^^^^^^^^^^^^^^^^^^^^^^^
  File "/usr/lib/python3.14/subprocess.py", line 2154, in _communicate
    self._check_timeout(endtime, orig_timeout, stdout, stderr)
    ~~~~~~~~~~~~~~~~~~~^^^^^^^^^^^^^^^^^^^^^^^^^^^^^^^^^^^^^^^
  File "/usr/lib/python3.14/subprocess.py", line 1268, in _check_timeout
    raise TimeoutExpired(
    ...<2 lines>...
            stderr=b''.join(stderr_seq) if stderr_seq else None)
subprocess.TimeoutExpired: Command '['./build/experiment_runner', 'ES', 'FO1', '42', 'levels/shell_1.sok', '--heuristic', 'neural', '--timeLimit', '120', '--maxEvals', '1000000', '--out_csv', 'scratch/temp_pilot.csv']' timed out after 130 seconds
