[2026-06-09 13:06:05] 🚀 Probando Config: 2 | Instancia: /home/hanss/automatic-sokoban-solver/tuning/Instances/shell_577.txt | Parámetros: 1195 --stagLimit 97 --mu 5 --lambda 30 --mutRate 0.649
[2026-06-09 13:06:05] 🚀 Probando Config: 1 | Instancia: /home/hanss/automatic-sokoban-solver/tuning/Instances/shell_577.txt | Parámetros: 2195 --stagLimit 197 --mu 12 --lambda 22 --mutRate 0.154
[2026-06-09 13:06:05] 🚀 Probando Config: 3 | Instancia: /home/hanss/automatic-sokoban-solver/tuning/Instances/shell_577.txt | Parámetros: 1695 --stagLimit 248 --mu 15 --lambda 18 --mutRate 0.8965
[2026-06-09 13:06:05] 🚀 Probando Config: 4 | Instancia: /home/hanss/automatic-sokoban-solver/tuning/Instances/shell_577.txt | Parámetros: 2695 --stagLimit 147 --mu 8 --lambda 26 --mutRate 0.4015
    -> ✅ ÉXITO. Fitness devuelto: EVALUATING INITIAL POPULATION
INITIAL POPULATION EVALUATED

GEN 0 | BEST 21 | STAG 0 | EVALS 10

GEN 1 | BEST 21 | STAG 1 | EVALS 23
NEW BEST = 24

GEN 2 | BEST 24 | STAG 0 | EVALS 39
NEW BEST = 40

GEN 3 | BEST 40 | STAG 0 | EVALS 53

GEN 4 | BEST 40 | STAG 1 | EVALS 67

GEN 5 | BEST 40 | STAG 2 | EVALS 85

GEN 6 | BEST 40 | STAG 3 | EVALS 102

GEN 7 | BEST 40 | STAG 4 | EVALS 119
NEW BEST = 42
NEW BEST = 51

GEN 8 | BEST 51 | STAG 0 | EVALS 136

GEN 9 | BEST 51 | STAG 1 | EVALS 154

GEN 10 | BEST 51 | STAG 2 | EVALS 170
NEW BEST = 56

GEN 11 | BEST 56 | STAG 0 | EVALS 185

GEN 12 | BEST 56 | STAG 1 | EVALS 198

GEN 13 | BEST 56 | STAG 2 | EVALS 215

GEN 14 | BEST 56 | STAG 3 | EVALS 225

GEN 15 | BEST 56 | STAG 4 | EVALS 238

GEN 16 | BEST 56 | STAG 5 | EVALS 250

GEN 17 | BEST 56 | STAG 6 | EVALS 267
NEW BEST = 64

GEN 18 | BEST 64 | STAG 0 | EVALS 280

GEN 19 | BEST 64 | STAG 1 | EVALS 293

GEN 20 | BEST 64 | STAG 2 | EVALS 308

GEN 21 | BEST 64 | STAG 3 | EVALS 321

GEN 22 | BEST 64 | STAG 4 | EVALS 334

GEN 23 | BEST 64 | STAG 5 | EVALS 349
NEW BEST = 70

GEN 24 | BEST 70 | STAG 0 | EVALS 360

GEN 25 | BEST 70 | STAG 1 | EVALS 371

GEN 26 | BEST 70 | STAG 2 | EVALS 379

GEN 27 | BEST 70 | STAG 3 | EVALS 389

GEN 28 | BEST 70 | STAG 4 | EVALS 398

GEN 29 | BEST 70 | STAG 5 | EVALS 409

GEN 30 | BEST 70 | STAG 6 | EVALS 424

GEN 31 | BEST 70 | STAG 7 | EVALS 439

GEN 32 | BEST 70 | STAG 8 | EVALS 452

GEN 33 | BEST 70 | STAG 9 | EVALS 461

GEN 34 | BEST 70 | STAG 10 | EVALS 473

GEN 35 | BEST 70 | STAG 11 | EVALS 485

GEN 36 | BEST 70 | STAG 12 | EVALS 497

GEN 37 | BEST 70 | STAG 13 | EVALS 507

GEN 38 | BEST 70 | STAG 14 | EVALS 522

GEN 39 | BEST 70 | STAG 15 | EVALS 538
NEW BEST = 73

GEN 40 | BEST 73 | STAG 0 | EVALS 553

GEN 41 | BEST 73 | STAG 1 | EVALS 564

GEN 42 | BEST 73 | STAG 2 | EVALS 575

GEN 43 | BEST 73 | STAG 3 | EVALS 588

GEN 44 | BEST 73 | STAG 4 | EVALS 601

GEN 45 | BEST 73 | STAG 5 | EVALS 614

GEN 46 | BEST 73 | STAG 6 | EVALS 627

GEN 47 | BEST 73 | STAG 7 | EVALS 642

GEN 48 | BEST 73 | STAG 8 | EVALS 651

GEN 49 | BEST 73 | STAG 9 | EVALS 662
NEW BEST = 75

GEN 50 | BEST 75 | STAG 0 | EVALS 678

GEN 51 | BEST 75 | STAG 1 | EVALS 688

GEN 52 | BEST 75 | STAG 2 | EVALS 700

GEN 53 | BEST 75 | STAG 3 | EVALS 714

GEN 54 | BEST 75 | STAG 4 | EVALS 728

GEN 55 | BEST 75 | STAG 5 | EVALS 737

GEN 56 | BEST 75 | STAG 6 | EVALS 753

GEN 57 | BEST 75 | STAG 7 | EVALS 765

GEN 58 | BEST 75 | STAG 8 | EVALS 778

GEN 59 | BEST 75 | STAG 9 | EVALS 791

GEN 60 | BEST 75 | STAG 10 | EVALS 802

GEN 61 | BEST 75 | STAG 11 | EVALS 816

GEN 62 | BEST 75 | STAG 12 | EVALS 828

GEN 63 | BEST 75 | STAG 13 | EVALS 841

GEN 64 | BEST 75 | STAG 14 | EVALS 851

GEN 65 | BEST 75 | STAG 15 | EVALS 865
NEW BEST = 76

GEN 66 | BEST 76 | STAG 0 | EVALS 876

GEN 67 | BEST 76 | STAG 1 | EVALS 889

GEN 68 | BEST 76 | STAG 2 | EVALS 900

GEN 69 | BEST 76 | STAG 3 | EVALS 912

GEN 70 | BEST 76 | STAG 4 | EVALS 926

GEN 71 | BEST 76 | STAG 5 | EVALS 937
NEW BEST = 77

GEN 72 | BEST 77 | STAG 0 | EVALS 954

GEN 73 | BEST 77 | STAG 1 | EVALS 964
NEW BEST = 80

GEN 74 | BEST 80 | STAG 0 | EVALS 978

GEN 75 | BEST 80 | STAG 1 | EVALS 988

GEN 76 | BEST 80 | STAG 2 | EVALS 1001

GEN 77 | BEST 80 | STAG 3 | EVALS 1013

GEN 78 | BEST 80 | STAG 4 | EVALS 1024

GEN 79 | BEST 80 | STAG 5 | EVALS 1037

GEN 80 | BEST 80 | STAG 6 | EVALS 1051

GEN 81 | BEST 80 | STAG 7 | EVALS 1064

GEN 82 | BEST 80 | STAG 8 | EVALS 1079

GEN 83 | BEST 80 | STAG 9 | EVALS 1091

GEN 84 | BEST 80 | STAG 10 | EVALS 1106

GEN 85 | BEST 80 | STAG 11 | EVALS 1120

GEN 86 | BEST 80 | STAG 12 | EVALS 1133

GEN 87 | BEST 80 | STAG 13 | EVALS 1146

GEN 88 | BEST 80 | STAG 14 | EVALS 1158

GEN 89 | BEST 80 | STAG 15 | EVALS 1169

GEN 90 | BEST 80 | STAG 16 | EVALS 1183

GEN 91 | BEST 80 | STAG 17 | EVALS 1197

GEN 92 | BEST 80 | STAG 18 | EVALS 1206

GEN 93 | BEST 80 | STAG 19 | EVALS 1218

GEN 94 | BEST 80 | STAG 20 | EVALS 1230

GEN 95 | BEST 80 | STAG 21 | EVALS 1245

GEN 96 | BEST 80 | STAG 22 | EVALS 1257

GEN 97 | BEST 80 | STAG 23 | EVALS 1268

GEN 98 | BEST 80 | STAG 24 | EVALS 1280

GEN 99 | BEST 80 | STAG 25 | EVALS 1293

GEN 100 | BEST 80 | STAG 26 | EVALS 1305

GEN 101 | BEST 80 | STAG 27 | EVALS 1319

GEN 102 | BEST 80 | STAG 28 | EVALS 1332

GEN 103 | BEST 80 | STAG 29 | EVALS 1346

GEN 104 | BEST 80 | STAG 30 | EVALS 1357

GEN 105 | BEST 80 | STAG 31 | EVALS 1365

GEN 106 | BEST 80 | STAG 32 | EVALS 1375

GEN 107 | BEST 80 | STAG 33 | EVALS 1389

GEN 108 | BEST 80 | STAG 34 | EVALS 1405

GEN 109 | BEST 80 | STAG 35 | EVALS 1415

GEN 110 | BEST 80 | STAG 36 | EVALS 1424

GEN 111 | BEST 80 | STAG 37 | EVALS 1434

GEN 112 | BEST 80 | STAG 38 | EVALS 1447

GEN 113 | BEST 80 | STAG 39 | EVALS 1462

GEN 114 | BEST 80 | STAG 40 | EVALS 1474

GEN 115 | BEST 80 | STAG 41 | EVALS 1485

GEN 116 | BEST 80 | STAG 42 | EVALS 1499
NEW BEST = 84

GEN 117 | BEST 84 | STAG 0 | EVALS 1512

GEN 118 | BEST 84 | STAG 1 | EVALS 1519

GEN 119 | BEST 84 | STAG 2 | EVALS 1530

GEN 120 | BEST 84 | STAG 3 | EVALS 1543

GEN 121 | BEST 84 | STAG 4 | EVALS 1555

GEN 122 | BEST 84 | STAG 5 | EVALS 1570

GEN 123 | BEST 84 | STAG 6 | EVALS 1584

GEN 124 | BEST 84 | STAG 7 | EVALS 1594

GEN 125 | BEST 84 | STAG 8 | EVALS 1603

GEN 126 | BEST 84 | STAG 9 | EVALS 1616

GEN 127 | BEST 84 | STAG 10 | EVALS 1631

GEN 128 | BEST 84 | STAG 11 | EVALS 1644

GEN 129 | BEST 84 | STAG 12 | EVALS 1655

GEN 130 | BEST 84 | STAG 13 | EVALS 1665

GEN 131 | BEST 84 | STAG 14 | EVALS 1675

GEN 132 | BEST 84 | STAG 15 | EVALS 1688

GEN 133 | BEST 84 | STAG 16 | EVALS 1699

GEN 134 | BEST 84 | STAG 17 | EVALS 1713

GEN 135 | BEST 84 | STAG 18 | EVALS 1725

GEN 136 | BEST 84 | STAG 19 | EVALS 1738

GEN 137 | BEST 84 | STAG 20 | EVALS 1754

GEN 138 | BEST 84 | STAG 21 | EVALS 1767

GEN 139 | BEST 84 | STAG 22 | EVALS 1776

GEN 140 | BEST 84 | STAG 23 | EVALS 1789

GEN 141 | BEST 84 | STAG 24 | EVALS 1806

GEN 142 | BEST 84 | STAG 25 | EVALS 1819

GEN 143 | BEST 84 | STAG 26 | EVALS 1830

GEN 144 | BEST 84 | STAG 27 | EVALS 1841

GEN 145 | BEST 84 | STAG 28 | EVALS 1853

GEN 146 | BEST 84 | STAG 29 | EVALS 1868

GEN 147 | BEST 84 | STAG 30 | EVALS 1880

GEN 148 | BEST 84 | STAG 31 | EVALS 1896

GEN 149 | BEST 84 | STAG 32 | EVALS 1908

GEN 150 | BEST 84 | STAG 33 | EVALS 1918
NEW BEST = 86

GEN 151 | BEST 86 | STAG 0 | EVALS 1932

GEN 152 | BEST 86 | STAG 1 | EVALS 1940

GEN 153 | BEST 86 | STAG 2 | EVALS 1953

GEN 154 | BEST 86 | STAG 3 | EVALS 1965

GEN 155 | BEST 86 | STAG 4 | EVALS 1979

GEN 156 | BEST 86 | STAG 5 | EVALS 1991

GEN 157 | BEST 86 | STAG 6 | EVALS 2000

GEN 158 | BEST 86 | STAG 7 | EVALS 2010

GEN 159 | BEST 86 | STAG 8 | EVALS 2020

GEN 160 | BEST 86 | STAG 9 | EVALS 2035

GEN 161 | BEST 86 | STAG 10 | EVALS 2048

GEN 162 | BEST 86 | STAG 11 | EVALS 2062

GEN 163 | BEST 86 | STAG 12 | EVALS 2077

GEN 164 | BEST 86 | STAG 13 | EVALS 2091

GEN 165 | BEST 86 | STAG 14 | EVALS 2106

GEN 166 | BEST 86 | STAG 15 | EVALS 2120
NEW BEST = 87

GEN 167 | BEST 87 | STAG 0 | EVALS 2135

GEN 168 | BEST 87 | STAG 1 | EVALS 2144

GEN 169 | BEST 87 | STAG 2 | EVALS 2157

GEN 170 | BEST 87 | STAG 3 | EVALS 2168

GEN 171 | BEST 87 | STAG 4 | EVALS 2178

GEN 172 | BEST 87 | STAG 5 | EVALS 2191

GEN 173 | BEST 87 | STAG 6 | EVALS 2202

GEN 174 | BEST 87 | STAG 7 | EVALS 2213

GEN 175 | BEST 87 | STAG 8 | EVALS 2226

GEN 176 | BEST 87 | STAG 9 | EVALS 2238

GEN 177 | BEST 87 | STAG 10 | EVALS 2249

GEN 178 | BEST 87 | STAG 11 | EVALS 2264

GEN 179 | BEST 87 | STAG 12 | EVALS 2279

GEN 180 | BEST 87 | STAG 13 | EVALS 2288

GEN 181 | BEST 87 | STAG 14 | EVALS 2298

GEN 182 | BEST 87 | STAG 15 | EVALS 2312

GEN 183 | BEST 87 | STAG 16 | EVALS 2326

GEN 184 | BEST 87 | STAG 17 | EVALS 2338
NEW BEST = 88

GEN 185 | BEST 88 | STAG 0 | EVALS 2351

GEN 186 | BEST 88 | STAG 1 | EVALS 2362

GEN 187 | BEST 88 | STAG 2 | EVALS 2375

GEN 188 | BEST 88 | STAG 3 | EVALS 2384

GEN 189 | BEST 88 | STAG 4 | EVALS 2395

GEN 190 | BEST 88 | STAG 5 | EVALS 2408

GEN 191 | BEST 88 | STAG 6 | EVALS 2421

GEN 192 | BEST 88 | STAG 7 | EVALS 2435
NEW BEST = 89

GEN 193 | BEST 89 | STAG 0 | EVALS 2445

GEN 194 | BEST 89 | STAG 1 | EVALS 2460

GEN 195 | BEST 89 | STAG 2 | EVALS 2472
NEW BEST = 90

GEN 196 | BEST 90 | STAG 0 | EVALS 2482

GEN 197 | BEST 90 | STAG 1 | EVALS 2496

GEN 198 | BEST 90 | STAG 2 | EVALS 2508

GEN 199 | BEST 90 | STAG 3 | EVALS 2514

GEN 200 | BEST 90 | STAG 4 | EVALS 2528

GEN 201 | BEST 90 | STAG 5 | EVALS 2542

GEN 202 | BEST 90 | STAG 6 | EVALS 2553

GEN 203 | BEST 90 | STAG 7 | EVALS 2565

GEN 204 | BEST 90 | STAG 8 | EVALS 2576

GEN 205 | BEST 90 | STAG 9 | EVALS 2589

GEN 206 | BEST 90 | STAG 10 | EVALS 2603

GEN 207 | BEST 90 | STAG 11 | EVALS 2611

GEN 208 | BEST 90 | STAG 12 | EVALS 2625

GEN 209 | BEST 90 | STAG 13 | EVALS 2637

GEN 210 | BEST 90 | STAG 14 | EVALS 2647

GEN 211 | BEST 90 | STAG 15 | EVALS 2664

GEN 212 | BEST 90 | STAG 16 | EVALS 2677

GEN 213 | BEST 90 | STAG 17 | EVALS 2688

GEN 214 | BEST 90 | STAG 18 | EVALS 2703

GEN 215 | BEST 90 | STAG 19 | EVALS 2719

GEN 216 | BEST 90 | STAG 20 | EVALS 2733

GEN 217 | BEST 90 | STAG 21 | EVALS 2746

GEN 218 | BEST 90 | STAG 22 | EVALS 2758

GEN 219 | BEST 90 | STAG 23 | EVALS 2767

GEN 220 | BEST 90 | STAG 24 | EVALS 2781

GEN 221 | BEST 90 | STAG 25 | EVALS 2793

GEN 222 | BEST 90 | STAG 26 | EVALS 2803

GEN 223 | BEST 90 | STAG 27 | EVALS 2815

GEN 224 | BEST 90 | STAG 28 | EVALS 2826

GEN 225 | BEST 90 | STAG 29 | EVALS 2836

GEN 226 | BEST 90 | STAG 30 | EVALS 2848

GEN 227 | BEST 90 | STAG 31 | EVALS 2860

GEN 228 | BEST 90 | STAG 32 | EVALS 2872

GEN 229 | BEST 90 | STAG 33 | EVALS 2883

GEN 230 | BEST 90 | STAG 34 | EVALS 2896

GEN 231 | BEST 90 | STAG 35 | EVALS 2905

GEN 232 | BEST 90 | STAG 36 | EVALS 2912

GEN 233 | BEST 90 | STAG 37 | EVALS 2922

GEN 234 | BEST 90 | STAG 38 | EVALS 2940

GEN 235 | BEST 90 | STAG 39 | EVALS 2950

GEN 236 | BEST 90 | STAG 40 | EVALS 2960

GEN 237 | BEST 90 | STAG 41 | EVALS 2969

GEN 238 | BEST 90 | STAG 42 | EVALS 2981

GEN 239 | BEST 90 | STAG 43 | EVALS 2995

Termination: MAX_EVALUATIONS

FINAL BEST FITNESS = 90
-90
[2026-06-09 13:41:25] 🚀 Probando Config: 5 | Instancia: /home/hanss/automatic-sokoban-solver/tuning/Instances/shell_577.txt | Parámetros: 1945 --stagLimit 122 --mu 10 --lambda 16 --mutRate 0.7728
    -> ✅ ÉXITO. Fitness devuelto: EVALUATING INITIAL POPULATION
INITIAL POPULATION EVALUATED

GEN 0 | BEST 21 | STAG 0 | EVALS 10
NEW BEST = 22
NEW BEST = 23

GEN 1 | BEST 23 | STAG 0 | EVALS 32

GEN 2 | BEST 23 | STAG 1 | EVALS 53
NEW BEST = 29
NEW BEST = 36

GEN 3 | BEST 36 | STAG 0 | EVALS 75
NEW BEST = 46

GEN 4 | BEST 46 | STAG 0 | EVALS 98

GEN 5 | BEST 46 | STAG 1 | EVALS 123
NEW BEST = 47

GEN 6 | BEST 47 | STAG 0 | EVALS 149
NEW BEST = 53

GEN 7 | BEST 53 | STAG 0 | EVALS 175

GEN 8 | BEST 53 | STAG 1 | EVALS 201
NEW BEST = 56

GEN 9 | BEST 56 | STAG 0 | EVALS 227
NEW BEST = 68

GEN 10 | BEST 68 | STAG 0 | EVALS 253

GEN 11 | BEST 68 | STAG 1 | EVALS 275

GEN 12 | BEST 68 | STAG 2 | EVALS 294
NEW BEST = 73

GEN 13 | BEST 73 | STAG 0 | EVALS 318

GEN 14 | BEST 73 | STAG 1 | EVALS 341

GEN 15 | BEST 73 | STAG 2 | EVALS 364

GEN 16 | BEST 73 | STAG 3 | EVALS 385

GEN 17 | BEST 73 | STAG 4 | EVALS 408

GEN 18 | BEST 73 | STAG 5 | EVALS 430

GEN 19 | BEST 73 | STAG 6 | EVALS 450

GEN 20 | BEST 73 | STAG 7 | EVALS 472

GEN 21 | BEST 73 | STAG 8 | EVALS 495

GEN 22 | BEST 73 | STAG 9 | EVALS 520
NEW BEST = 76

GEN 23 | BEST 76 | STAG 0 | EVALS 544

GEN 24 | BEST 76 | STAG 1 | EVALS 568

GEN 25 | BEST 76 | STAG 2 | EVALS 590

GEN 26 | BEST 76 | STAG 3 | EVALS 612

GEN 27 | BEST 76 | STAG 4 | EVALS 633

GEN 28 | BEST 76 | STAG 5 | EVALS 653

GEN 29 | BEST 76 | STAG 6 | EVALS 675

GEN 30 | BEST 76 | STAG 7 | EVALS 696

GEN 31 | BEST 76 | STAG 8 | EVALS 719

GEN 32 | BEST 76 | STAG 9 | EVALS 739
NEW BEST = 79

GEN 33 | BEST 79 | STAG 0 | EVALS 761

GEN 34 | BEST 79 | STAG 1 | EVALS 783

GEN 35 | BEST 79 | STAG 2 | EVALS 804

GEN 36 | BEST 79 | STAG 3 | EVALS 828

GEN 37 | BEST 79 | STAG 4 | EVALS 852

GEN 38 | BEST 79 | STAG 5 | EVALS 875

GEN 39 | BEST 79 | STAG 6 | EVALS 896

GEN 40 | BEST 79 | STAG 7 | EVALS 918

GEN 41 | BEST 79 | STAG 8 | EVALS 939

GEN 42 | BEST 79 | STAG 9 | EVALS 963
NEW BEST = 83

GEN 43 | BEST 83 | STAG 0 | EVALS 987

GEN 44 | BEST 83 | STAG 1 | EVALS 1010

GEN 45 | BEST 83 | STAG 2 | EVALS 1031

GEN 46 | BEST 83 | STAG 3 | EVALS 1052

GEN 47 | BEST 83 | STAG 4 | EVALS 1076

GEN 48 | BEST 83 | STAG 5 | EVALS 1101

GEN 49 | BEST 83 | STAG 6 | EVALS 1124

GEN 50 | BEST 83 | STAG 7 | EVALS 1148

GEN 51 | BEST 83 | STAG 8 | EVALS 1172

GEN 52 | BEST 83 | STAG 9 | EVALS 1194

GEN 53 | BEST 83 | STAG 10 | EVALS 1217

GEN 54 | BEST 83 | STAG 11 | EVALS 1241

GEN 55 | BEST 83 | STAG 12 | EVALS 1261

GEN 56 | BEST 83 | STAG 13 | EVALS 1282

GEN 57 | BEST 83 | STAG 14 | EVALS 1304

GEN 58 | BEST 83 | STAG 15 | EVALS 1326

GEN 59 | BEST 83 | STAG 16 | EVALS 1350

GEN 60 | BEST 83 | STAG 17 | EVALS 1371

GEN 61 | BEST 83 | STAG 18 | EVALS 1394

GEN 62 | BEST 83 | STAG 19 | EVALS 1417

GEN 63 | BEST 83 | STAG 20 | EVALS 1439

GEN 64 | BEST 83 | STAG 21 | EVALS 1462

GEN 65 | BEST 83 | STAG 22 | EVALS 1486

GEN 66 | BEST 83 | STAG 23 | EVALS 1510

GEN 67 | BEST 83 | STAG 24 | EVALS 1533

GEN 68 | BEST 83 | STAG 25 | EVALS 1555

GEN 69 | BEST 83 | STAG 26 | EVALS 1579

GEN 70 | BEST 83 | STAG 27 | EVALS 1602

GEN 71 | BEST 83 | STAG 28 | EVALS 1621

GEN 72 | BEST 83 | STAG 29 | EVALS 1644

GEN 73 | BEST 83 | STAG 30 | EVALS 1664

GEN 74 | BEST 83 | STAG 31 | EVALS 1687

GEN 75 | BEST 83 | STAG 32 | EVALS 1709

GEN 76 | BEST 83 | STAG 33 | EVALS 1731

GEN 77 | BEST 83 | STAG 34 | EVALS 1754

GEN 78 | BEST 83 | STAG 35 | EVALS 1780
NEW BEST = 86

GEN 79 | BEST 86 | STAG 0 | EVALS 1803

GEN 80 | BEST 86 | STAG 1 | EVALS 1828

GEN 81 | BEST 86 | STAG 2 | EVALS 1850

GEN 82 | BEST 86 | STAG 3 | EVALS 1871

GEN 83 | BEST 86 | STAG 4 | EVALS 1895

GEN 84 | BEST 86 | STAG 5 | EVALS 1919

GEN 85 | BEST 86 | STAG 6 | EVALS 1944

GEN 86 | BEST 86 | STAG 7 | EVALS 1965

GEN 87 | BEST 86 | STAG 8 | EVALS 1989

GEN 88 | BEST 86 | STAG 9 | EVALS 2013
NEW BEST = 87

GEN 89 | BEST 87 | STAG 0 | EVALS 2036

GEN 90 | BEST 87 | STAG 1 | EVALS 2058
NEW BEST = 88

GEN 91 | BEST 88 | STAG 0 | EVALS 2080

GEN 92 | BEST 88 | STAG 1 | EVALS 2103

GEN 93 | BEST 88 | STAG 2 | EVALS 2126

GEN 94 | BEST 88 | STAG 3 | EVALS 2149

GEN 95 | BEST 88 | STAG 4 | EVALS 2170

GEN 96 | BEST 88 | STAG 5 | EVALS 2195

GEN 97 | BEST 88 | STAG 6 | EVALS 2216

GEN 98 | BEST 88 | STAG 7 | EVALS 2241

GEN 99 | BEST 88 | STAG 8 | EVALS 2263

GEN 100 | BEST 88 | STAG 9 | EVALS 2285

GEN 101 | BEST 88 | STAG 10 | EVALS 2309

GEN 102 | BEST 88 | STAG 11 | EVALS 2329
NEW BEST = 89

GEN 103 | BEST 89 | STAG 0 | EVALS 2349

GEN 104 | BEST 89 | STAG 1 | EVALS 2370

GEN 105 | BEST 89 | STAG 2 | EVALS 2390

GEN 106 | BEST 89 | STAG 3 | EVALS 2411

GEN 107 | BEST 89 | STAG 4 | EVALS 2435

GEN 108 | BEST 89 | STAG 5 | EVALS 2460

GEN 109 | BEST 89 | STAG 6 | EVALS 2484

GEN 110 | BEST 89 | STAG 7 | EVALS 2504

GEN 111 | BEST 89 | STAG 8 | EVALS 2528

GEN 112 | BEST 89 | STAG 9 | EVALS 2554

GEN 113 | BEST 89 | STAG 10 | EVALS 2578

GEN 114 | BEST 89 | STAG 11 | EVALS 2601

GEN 115 | BEST 89 | STAG 12 | EVALS 2623

GEN 116 | BEST 89 | STAG 13 | EVALS 2647

GEN 117 | BEST 89 | STAG 14 | EVALS 2670

GEN 118 | BEST 89 | STAG 15 | EVALS 2692

GEN 119 | BEST 89 | STAG 16 | EVALS 2713

GEN 120 | BEST 89 | STAG 17 | EVALS 2736

GEN 121 | BEST 89 | STAG 18 | EVALS 2760

GEN 122 | BEST 89 | STAG 19 | EVALS 2783

GEN 123 | BEST 89 | STAG 20 | EVALS 2807

GEN 124 | BEST 89 | STAG 21 | EVALS 2827

GEN 125 | BEST 89 | STAG 22 | EVALS 2851

GEN 126 | BEST 89 | STAG 23 | EVALS 2871

GEN 127 | BEST 89 | STAG 24 | EVALS 2894

GEN 128 | BEST 89 | STAG 25 | EVALS 2916

GEN 129 | BEST 89 | STAG 26 | EVALS 2937

GEN 130 | BEST 89 | STAG 27 | EVALS 2961

GEN 131 | BEST 89 | STAG 28 | EVALS 2985

Termination: MAX_EVALUATIONS

FINAL BEST FITNESS = 89
-89
[2026-06-09 13:42:31] 🚀 Probando Config: 6 | Instancia: /home/hanss/automatic-sokoban-solver/tuning/Instances/shell_577.txt | Parámetros: 2946 --stagLimit 223 --mu 3 --lambda 24 --mutRate 0.2778
    -> ✅ ÉXITO. Fitness devuelto: EVALUATING INITIAL POPULATION
INITIAL POPULATION EVALUATED

GEN 0 | BEST 21 | STAG 0 | EVALS 10

GEN 1 | BEST 21 | STAG 1 | EVALS 31

GEN 2 | BEST 21 | STAG 2 | EVALS 52

GEN 3 | BEST 21 | STAG 3 | EVALS 72
NEW BEST = 33

GEN 4 | BEST 33 | STAG 0 | EVALS 94

GEN 5 | BEST 33 | STAG 1 | EVALS 116

GEN 6 | BEST 33 | STAG 2 | EVALS 137

GEN 7 | BEST 33 | STAG 3 | EVALS 159

GEN 8 | BEST 33 | STAG 4 | EVALS 181
NEW BEST = 49

GEN 9 | BEST 49 | STAG 0 | EVALS 203

GEN 10 | BEST 49 | STAG 1 | EVALS 225

GEN 11 | BEST 49 | STAG 2 | EVALS 247

GEN 12 | BEST 49 | STAG 3 | EVALS 269
NEW BEST = 50

GEN 13 | BEST 50 | STAG 0 | EVALS 291
NEW BEST = 51

GEN 14 | BEST 51 | STAG 0 | EVALS 313

GEN 15 | BEST 51 | STAG 1 | EVALS 335
NEW BEST = 61

GEN 16 | BEST 61 | STAG 0 | EVALS 357

GEN 17 | BEST 61 | STAG 1 | EVALS 377

GEN 18 | BEST 61 | STAG 2 | EVALS 397

GEN 19 | BEST 61 | STAG 3 | EVALS 418

GEN 20 | BEST 61 | STAG 4 | EVALS 439

GEN 21 | BEST 61 | STAG 5 | EVALS 461
NEW BEST = 63

GEN 22 | BEST 63 | STAG 0 | EVALS 481

GEN 23 | BEST 63 | STAG 1 | EVALS 503

GEN 24 | BEST 63 | STAG 2 | EVALS 523

GEN 25 | BEST 63 | STAG 3 | EVALS 542

GEN 26 | BEST 63 | STAG 4 | EVALS 562

GEN 27 | BEST 63 | STAG 5 | EVALS 582

GEN 28 | BEST 63 | STAG 6 | EVALS 603

GEN 29 | BEST 63 | STAG 7 | EVALS 625

GEN 30 | BEST 63 | STAG 8 | EVALS 644

GEN 31 | BEST 63 | STAG 9 | EVALS 664

GEN 32 | BEST 63 | STAG 10 | EVALS 686

GEN 33 | BEST 63 | STAG 11 | EVALS 706

GEN 34 | BEST 63 | STAG 12 | EVALS 725

GEN 35 | BEST 63 | STAG 13 | EVALS 746

GEN 36 | BEST 63 | STAG 14 | EVALS 765

GEN 37 | BEST 63 | STAG 15 | EVALS 784

GEN 38 | BEST 63 | STAG 16 | EVALS 801

GEN 39 | BEST 63 | STAG 17 | EVALS 820

GEN 40 | BEST 63 | STAG 18 | EVALS 842

GEN 41 | BEST 63 | STAG 19 | EVALS 864

GEN 42 | BEST 63 | STAG 20 | EVALS 884

GEN 43 | BEST 63 | STAG 21 | EVALS 906

GEN 44 | BEST 63 | STAG 22 | EVALS 926

GEN 45 | BEST 63 | STAG 23 | EVALS 946

GEN 46 | BEST 63 | STAG 24 | EVALS 968

GEN 47 | BEST 63 | STAG 25 | EVALS 986

GEN 48 | BEST 63 | STAG 26 | EVALS 1006

GEN 49 | BEST 63 | STAG 27 | EVALS 1026

GEN 50 | BEST 63 | STAG 28 | EVALS 1046

GEN 51 | BEST 63 | STAG 29 | EVALS 1067

GEN 52 | BEST 63 | STAG 30 | EVALS 1086

GEN 53 | BEST 63 | STAG 31 | EVALS 1108

GEN 54 | BEST 63 | STAG 32 | EVALS 1129

GEN 55 | BEST 63 | STAG 33 | EVALS 1151

GEN 56 | BEST 63 | STAG 34 | EVALS 1170

GEN 57 | BEST 63 | STAG 35 | EVALS 1190

GEN 58 | BEST 63 | STAG 36 | EVALS 1212

GEN 59 | BEST 63 | STAG 37 | EVALS 1234

GEN 60 | BEST 63 | STAG 38 | EVALS 1253
NEW BEST = 65

GEN 61 | BEST 65 | STAG 0 | EVALS 1273

GEN 62 | BEST 65 | STAG 1 | EVALS 1293

GEN 63 | BEST 65 | STAG 2 | EVALS 1315

GEN 64 | BEST 65 | STAG 3 | EVALS 1335

GEN 65 | BEST 65 | STAG 4 | EVALS 1355

GEN 66 | BEST 65 | STAG 5 | EVALS 1375

GEN 67 | BEST 65 | STAG 6 | EVALS 1397
NEW BEST = 69

GEN 68 | BEST 69 | STAG 0 | EVALS 1418

GEN 69 | BEST 69 | STAG 1 | EVALS 1439

GEN 70 | BEST 69 | STAG 2 | EVALS 1459

GEN 71 | BEST 69 | STAG 3 | EVALS 1479

GEN 72 | BEST 69 | STAG 4 | EVALS 1500

GEN 73 | BEST 69 | STAG 5 | EVALS 1522

GEN 74 | BEST 69 | STAG 6 | EVALS 1543

GEN 75 | BEST 69 | STAG 7 | EVALS 1564

GEN 76 | BEST 69 | STAG 8 | EVALS 1583

GEN 77 | BEST 69 | STAG 9 | EVALS 1604

GEN 78 | BEST 69 | STAG 10 | EVALS 1623

GEN 79 | BEST 69 | STAG 11 | EVALS 1644

GEN 80 | BEST 69 | STAG 12 | EVALS 1665

GEN 81 | BEST 69 | STAG 13 | EVALS 1685

GEN 82 | BEST 69 | STAG 14 | EVALS 1707

GEN 83 | BEST 69 | STAG 15 | EVALS 1729

GEN 84 | BEST 69 | STAG 16 | EVALS 1749

GEN 85 | BEST 69 | STAG 17 | EVALS 1768

GEN 86 | BEST 69 | STAG 18 | EVALS 1788

GEN 87 | BEST 69 | STAG 19 | EVALS 1809

GEN 88 | BEST 69 | STAG 20 | EVALS 1831

GEN 89 | BEST 69 | STAG 21 | EVALS 1851

GEN 90 | BEST 69 | STAG 22 | EVALS 1871

GEN 91 | BEST 69 | STAG 23 | EVALS 1892

GEN 92 | BEST 69 | STAG 24 | EVALS 1912

GEN 93 | BEST 69 | STAG 25 | EVALS 1932

GEN 94 | BEST 69 | STAG 26 | EVALS 1954
NEW BEST = 71

GEN 95 | BEST 71 | STAG 0 | EVALS 1976

GEN 96 | BEST 71 | STAG 1 | EVALS 1998

GEN 97 | BEST 71 | STAG 2 | EVALS 2020

GEN 98 | BEST 71 | STAG 3 | EVALS 2040

GEN 99 | BEST 71 | STAG 4 | EVALS 2061

GEN 100 | BEST 71 | STAG 5 | EVALS 2083

GEN 101 | BEST 71 | STAG 6 | EVALS 2105

GEN 102 | BEST 71 | STAG 7 | EVALS 2127

GEN 103 | BEST 71 | STAG 8 | EVALS 2148

GEN 104 | BEST 71 | STAG 9 | EVALS 2169

GEN 105 | BEST 71 | STAG 10 | EVALS 2189
NEW BEST = 80

GEN 106 | BEST 80 | STAG 0 | EVALS 2211

GEN 107 | BEST 80 | STAG 1 | EVALS 2231

GEN 108 | BEST 80 | STAG 2 | EVALS 2252

GEN 109 | BEST 80 | STAG 3 | EVALS 2272

GEN 110 | BEST 80 | STAG 4 | EVALS 2293

GEN 111 | BEST 80 | STAG 5 | EVALS 2315

GEN 112 | BEST 80 | STAG 6 | EVALS 2336

GEN 113 | BEST 80 | STAG 7 | EVALS 2356

GEN 114 | BEST 80 | STAG 8 | EVALS 2376

GEN 115 | BEST 80 | STAG 9 | EVALS 2397

GEN 116 | BEST 80 | STAG 10 | EVALS 2419

GEN 117 | BEST 80 | STAG 11 | EVALS 2440

GEN 118 | BEST 80 | STAG 12 | EVALS 2460

GEN 119 | BEST 80 | STAG 13 | EVALS 2482

GEN 120 | BEST 80 | STAG 14 | EVALS 2504

GEN 121 | BEST 80 | STAG 15 | EVALS 2525

GEN 122 | BEST 80 | STAG 16 | EVALS 2547

GEN 123 | BEST 80 | STAG 17 | EVALS 2566

GEN 124 | BEST 80 | STAG 18 | EVALS 2588

GEN 125 | BEST 80 | STAG 19 | EVALS 2610

GEN 126 | BEST 80 | STAG 20 | EVALS 2632

GEN 127 | BEST 80 | STAG 21 | EVALS 2652

GEN 128 | BEST 80 | STAG 22 | EVALS 2674

GEN 129 | BEST 80 | STAG 23 | EVALS 2695

GEN 130 | BEST 80 | STAG 24 | EVALS 2716

GEN 131 | BEST 80 | STAG 25 | EVALS 2738

GEN 132 | BEST 80 | STAG 26 | EVALS 2758

GEN 133 | BEST 80 | STAG 27 | EVALS 2778

GEN 134 | BEST 80 | STAG 28 | EVALS 2800

GEN 135 | BEST 80 | STAG 29 | EVALS 2818

GEN 136 | BEST 80 | STAG 30 | EVALS 2837

GEN 137 | BEST 80 | STAG 31 | EVALS 2859

GEN 138 | BEST 80 | STAG 32 | EVALS 2880

GEN 139 | BEST 80 | STAG 33 | EVALS 2901

GEN 140 | BEST 80 | STAG 34 | EVALS 2922

GEN 141 | BEST 80 | STAG 35 | EVALS 2943

GEN 142 | BEST 80 | STAG 36 | EVALS 2964

GEN 143 | BEST 80 | STAG 37 | EVALS 2984

Termination: MAX_EVALUATIONS

FINAL BEST FITNESS = 80
-80
[2026-06-09 13:43:12] 🚀 Probando Config: 7 | Instancia: /home/hanss/automatic-sokoban-solver/tuning/Instances/shell_577.txt | Parámetros: 1445 --stagLimit 172 --mu 7 --lambda 28 --mutRate 0.5253
    -> ✅ ÉXITO. Fitness devuelto: EVALUATING INITIAL POPULATION
INITIAL POPULATION EVALUATED

GEN 0 | BEST 21 | STAG 0 | EVALS 10
NEW BEST = 22
NEW BEST = 23
NEW BEST = 26

GEN 1 | BEST 26 | STAG 0 | EVALS 34
NEW BEST = 30

GEN 2 | BEST 30 | STAG 0 | EVALS 63
NEW BEST = 36

GEN 3 | BEST 36 | STAG 0 | EVALS 93
NEW BEST = 44

GEN 4 | BEST 44 | STAG 0 | EVALS 123
NEW BEST = 49

GEN 5 | BEST 49 | STAG 0 | EVALS 151
NEW BEST = 54

GEN 6 | BEST 54 | STAG 0 | EVALS 178

GEN 7 | BEST 54 | STAG 1 | EVALS 204

GEN 8 | BEST 54 | STAG 2 | EVALS 222

GEN 9 | BEST 54 | STAG 3 | EVALS 248

GEN 10 | BEST 54 | STAG 4 | EVALS 271
NEW BEST = 56

GEN 11 | BEST 56 | STAG 0 | EVALS 293

GEN 12 | BEST 56 | STAG 1 | EVALS 315
NEW BEST = 61

GEN 13 | BEST 61 | STAG 0 | EVALS 338

GEN 14 | BEST 61 | STAG 1 | EVALS 359
NEW BEST = 68

GEN 15 | BEST 68 | STAG 0 | EVALS 380

GEN 16 | BEST 68 | STAG 1 | EVALS 406
NEW BEST = 72

GEN 17 | BEST 72 | STAG 0 | EVALS 434
NEW BEST = 75

GEN 18 | BEST 75 | STAG 0 | EVALS 457

GEN 19 | BEST 75 | STAG 1 | EVALS 482
NEW BEST = 79

GEN 20 | BEST 79 | STAG 0 | EVALS 504

GEN 21 | BEST 79 | STAG 1 | EVALS 526

GEN 22 | BEST 79 | STAG 2 | EVALS 547
NEW BEST = 81

GEN 23 | BEST 81 | STAG 0 | EVALS 570

GEN 24 | BEST 81 | STAG 1 | EVALS 593

GEN 25 | BEST 81 | STAG 2 | EVALS 616
NEW BEST = 83

GEN 26 | BEST 83 | STAG 0 | EVALS 642

GEN 27 | BEST 83 | STAG 1 | EVALS 665

GEN 28 | BEST 83 | STAG 2 | EVALS 685

GEN 29 | BEST 83 | STAG 3 | EVALS 711

GEN 30 | BEST 83 | STAG 4 | EVALS 738
NEW BEST = 85

GEN 31 | BEST 85 | STAG 0 | EVALS 759

GEN 32 | BEST 85 | STAG 1 | EVALS 785

GEN 33 | BEST 85 | STAG 2 | EVALS 808

GEN 34 | BEST 85 | STAG 3 | EVALS 831

GEN 35 | BEST 85 | STAG 4 | EVALS 857

GEN 36 | BEST 85 | STAG 5 | EVALS 879

GEN 37 | BEST 85 | STAG 6 | EVALS 899

GEN 38 | BEST 85 | STAG 7 | EVALS 923

GEN 39 | BEST 85 | STAG 8 | EVALS 949

GEN 40 | BEST 85 | STAG 9 | EVALS 974

GEN 41 | BEST 85 | STAG 10 | EVALS 995

GEN 42 | BEST 85 | STAG 11 | EVALS 1018
NEW BEST = 86

GEN 43 | BEST 86 | STAG 0 | EVALS 1039

GEN 44 | BEST 86 | STAG 1 | EVALS 1065

GEN 45 | BEST 86 | STAG 2 | EVALS 1091

GEN 46 | BEST 86 | STAG 3 | EVALS 1116

GEN 47 | BEST 86 | STAG 4 | EVALS 1137

GEN 48 | BEST 86 | STAG 5 | EVALS 1159

GEN 49 | BEST 86 | STAG 6 | EVALS 1182

GEN 50 | BEST 86 | STAG 7 | EVALS 1208

GEN 51 | BEST 86 | STAG 8 | EVALS 1232
NEW BEST = 88

GEN 52 | BEST 88 | STAG 0 | EVALS 1256

GEN 53 | BEST 88 | STAG 1 | EVALS 1283

GEN 54 | BEST 88 | STAG 2 | EVALS 1304

GEN 55 | BEST 88 | STAG 3 | EVALS 1326

GEN 56 | BEST 88 | STAG 4 | EVALS 1354

GEN 57 | BEST 88 | STAG 5 | EVALS 1376

GEN 58 | BEST 88 | STAG 6 | EVALS 1400

GEN 59 | BEST 88 | STAG 7 | EVALS 1421

GEN 60 | BEST 88 | STAG 8 | EVALS 1446

GEN 61 | BEST 88 | STAG 9 | EVALS 1470

GEN 62 | BEST 88 | STAG 10 | EVALS 1492

GEN 63 | BEST 88 | STAG 11 | EVALS 1509

GEN 64 | BEST 88 | STAG 12 | EVALS 1534

GEN 65 | BEST 88 | STAG 13 | EVALS 1555

GEN 66 | BEST 88 | STAG 14 | EVALS 1581

GEN 67 | BEST 88 | STAG 15 | EVALS 1602

GEN 68 | BEST 88 | STAG 16 | EVALS 1621

GEN 69 | BEST 88 | STAG 17 | EVALS 1649

GEN 70 | BEST 88 | STAG 18 | EVALS 1670
NEW BEST = 89

GEN 71 | BEST 89 | STAG 0 | EVALS 1693

GEN 72 | BEST 89 | STAG 1 | EVALS 1718

GEN 73 | BEST 89 | STAG 2 | EVALS 1739

GEN 74 | BEST 89 | STAG 3 | EVALS 1766

GEN 75 | BEST 89 | STAG 4 | EVALS 1791

GEN 76 | BEST 89 | STAG 5 | EVALS 1816
NEW BEST = 90

GEN 77 | BEST 90 | STAG 0 | EVALS 1843

GEN 78 | BEST 90 | STAG 1 | EVALS 1868

GEN 79 | BEST 90 | STAG 2 | EVALS 1893

GEN 80 | BEST 90 | STAG 3 | EVALS 1918

GEN 81 | BEST 90 | STAG 4 | EVALS 1943

GEN 82 | BEST 90 | STAG 5 | EVALS 1967

GEN 83 | BEST 90 | STAG 6 | EVALS 1989

GEN 84 | BEST 90 | STAG 7 | EVALS 2015

GEN 85 | BEST 90 | STAG 8 | EVALS 2040

GEN 86 | BEST 90 | STAG 9 | EVALS 2058

GEN 87 | BEST 90 | STAG 10 | EVALS 2079

GEN 88 | BEST 90 | STAG 11 | EVALS 2102

GEN 89 | BEST 90 | STAG 12 | EVALS 2127

GEN 90 | BEST 90 | STAG 13 | EVALS 2146

GEN 91 | BEST 90 | STAG 14 | EVALS 2168

GEN 92 | BEST 90 | STAG 15 | EVALS 2186

GEN 93 | BEST 90 | STAG 16 | EVALS 2210

GEN 94 | BEST 90 | STAG 17 | EVALS 2234

GEN 95 | BEST 90 | STAG 18 | EVALS 2259

GEN 96 | BEST 90 | STAG 19 | EVALS 2283

GEN 97 | BEST 90 | STAG 20 | EVALS 2310

GEN 98 | BEST 90 | STAG 21 | EVALS 2334
NEW BEST = 91

GEN 99 | BEST 91 | STAG 0 | EVALS 2359

GEN 100 | BEST 91 | STAG 1 | EVALS 2381

GEN 101 | BEST 91 | STAG 2 | EVALS 2406

GEN 102 | BEST 91 | STAG 3 | EVALS 2432

GEN 103 | BEST 91 | STAG 4 | EVALS 2453

GEN 104 | BEST 91 | STAG 5 | EVALS 2477

GEN 105 | BEST 91 | STAG 6 | EVALS 2499

GEN 106 | BEST 91 | STAG 7 | EVALS 2524

GEN 107 | BEST 91 | STAG 8 | EVALS 2548

GEN 108 | BEST 91 | STAG 9 | EVALS 2571

GEN 109 | BEST 91 | STAG 10 | EVALS 2592

GEN 110 | BEST 91 | STAG 11 | EVALS 2613

GEN 111 | BEST 91 | STAG 12 | EVALS 2637

GEN 112 | BEST 91 | STAG 13 | EVALS 2661

GEN 113 | BEST 91 | STAG 14 | EVALS 2681

GEN 114 | BEST 91 | STAG 15 | EVALS 2704

GEN 115 | BEST 91 | STAG 16 | EVALS 2725

GEN 116 | BEST 91 | STAG 17 | EVALS 2743

GEN 117 | BEST 91 | STAG 18 | EVALS 2766

GEN 118 | BEST 91 | STAG 19 | EVALS 2792

GEN 119 | BEST 91 | STAG 20 | EVALS 2817

GEN 120 | BEST 91 | STAG 21 | EVALS 2838

GEN 121 | BEST 91 | STAG 22 | EVALS 2864

GEN 122 | BEST 91 | STAG 23 | EVALS 2889

GEN 123 | BEST 91 | STAG 24 | EVALS 2912

GEN 124 | BEST 91 | STAG 25 | EVALS 2935

GEN 125 | BEST 91 | STAG 26 | EVALS 2961
NEW BEST = 92

GEN 126 | BEST 92 | STAG 0 | EVALS 2986

Termination: MAX_EVALUATIONS

FINAL BEST FITNESS = 92
-92
[2026-06-09 13:46:17] 🚀 Probando Config: 8 | Instancia: /home/hanss/automatic-sokoban-solver/tuning/Instances/shell_577.txt | Parámetros: 2445 --stagLimit 72 --mu 14 --lambda 20 --mutRate 0.0303
